Build on ubuntu-latest for linux	Set up job	ï»¿2026-01-31T22:04:43.4739793Z Current runner version: '2.331.0'
Build on ubuntu-latest for linux	Set up job	2026-01-31T22:04:43.4762377Z ##[group]Runner Image Provisioner
Build on ubuntu-latest for linux	Set up job	2026-01-31T22:04:43.4763165Z Hosted Compute Agent
Build on ubuntu-latest for linux	Set up job	2026-01-31T22:04:43.4763732Z Version: 20260123.484
Build on ubuntu-latest for linux	Set up job	2026-01-31T22:04:43.4764253Z Commit: 6bd6555ca37d84114959e1c76d2c01448ff61c5d
Build on ubuntu-latest for linux	Set up job	2026-01-31T22:04:43.4764890Z Build Date: 2026-01-23T19:41:17Z
Build on ubuntu-latest for linux	Set up job	2026-01-31T22:04:43.4765479Z Worker ID: {80ab7c58-54ee-48b5-965d-743f51697065}
Build on ubuntu-latest for linux	Set up job	2026-01-31T22:04:43.4766128Z Azure Region: westus3
Build on ubuntu-latest for linux	Set up job	2026-01-31T22:04:43.4766592Z ##[endgroup]
Build on ubuntu-latest for linux	Set up job	2026-01-31T22:04:43.4767857Z ##[group]Operating System
Build on ubuntu-latest for linux	Set up job	2026-01-31T22:04:43.4768378Z Ubuntu
Build on ubuntu-latest for linux	Set up job	2026-01-31T22:04:43.4768806Z 24.04.3
Build on ubuntu-latest for linux	Set up job	2026-01-31T22:04:43.4769235Z LTS
Build on ubuntu-latest for linux	Set up job	2026-01-31T22:04:43.4769664Z ##[endgroup]
Build on ubuntu-latest for linux	Set up job	2026-01-31T22:04:43.4770103Z ##[group]Runner Image
Build on ubuntu-latest for linux	Set up job	2026-01-31T22:04:43.4770533Z Image: ubuntu-24.04
Build on ubuntu-latest for linux	Set up job	2026-01-31T22:04:43.4771034Z Version: 20260126.10.1
Build on ubuntu-latest for linux	Set up job	2026-01-31T22:04:43.4771907Z Included Software: https://github.com/actions/runner-images/blob/ubuntu24/20260126.10/images/ubuntu/Ubuntu2404-Readme.md
Build on ubuntu-latest for linux	Set up job	2026-01-31T22:04:43.4773514Z Image Release: https://github.com/actions/runner-images/releases/tag/ubuntu24%2F20260126.10
Build on ubuntu-latest for linux	Set up job	2026-01-31T22:04:43.4774306Z ##[endgroup]
Build on ubuntu-latest for linux	Set up job	2026-01-31T22:04:43.4775202Z ##[group]GITHUB_TOKEN Permissions
Build on ubuntu-latest for linux	Set up job	2026-01-31T22:04:43.4776944Z Contents: write
Build on ubuntu-latest for linux	Set up job	2026-01-31T22:04:43.4777406Z Metadata: read
Build on ubuntu-latest for linux	Set up job	2026-01-31T22:04:43.4777934Z ##[endgroup]
Build on ubuntu-latest for linux	Set up job	2026-01-31T22:04:43.4779842Z Secret source: Actions
Build on ubuntu-latest for linux	Set up job	2026-01-31T22:04:43.4780498Z Prepare workflow directory
Build on ubuntu-latest for linux	Set up job	2026-01-31T22:04:43.5070388Z Prepare all required actions
Build on ubuntu-latest for linux	Set up job	2026-01-31T22:04:43.5107147Z Getting action download info
Build on ubuntu-latest for linux	Set up job	2026-01-31T22:04:43.9937941Z Download action repository 'actions/checkout@v4' (SHA:34e114876b0b11c390a56381ad16ebd13914f8d5)
Build on ubuntu-latest for linux	Set up job	2026-01-31T22:04:44.0876267Z Download action repository 'actions/upload-artifact@v4' (SHA:ea165f8d65b6e75b540449e92b4886f43607fa02)
Build on ubuntu-latest for linux	Set up job	2026-01-31T22:04:44.2560587Z Complete job name: Build on ubuntu-latest for linux
Build on ubuntu-latest for linux	Checkout code	ï»¿2026-01-31T22:04:44.3161261Z ##[group]Run actions/checkout@v4
Build on ubuntu-latest for linux	Checkout code	2026-01-31T22:04:44.3162290Z with:
Build on ubuntu-latest for linux	Checkout code	2026-01-31T22:04:44.3162810Z   submodules: recursive
Build on ubuntu-latest for linux	Checkout code	2026-01-31T22:04:44.3163276Z   repository: oudeis01/motor-curve-control
Build on ubuntu-latest for linux	Checkout code	2026-01-31T22:04:44.3163999Z   token: ***
Build on ubuntu-latest for linux	Checkout code	2026-01-31T22:04:44.3164429Z   ssh-strict: true
Build on ubuntu-latest for linux	Checkout code	2026-01-31T22:04:44.3164858Z   ssh-user: git
Build on ubuntu-latest for linux	Checkout code	2026-01-31T22:04:44.3165327Z   persist-credentials: true
Build on ubuntu-latest for linux	Checkout code	2026-01-31T22:04:44.3165792Z   clean: true
Build on ubuntu-latest for linux	Checkout code	2026-01-31T22:04:44.3166230Z   sparse-checkout-cone-mode: true
Build on ubuntu-latest for linux	Checkout code	2026-01-31T22:04:44.3166686Z   fetch-depth: 1
Build on ubuntu-latest for linux	Checkout code	2026-01-31T22:04:44.3167163Z   fetch-tags: false
Build on ubuntu-latest for linux	Checkout code	2026-01-31T22:04:44.3167551Z   show-progress: true
Build on ubuntu-latest for linux	Checkout code	2026-01-31T22:04:44.3167971Z   lfs: false
Build on ubuntu-latest for linux	Checkout code	2026-01-31T22:04:44.3168380Z   set-safe-directory: true
Build on ubuntu-latest for linux	Checkout code	2026-01-31T22:04:44.3169128Z ##[endgroup]
Build on ubuntu-latest for linux	Checkout code	2026-01-31T22:04:44.4165855Z Syncing repository: oudeis01/motor-curve-control
Build on ubuntu-latest for linux	Checkout code	2026-01-31T22:04:44.4167838Z ##[group]Getting Git version info
Build on ubuntu-latest for linux	Checkout code	2026-01-31T22:04:44.4168608Z Working directory is '/home/runner/work/motor-curve-control/motor-curve-control'
Build on ubuntu-latest for linux	Checkout code	2026-01-31T22:04:44.4169880Z [command]/usr/bin/git version
Build on ubuntu-latest for linux	Checkout code	2026-01-31T22:04:44.4237889Z git version 2.52.0
Build on ubuntu-latest for linux	Checkout code	2026-01-31T22:04:44.4259820Z ##[endgroup]
Build on ubuntu-latest for linux	Checkout code	2026-01-31T22:04:44.4274179Z Temporarily overriding HOME='/home/runner/work/_temp/67d3fc39-817e-42ec-a43a-323b2c74dd39' before making global git config changes
Build on ubuntu-latest for linux	Checkout code	2026-01-31T22:04:44.4275481Z Adding repository directory to the temporary git global config as a safe directory
Build on ubuntu-latest for linux	Checkout code	2026-01-31T22:04:44.4286527Z [command]/usr/bin/git config --global --add safe.directory /home/runner/work/motor-curve-control/motor-curve-control
Build on ubuntu-latest for linux	Checkout code	2026-01-31T22:04:44.4321187Z Deleting the contents of '/home/runner/work/motor-curve-control/motor-curve-control'
Build on ubuntu-latest for linux	Checkout code	2026-01-31T22:04:44.4324297Z ##[group]Initializing the repository
Build on ubuntu-latest for linux	Checkout code	2026-01-31T22:04:44.4327844Z [command]/usr/bin/git init /home/runner/work/motor-curve-control/motor-curve-control
Build on ubuntu-latest for linux	Checkout code	2026-01-31T22:04:44.4422660Z hint: Using 'master' as the name for the initial branch. This default branch name
Build on ubuntu-latest for linux	Checkout code	2026-01-31T22:04:44.4424085Z hint: will change to "main" in Git 3.0. To configure the initial branch name
Build on ubuntu-latest for linux	Checkout code	2026-01-31T22:04:44.4425835Z hint: to use in all of your new repositories, which will suppress this warning,
Build on ubuntu-latest for linux	Checkout code	2026-01-31T22:04:44.4426920Z hint: call:
Build on ubuntu-latest for linux	Checkout code	2026-01-31T22:04:44.4427458Z hint:
Build on ubuntu-latest for linux	Checkout code	2026-01-31T22:04:44.4427924Z hint: 	git config --global init.defaultBranch <name>
Build on ubuntu-latest for linux	Checkout code	2026-01-31T22:04:44.4428512Z hint:
Build on ubuntu-latest for linux	Checkout code	2026-01-31T22:04:44.4429046Z hint: Names commonly chosen instead of 'master' are 'main', 'trunk' and
Build on ubuntu-latest for linux	Checkout code	2026-01-31T22:04:44.4429892Z hint: 'development'. The just-created branch can be renamed via this command:
Build on ubuntu-latest for linux	Checkout code	2026-01-31T22:04:44.4430527Z hint:
Build on ubuntu-latest for linux	Checkout code	2026-01-31T22:04:44.4431002Z hint: 	git branch -m <name>
Build on ubuntu-latest for linux	Checkout code	2026-01-31T22:04:44.4431805Z hint:
Build on ubuntu-latest for linux	Checkout code	2026-01-31T22:04:44.4432598Z hint: Disable this message with "git config set advice.defaultBranchName false"
Build on ubuntu-latest for linux	Checkout code	2026-01-31T22:04:44.4433672Z Initialized empty Git repository in /home/runner/work/motor-curve-control/motor-curve-control/.git/
Build on ubuntu-latest for linux	Checkout code	2026-01-31T22:04:44.4436700Z [command]/usr/bin/git remote add origin https://github.com/oudeis01/motor-curve-control
Build on ubuntu-latest for linux	Checkout code	2026-01-31T22:04:44.4466331Z ##[endgroup]
Build on ubuntu-latest for linux	Checkout code	2026-01-31T22:04:44.4467569Z ##[group]Disabling automatic garbage collection
Build on ubuntu-latest for linux	Checkout code	2026-01-31T22:04:44.4470930Z [command]/usr/bin/git config --local gc.auto 0
Build on ubuntu-latest for linux	Checkout code	2026-01-31T22:04:44.4499090Z ##[endgroup]
Build on ubuntu-latest for linux	Checkout code	2026-01-31T22:04:44.4499800Z ##[group]Setting up auth
Build on ubuntu-latest for linux	Checkout code	2026-01-31T22:04:44.4508817Z [command]/usr/bin/git config --local --name-only --get-regexp core\.sshCommand
Build on ubuntu-latest for linux	Checkout code	2026-01-31T22:04:44.4538070Z [command]/usr/bin/git submodule foreach --recursive sh -c "git config --local --name-only --get-regexp 'core\.sshCommand' && git config --local --unset-all 'core.sshCommand' || :"
Build on ubuntu-latest for linux	Checkout code	2026-01-31T22:04:44.4834396Z [command]/usr/bin/git config --local --name-only --get-regexp http\.https\:\/\/github\.com\/\.extraheader
Build on ubuntu-latest for linux	Checkout code	2026-01-31T22:04:44.4858811Z [command]/usr/bin/git submodule foreach --recursive sh -c "git config --local --name-only --get-regexp 'http\.https\:\/\/github\.com\/\.extraheader' && git config --local --unset-all 'http.https://github.com/.extraheader' || :"
Build on ubuntu-latest for linux	Checkout code	2026-01-31T22:04:44.5025400Z [command]/usr/bin/git config --local --name-only --get-regexp ^includeIf\.gitdir:
Build on ubuntu-latest for linux	Checkout code	2026-01-31T22:04:44.5048557Z [command]/usr/bin/git submodule foreach --recursive git config --local --show-origin --name-only --get-regexp remote.origin.url
Build on ubuntu-latest for linux	Checkout code	2026-01-31T22:04:44.5231618Z [command]/usr/bin/git config --local http.https://github.com/.extraheader AUTHORIZATION: basic ***
Build on ubuntu-latest for linux	Checkout code	2026-01-31T22:04:44.5260397Z ##[endgroup]
Build on ubuntu-latest for linux	Checkout code	2026-01-31T22:04:44.5261607Z ##[group]Fetching the repository
Build on ubuntu-latest for linux	Checkout code	2026-01-31T22:04:44.5270001Z [command]/usr/bin/git -c protocol.version=2 fetch --no-tags --prune --no-recurse-submodules --depth=1 origin +9f95807f0e67fa984ffcd2ccb731e1c53d010b52:refs/tags/v1.0.1
Build on ubuntu-latest for linux	Checkout code	2026-01-31T22:04:44.9289040Z From https://github.com/oudeis01/motor-curve-control
Build on ubuntu-latest for linux	Checkout code	2026-01-31T22:04:44.9291263Z  * [new ref]         9f95807f0e67fa984ffcd2ccb731e1c53d010b52 -> v1.0.1
Build on ubuntu-latest for linux	Checkout code	2026-01-31T22:04:44.9316166Z ##[endgroup]
Build on ubuntu-latest for linux	Checkout code	2026-01-31T22:04:44.9317341Z ##[group]Determining the checkout info
Build on ubuntu-latest for linux	Checkout code	2026-01-31T22:04:44.9318651Z ##[endgroup]
Build on ubuntu-latest for linux	Checkout code	2026-01-31T22:04:44.9323866Z [command]/usr/bin/git sparse-checkout disable
Build on ubuntu-latest for linux	Checkout code	2026-01-31T22:04:44.9360781Z [command]/usr/bin/git config --local --unset-all extensions.worktreeConfig
Build on ubuntu-latest for linux	Checkout code	2026-01-31T22:04:44.9388911Z ##[group]Checking out the ref
Build on ubuntu-latest for linux	Checkout code	2026-01-31T22:04:44.9389642Z [command]/usr/bin/git checkout --progress --force refs/tags/v1.0.1
Build on ubuntu-latest for linux	Checkout code	2026-01-31T22:04:45.5338488Z Note: switching to 'refs/tags/v1.0.1'.
Build on ubuntu-latest for linux	Checkout code	2026-01-31T22:04:45.5339121Z 
Build on ubuntu-latest for linux	Checkout code	2026-01-31T22:04:45.5339390Z You are in 'detached HEAD' state. You can look around, make experimental
Build on ubuntu-latest for linux	Checkout code	2026-01-31T22:04:45.5339922Z changes and commit them, and you can discard any commits you make in this
Build on ubuntu-latest for linux	Checkout code	2026-01-31T22:04:45.5340421Z state without impacting any branches by switching back to a branch.
Build on ubuntu-latest for linux	Checkout code	2026-01-31T22:04:45.5340877Z 
Build on ubuntu-latest for linux	Checkout code	2026-01-31T22:04:45.5341124Z If you want to create a new branch to retain commits you create, you may
Build on ubuntu-latest for linux	Checkout code	2026-01-31T22:04:45.5341604Z do so (now or later) by using -c with the switch command. Example:
Build on ubuntu-latest for linux	Checkout code	2026-01-31T22:04:45.5341884Z 
Build on ubuntu-latest for linux	Checkout code	2026-01-31T22:04:45.5342068Z   git switch -c <new-branch-name>
Build on ubuntu-latest for linux	Checkout code	2026-01-31T22:04:45.5342549Z 
Build on ubuntu-latest for linux	Checkout code	2026-01-31T22:04:45.5342878Z Or undo this operation with:
Build on ubuntu-latest for linux	Checkout code	2026-01-31T22:04:45.5343092Z 
Build on ubuntu-latest for linux	Checkout code	2026-01-31T22:04:45.5343192Z   git switch -
Build on ubuntu-latest for linux	Checkout code	2026-01-31T22:04:45.5343371Z 
Build on ubuntu-latest for linux	Checkout code	2026-01-31T22:04:45.5343623Z Turn off this advice by setting config variable advice.detachedHead to false
Build on ubuntu-latest for linux	Checkout code	2026-01-31T22:04:45.5343933Z 
Build on ubuntu-latest for linux	Checkout code	2026-01-31T22:04:45.5344168Z HEAD is now at 9f95807 build: disable unnecessary GLFW examples and tests in CI
Build on ubuntu-latest for linux	Checkout code	2026-01-31T22:04:45.5526184Z ##[endgroup]
Build on ubuntu-latest for linux	Checkout code	2026-01-31T22:04:45.5526781Z ##[group]Setting up auth for fetching submodules
Build on ubuntu-latest for linux	Checkout code	2026-01-31T22:04:45.5531350Z [command]/usr/bin/git config --global http.https://github.com/.extraheader AUTHORIZATION: basic ***
Build on ubuntu-latest for linux	Checkout code	2026-01-31T22:04:45.5560264Z [command]/usr/bin/git config --global --unset-all url.https://github.com/.insteadOf
Build on ubuntu-latest for linux	Checkout code	2026-01-31T22:04:45.5582472Z [command]/usr/bin/git config --global --add url.https://github.com/.insteadOf git@github.com:
Build on ubuntu-latest for linux	Checkout code	2026-01-31T22:04:45.5605253Z [command]/usr/bin/git config --global --add url.https://github.com/.insteadOf org-181175220@github.com:
Build on ubuntu-latest for linux	Checkout code	2026-01-31T22:04:45.5626543Z ##[endgroup]
Build on ubuntu-latest for linux	Checkout code	2026-01-31T22:04:45.5627281Z ##[group]Fetching submodules
Build on ubuntu-latest for linux	Checkout code	2026-01-31T22:04:45.5631252Z [command]/usr/bin/git submodule sync --recursive
Build on ubuntu-latest for linux	Checkout code	2026-01-31T22:04:45.5798688Z [command]/usr/bin/git -c protocol.version=2 submodule update --init --force --depth=1 --recursive
Build on ubuntu-latest for linux	Checkout code	2026-01-31T22:04:45.5967682Z [command]/usr/bin/git submodule foreach --recursive git config --local gc.auto 0
Build on ubuntu-latest for linux	Checkout code	2026-01-31T22:04:45.6129171Z ##[endgroup]
Build on ubuntu-latest for linux	Checkout code	2026-01-31T22:04:45.6129674Z ##[group]Persisting credentials for submodules
Build on ubuntu-latest for linux	Checkout code	2026-01-31T22:04:45.6135929Z [command]/usr/bin/git submodule foreach --recursive sh -c "git config --local --name-only --get-regexp 'url\.https\:\/\/github\.com\/\.insteadOf' && git config --local --unset-all 'url.https://github.com/.insteadOf' || :"
Build on ubuntu-latest for linux	Checkout code	2026-01-31T22:04:45.6298388Z [command]/usr/bin/git submodule foreach --recursive sh -c "git config --local 'http.https://github.com/.extraheader' 'AUTHORIZATION: basic ***' && git config --local --show-origin --name-only --get-regexp remote.origin.url"
Build on ubuntu-latest for linux	Checkout code	2026-01-31T22:04:45.6458678Z [command]/usr/bin/git submodule foreach --recursive git config --local --add 'url.https://github.com/.insteadOf' 'git@github.com:'
Build on ubuntu-latest for linux	Checkout code	2026-01-31T22:04:45.6623226Z [command]/usr/bin/git submodule foreach --recursive git config --local --add 'url.https://github.com/.insteadOf' 'org-181175220@github.com:'
Build on ubuntu-latest for linux	Checkout code	2026-01-31T22:04:45.6782440Z ##[endgroup]
Build on ubuntu-latest for linux	Checkout code	2026-01-31T22:04:45.6810214Z [command]/usr/bin/git log -1 --format=%H
Build on ubuntu-latest for linux	Checkout code	2026-01-31T22:04:45.6827377Z 9f95807f0e67fa984ffcd2ccb731e1c53d010b52
Build on ubuntu-latest for linux	Install Dependencies (Linux)	ï»¿2026-01-31T22:04:45.6991051Z ##[group]Run sudo apt-get update
Build on ubuntu-latest for linux	Install Dependencies (Linux)	2026-01-31T22:04:45.6991512Z [36;1msudo apt-get update[0m
Build on ubuntu-latest for linux	Install Dependencies (Linux)	2026-01-31T22:04:45.6992547Z [36;1msudo apt-get install -y libglfw3-dev libglew-dev libglu1-mesa-dev mesa-common-dev libx11-dev libxrandr-dev libxinerama-dev libxcursor-dev libxi-dev[0m
Build on ubuntu-latest for linux	Install Dependencies (Linux)	2026-01-31T22:04:45.7014947Z shell: /usr/bin/bash -e {0}
Build on ubuntu-latest for linux	Install Dependencies (Linux)	2026-01-31T22:04:45.7015298Z ##[endgroup]
Build on ubuntu-latest for linux	Install Dependencies (Linux)	2026-01-31T22:04:45.7617627Z Get:1 file:/etc/apt/apt-mirrors.txt Mirrorlist [144 B]
Build on ubuntu-latest for linux	Install Dependencies (Linux)	2026-01-31T22:04:45.7906482Z Hit:2 http://azure.archive.ubuntu.com/ubuntu noble InRelease
Build on ubuntu-latest for linux	Install Dependencies (Linux)	2026-01-31T22:04:45.7921054Z Get:3 http://azure.archive.ubuntu.com/ubuntu noble-updates InRelease [126 kB]
Build on ubuntu-latest for linux	Install Dependencies (Linux)	2026-01-31T22:04:45.7972601Z Hit:6 https://packages.microsoft.com/repos/azure-cli noble InRelease
Build on ubuntu-latest for linux	Install Dependencies (Linux)	2026-01-31T22:04:45.7975716Z Get:4 http://azure.archive.ubuntu.com/ubuntu noble-backports InRelease [126 kB]
Build on ubuntu-latest for linux	Install Dependencies (Linux)	2026-01-31T22:04:45.7994867Z Get:5 http://azure.archive.ubuntu.com/ubuntu noble-security InRelease [126 kB]
Build on ubuntu-latest for linux	Install Dependencies (Linux)	2026-01-31T22:04:45.8015741Z Get:7 https://packages.microsoft.com/ubuntu/24.04/prod noble InRelease [3600 B]
Build on ubuntu-latest for linux	Install Dependencies (Linux)	2026-01-31T22:04:45.8926636Z Get:8 http://azure.archive.ubuntu.com/ubuntu noble-updates/main amd64 Packages [1717 kB]
Build on ubuntu-latest for linux	Install Dependencies (Linux)	2026-01-31T22:04:46.2884518Z Get:9 http://azure.archive.ubuntu.com/ubuntu noble-updates/main Translation-en [317 kB]
Build on ubuntu-latest for linux	Install Dependencies (Linux)	2026-01-31T22:04:46.3944368Z Get:10 http://azure.archive.ubuntu.com/ubuntu noble-updates/main amd64 Components [175 kB]
Build on ubuntu-latest for linux	Install Dependencies (Linux)	2026-01-31T22:04:46.3966196Z Get:11 http://azure.archive.ubuntu.com/ubuntu noble-updates/main amd64 c-n-f Metadata [16.0 kB]
Build on ubuntu-latest for linux	Install Dependencies (Linux)	2026-01-31T22:04:46.3974669Z Get:12 http://azure.archive.ubuntu.com/ubuntu noble-updates/universe amd64 Packages [1525 kB]
Build on ubuntu-latest for linux	Install Dependencies (Linux)	2026-01-31T22:04:46.4055511Z Get:13 http://azure.archive.ubuntu.com/ubuntu noble-updates/universe Translation-en [312 kB]
Build on ubuntu-latest for linux	Install Dependencies (Linux)	2026-01-31T22:04:46.4081882Z Get:14 http://azure.archive.ubuntu.com/ubuntu noble-updates/universe amd64 Components [386 kB]
Build on ubuntu-latest for linux	Install Dependencies (Linux)	2026-01-31T22:04:46.4086174Z Get:44 https://packages.microsoft.com/ubuntu/24.04/prod noble/main amd64 Packages [87.8 kB]
Build on ubuntu-latest for linux	Install Dependencies (Linux)	2026-01-31T22:04:46.4115199Z Get:15 http://azure.archive.ubuntu.com/ubuntu noble-updates/universe amd64 c-n-f Metadata [31.8 kB]
Build on ubuntu-latest for linux	Install Dependencies (Linux)	2026-01-31T22:04:46.4125350Z Get:16 http://azure.archive.ubuntu.com/ubuntu noble-updates/restricted amd64 Packages [2536 kB]
Build on ubuntu-latest for linux	Install Dependencies (Linux)	2026-01-31T22:04:46.4142690Z Get:45 https://packages.microsoft.com/ubuntu/24.04/prod noble/main arm64 Packages [67.6 kB]
Build on ubuntu-latest for linux	Install Dependencies (Linux)	2026-01-31T22:04:46.4252696Z Get:17 http://azure.archive.ubuntu.com/ubuntu noble-updates/restricted Translation-en [580 kB]
Build on ubuntu-latest for linux	Install Dependencies (Linux)	2026-01-31T22:04:46.4706884Z Get:18 http://azure.archive.ubuntu.com/ubuntu noble-updates/restricted amd64 Components [212 B]
Build on ubuntu-latest for linux	Install Dependencies (Linux)	2026-01-31T22:04:46.4714715Z Get:19 http://azure.archive.ubuntu.com/ubuntu noble-updates/restricted amd64 c-n-f Metadata [556 B]
Build on ubuntu-latest for linux	Install Dependencies (Linux)	2026-01-31T22:04:46.4724895Z Get:20 http://azure.archive.ubuntu.com/ubuntu noble-updates/multiverse amd64 Packages [32.1 kB]
Build on ubuntu-latest for linux	Install Dependencies (Linux)	2026-01-31T22:04:46.4736582Z Get:21 http://azure.archive.ubuntu.com/ubuntu noble-updates/multiverse Translation-en [6816 B]
Build on ubuntu-latest for linux	Install Dependencies (Linux)	2026-01-31T22:04:46.4745129Z Get:22 http://azure.archive.ubuntu.com/ubuntu noble-updates/multiverse amd64 Components [940 B]
Build on ubuntu-latest for linux	Install Dependencies (Linux)	2026-01-31T22:04:46.4754216Z Get:23 http://azure.archive.ubuntu.com/ubuntu noble-updates/multiverse amd64 c-n-f Metadata [496 B]
Build on ubuntu-latest for linux	Install Dependencies (Linux)	2026-01-31T22:04:46.4762756Z Get:24 http://azure.archive.ubuntu.com/ubuntu noble-backports/main amd64 Components [7300 B]
Build on ubuntu-latest for linux	Install Dependencies (Linux)	2026-01-31T22:04:46.4771876Z Get:25 http://azure.archive.ubuntu.com/ubuntu noble-backports/universe amd64 Components [10.5 kB]
Build on ubuntu-latest for linux	Install Dependencies (Linux)	2026-01-31T22:04:46.4780882Z Get:26 http://azure.archive.ubuntu.com/ubuntu noble-backports/restricted amd64 Components [216 B]
Build on ubuntu-latest for linux	Install Dependencies (Linux)	2026-01-31T22:04:46.4789469Z Get:27 http://azure.archive.ubuntu.com/ubuntu noble-backports/multiverse amd64 Components [212 B]
Build on ubuntu-latest for linux	Install Dependencies (Linux)	2026-01-31T22:04:46.4799313Z Get:28 http://azure.archive.ubuntu.com/ubuntu noble-security/main amd64 Packages [1410 kB]
Build on ubuntu-latest for linux	Install Dependencies (Linux)	2026-01-31T22:04:46.4873270Z Get:29 http://azure.archive.ubuntu.com/ubuntu noble-security/main Translation-en [229 kB]
Build on ubuntu-latest for linux	Install Dependencies (Linux)	2026-01-31T22:04:46.4891417Z Get:30 http://azure.archive.ubuntu.com/ubuntu noble-security/main amd64 Components [21.5 kB]
Build on ubuntu-latest for linux	Install Dependencies (Linux)	2026-01-31T22:04:46.4901229Z Get:31 http://azure.archive.ubuntu.com/ubuntu noble-security/main amd64 c-n-f Metadata [9820 B]
Build on ubuntu-latest for linux	Install Dependencies (Linux)	2026-01-31T22:04:46.5387649Z Get:32 http://azure.archive.ubuntu.com/ubuntu noble-security/universe amd64 Packages [925 kB]
Build on ubuntu-latest for linux	Install Dependencies (Linux)	2026-01-31T22:04:46.5437731Z Get:33 http://azure.archive.ubuntu.com/ubuntu noble-security/universe Translation-en [209 kB]
Build on ubuntu-latest for linux	Install Dependencies (Linux)	2026-01-31T22:04:46.5455808Z Get:34 http://azure.archive.ubuntu.com/ubuntu noble-security/universe amd64 Components [74.2 kB]
Build on ubuntu-latest for linux	Install Dependencies (Linux)	2026-01-31T22:04:46.5474627Z Get:35 http://azure.archive.ubuntu.com/ubuntu noble-security/universe amd64 c-n-f Metadata [19.7 kB]
Build on ubuntu-latest for linux	Install Dependencies (Linux)	2026-01-31T22:04:46.5486721Z Get:36 http://azure.archive.ubuntu.com/ubuntu noble-security/restricted amd64 Packages [2369 kB]
Build on ubuntu-latest for linux	Install Dependencies (Linux)	2026-01-31T22:04:46.5600922Z Get:37 http://azure.archive.ubuntu.com/ubuntu noble-security/restricted Translation-en [543 kB]
Build on ubuntu-latest for linux	Install Dependencies (Linux)	2026-01-31T22:04:46.5635136Z Get:38 http://azure.archive.ubuntu.com/ubuntu noble-security/restricted amd64 Components [208 B]
Build on ubuntu-latest for linux	Install Dependencies (Linux)	2026-01-31T22:04:46.5645237Z Get:39 http://azure.archive.ubuntu.com/ubuntu noble-security/restricted amd64 c-n-f Metadata [536 B]
Build on ubuntu-latest for linux	Install Dependencies (Linux)	2026-01-31T22:04:46.5654136Z Get:40 http://azure.archive.ubuntu.com/ubuntu noble-security/multiverse amd64 Packages [28.8 kB]
Build on ubuntu-latest for linux	Install Dependencies (Linux)	2026-01-31T22:04:46.5663016Z Get:41 http://azure.archive.ubuntu.com/ubuntu noble-security/multiverse Translation-en [6492 B]
Build on ubuntu-latest for linux	Install Dependencies (Linux)	2026-01-31T22:04:46.5676332Z Get:42 http://azure.archive.ubuntu.com/ubuntu noble-security/multiverse amd64 Components [212 B]
Build on ubuntu-latest for linux	Install Dependencies (Linux)	2026-01-31T22:04:46.5684214Z Get:43 http://azure.archive.ubuntu.com/ubuntu noble-security/multiverse amd64 c-n-f Metadata [396 B]
Build on ubuntu-latest for linux	Install Dependencies (Linux)	2026-01-31T22:04:54.4126186Z Fetched 14.0 MB in 2s (7266 kB/s)
Build on ubuntu-latest for linux	Install Dependencies (Linux)	2026-01-31T22:04:55.1917204Z Reading package lists...
Build on ubuntu-latest for linux	Install Dependencies (Linux)	2026-01-31T22:04:55.2216852Z Reading package lists...
Build on ubuntu-latest for linux	Install Dependencies (Linux)	2026-01-31T22:04:55.3929292Z Building dependency tree...
Build on ubuntu-latest for linux	Install Dependencies (Linux)	2026-01-31T22:04:55.3936784Z Reading state information...
Build on ubuntu-latest for linux	Install Dependencies (Linux)	2026-01-31T22:04:55.5559908Z The following additional packages will be installed:
Build on ubuntu-latest for linux	Install Dependencies (Linux)	2026-01-31T22:04:55.5561026Z   libdrm-amdgpu1 libdrm-common libdrm-dev libdrm-intel1 libdrm-nouveau2
Build on ubuntu-latest for linux	Install Dependencies (Linux)	2026-01-31T22:04:55.5561871Z   libdrm-radeon1 libdrm2 libegl-dev libegl-mesa0 libegl1 libegl1-mesa-dev
Build on ubuntu-latest for linux	Install Dependencies (Linux)	2026-01-31T22:04:55.5562862Z   libgbm1 libgl-dev libgl1-mesa-dri libgles-dev libgles1 libgles2 libglew2.2
Build on ubuntu-latest for linux	Install Dependencies (Linux)	2026-01-31T22:04:55.5563641Z   libglfw3 libglu1-mesa libglvnd-core-dev libglvnd-dev libglx-dev libglx-mesa0
Build on ubuntu-latest for linux	Install Dependencies (Linux)	2026-01-31T22:04:55.5564392Z   libopengl-dev libopengl0 libpciaccess-dev libpthread-stubs0-dev
Build on ubuntu-latest for linux	Install Dependencies (Linux)	2026-01-31T22:04:55.5564972Z   libvulkan-dev libwayland-bin libwayland-dev libxau-dev libxcb1-dev
Build on ubuntu-latest for linux	Install Dependencies (Linux)	2026-01-31T22:04:55.5567999Z   libxdmcp-dev libxext-dev libxfixes-dev libxrender-dev mesa-libgallium
Build on ubuntu-latest for linux	Install Dependencies (Linux)	2026-01-31T22:04:55.5568586Z   x11proto-dev xorg-sgml-doctools xtrans-dev
Build on ubuntu-latest for linux	Install Dependencies (Linux)	2026-01-31T22:04:55.5575637Z Suggested packages:
Build on ubuntu-latest for linux	Install Dependencies (Linux)	2026-01-31T22:04:55.5576097Z   glew-utils libosmesa6 libglfw3-doc libwayland-doc libx11-doc libxcb-doc
Build on ubuntu-latest for linux	Install Dependencies (Linux)	2026-01-31T22:04:55.5576600Z   libxext-doc
Build on ubuntu-latest for linux	Install Dependencies (Linux)	2026-01-31T22:04:55.5803243Z The following NEW packages will be installed:
Build on ubuntu-latest for linux	Install Dependencies (Linux)	2026-01-31T22:04:55.5804166Z   libdrm-dev libdrm-nouveau2 libdrm-radeon1 libegl-dev libegl-mesa0 libegl1
Build on ubuntu-latest for linux	Install Dependencies (Linux)	2026-01-31T22:04:55.5804899Z   libegl1-mesa-dev libgl-dev libgles-dev libgles1 libgles2 libglew-dev
Build on ubuntu-latest for linux	Install Dependencies (Linux)	2026-01-31T22:04:55.5805584Z   libglew2.2 libglfw3 libglfw3-dev libglu1-mesa libglu1-mesa-dev
Build on ubuntu-latest for linux	Install Dependencies (Linux)	2026-01-31T22:04:55.5806290Z   libglvnd-core-dev libglvnd-dev libglx-dev libopengl-dev libopengl0
Build on ubuntu-latest for linux	Install Dependencies (Linux)	2026-01-31T22:04:55.5808636Z   libpciaccess-dev libpthread-stubs0-dev libvulkan-dev libwayland-bin
Build on ubuntu-latest for linux	Install Dependencies (Linux)	2026-01-31T22:04:55.5809436Z   libwayland-dev libx11-dev libxau-dev libxcb1-dev libxcursor-dev libxdmcp-dev
Build on ubuntu-latest for linux	Install Dependencies (Linux)	2026-01-31T22:04:55.5810090Z   libxext-dev libxfixes-dev libxi-dev libxinerama-dev libxrandr-dev
Build on ubuntu-latest for linux	Install Dependencies (Linux)	2026-01-31T22:04:55.5812947Z   libxrender-dev mesa-common-dev x11proto-dev xorg-sgml-doctools xtrans-dev
Build on ubuntu-latest for linux	Install Dependencies (Linux)	2026-01-31T22:04:55.5817764Z The following packages will be upgraded:
Build on ubuntu-latest for linux	Install Dependencies (Linux)	2026-01-31T22:04:55.5819000Z   libdrm-amdgpu1 libdrm-common libdrm-intel1 libdrm2 libgbm1 libgl1-mesa-dri
Build on ubuntu-latest for linux	Install Dependencies (Linux)	2026-01-31T22:04:55.5824901Z   libglx-mesa0 mesa-libgallium
Build on ubuntu-latest for linux	Install Dependencies (Linux)	2026-01-31T22:04:55.5977551Z 8 upgraded, 42 newly installed, 0 to remove and 78 not upgraded.
Build on ubuntu-latest for linux	Install Dependencies (Linux)	2026-01-31T22:04:55.5978071Z Need to get 19.3 MB of archives.
Build on ubuntu-latest for linux	Install Dependencies (Linux)	2026-01-31T22:04:55.5978568Z After this operation, 50.4 MB of additional disk space will be used.
Build on ubuntu-latest for linux	Install Dependencies (Linux)	2026-01-31T22:04:55.5979104Z Get:1 file:/etc/apt/apt-mirrors.txt Mirrorlist [144 B]
Build on ubuntu-latest for linux	Install Dependencies (Linux)	2026-01-31T22:04:55.6717677Z Get:2 http://azure.archive.ubuntu.com/ubuntu noble-updates/main amd64 libdrm-common all 2.4.125-1ubuntu0.1~24.04.1 [9174 B]
Build on ubuntu-latest for linux	Install Dependencies (Linux)	2026-01-31T22:04:55.7231146Z Get:3 http://azure.archive.ubuntu.com/ubuntu noble-updates/main amd64 libdrm2 amd64 2.4.125-1ubuntu0.1~24.04.1 [41.3 kB]
Build on ubuntu-latest for linux	Install Dependencies (Linux)	2026-01-31T22:04:55.7745227Z Get:4 http://azure.archive.ubuntu.com/ubuntu noble-updates/main amd64 libdrm-amdgpu1 amd64 2.4.125-1ubuntu0.1~24.04.1 [21.4 kB]
Build on ubuntu-latest for linux	Install Dependencies (Linux)	2026-01-31T22:04:55.8266124Z Get:5 http://azure.archive.ubuntu.com/ubuntu noble-updates/main amd64 libdrm-intel1 amd64 2.4.125-1ubuntu0.1~24.04.1 [63.8 kB]
Build on ubuntu-latest for linux	Install Dependencies (Linux)	2026-01-31T22:04:55.8781196Z Get:6 http://azure.archive.ubuntu.com/ubuntu noble-updates/main amd64 libdrm-radeon1 amd64 2.4.125-1ubuntu0.1~24.04.1 [20.8 kB]
Build on ubuntu-latest for linux	Install Dependencies (Linux)	2026-01-31T22:04:55.9292886Z Get:7 http://azure.archive.ubuntu.com/ubuntu noble-updates/main amd64 libdrm-nouveau2 amd64 2.4.125-1ubuntu0.1~24.04.1 [17.7 kB]
Build on ubuntu-latest for linux	Install Dependencies (Linux)	2026-01-31T22:04:55.9803214Z Get:8 http://azure.archive.ubuntu.com/ubuntu noble-updates/main amd64 libpciaccess-dev amd64 0.17-3ubuntu0.24.04.2 [22.0 kB]
Build on ubuntu-latest for linux	Install Dependencies (Linux)	2026-01-31T22:04:56.0314570Z Get:9 http://azure.archive.ubuntu.com/ubuntu noble-updates/main amd64 libdrm-dev amd64 2.4.125-1ubuntu0.1~24.04.1 [314 kB]
Build on ubuntu-latest for linux	Install Dependencies (Linux)	2026-01-31T22:04:56.0861657Z Get:10 http://azure.archive.ubuntu.com/ubuntu noble-updates/main amd64 libgl1-mesa-dri amd64 25.2.8-0ubuntu0.24.04.1 [37.9 kB]
Build on ubuntu-latest for linux	Install Dependencies (Linux)	2026-01-31T22:04:56.1380997Z Get:11 http://azure.archive.ubuntu.com/ubuntu noble-updates/main amd64 libglx-mesa0 amd64 25.2.8-0ubuntu0.24.04.1 [110 kB]
Build on ubuntu-latest for linux	Install Dependencies (Linux)	2026-01-31T22:04:56.1896438Z Get:12 http://azure.archive.ubuntu.com/ubuntu noble-updates/main amd64 libgbm1 amd64 25.2.8-0ubuntu0.24.04.1 [34.2 kB]
Build on ubuntu-latest for linux	Install Dependencies (Linux)	2026-01-31T22:04:56.2418420Z Get:13 http://azure.archive.ubuntu.com/ubuntu noble-updates/main amd64 mesa-libgallium amd64 25.2.8-0ubuntu0.24.04.1 [10.8 MB]
Build on ubuntu-latest for linux	Install Dependencies (Linux)	2026-01-31T22:04:56.4617888Z Get:14 http://azure.archive.ubuntu.com/ubuntu noble-updates/main amd64 libegl-mesa0 amd64 25.2.8-0ubuntu0.24.04.1 [117 kB]
Build on ubuntu-latest for linux	Install Dependencies (Linux)	2026-01-31T22:04:56.5140467Z Get:15 http://azure.archive.ubuntu.com/ubuntu noble/main amd64 libegl1 amd64 1.7.0-1build1 [28.7 kB]
Build on ubuntu-latest for linux	Install Dependencies (Linux)	2026-01-31T22:04:56.5654296Z Get:16 http://azure.archive.ubuntu.com/ubuntu noble/main amd64 xorg-sgml-doctools all 1:1.11-1.1 [10.9 kB]
Build on ubuntu-latest for linux	Install Dependencies (Linux)	2026-01-31T22:04:56.6170652Z Get:17 http://azure.archive.ubuntu.com/ubuntu noble/main amd64 x11proto-dev all 2023.2-1 [602 kB]
Build on ubuntu-latest for linux	Install Dependencies (Linux)	2026-01-31T22:04:56.6760212Z Get:18 http://azure.archive.ubuntu.com/ubuntu noble/main amd64 libxau-dev amd64 1:1.0.9-1build6 [9570 B]
Build on ubuntu-latest for linux	Install Dependencies (Linux)	2026-01-31T22:04:56.7272714Z Get:19 http://azure.archive.ubuntu.com/ubuntu noble/main amd64 libxdmcp-dev amd64 1:1.1.3-0ubuntu6 [26.5 kB]
Build on ubuntu-latest for linux	Install Dependencies (Linux)	2026-01-31T22:04:56.7786745Z Get:20 http://azure.archive.ubuntu.com/ubuntu noble/main amd64 xtrans-dev all 1.4.0-1 [68.9 kB]
Build on ubuntu-latest for linux	Install Dependencies (Linux)	2026-01-31T22:04:56.8307379Z Get:21 http://azure.archive.ubuntu.com/ubuntu noble/main amd64 libpthread-stubs0-dev amd64 0.4-1build3 [4746 B]
Build on ubuntu-latest for linux	Install Dependencies (Linux)	2026-01-31T22:04:56.8820052Z Get:22 http://azure.archive.ubuntu.com/ubuntu noble/main amd64 libxcb1-dev amd64 1.15-1ubuntu2 [85.8 kB]
Build on ubuntu-latest for linux	Install Dependencies (Linux)	2026-01-31T22:04:56.9353499Z Get:23 http://azure.archive.ubuntu.com/ubuntu noble/main amd64 libx11-dev amd64 2:1.8.7-1build1 [732 kB]
Build on ubuntu-latest for linux	Install Dependencies (Linux)	2026-01-31T22:04:56.9954303Z Get:24 http://azure.archive.ubuntu.com/ubuntu noble/main amd64 libglx-dev amd64 1.7.0-1build1 [14.2 kB]
Build on ubuntu-latest for linux	Install Dependencies (Linux)	2026-01-31T22:04:57.0464792Z Get:25 http://azure.archive.ubuntu.com/ubuntu noble/main amd64 libgl-dev amd64 1.7.0-1build1 [102 kB]
Build on ubuntu-latest for linux	Install Dependencies (Linux)	2026-01-31T22:04:57.0983608Z Get:26 http://azure.archive.ubuntu.com/ubuntu noble/main amd64 libegl-dev amd64 1.7.0-1build1 [18.2 kB]
Build on ubuntu-latest for linux	Install Dependencies (Linux)	2026-01-31T22:04:57.1505963Z Get:27 http://azure.archive.ubuntu.com/ubuntu noble/main amd64 libglvnd-core-dev amd64 1.7.0-1build1 [13.6 kB]
Build on ubuntu-latest for linux	Install Dependencies (Linux)	2026-01-31T22:04:57.2018793Z Get:28 http://azure.archive.ubuntu.com/ubuntu noble/main amd64 libgles1 amd64 1.7.0-1build1 [11.6 kB]
Build on ubuntu-latest for linux	Install Dependencies (Linux)	2026-01-31T22:04:57.2527347Z Get:29 http://azure.archive.ubuntu.com/ubuntu noble/main amd64 libgles2 amd64 1.7.0-1build1 [17.1 kB]
Build on ubuntu-latest for linux	Install Dependencies (Linux)	2026-01-31T22:04:57.3049545Z Get:30 http://azure.archive.ubuntu.com/ubuntu noble/main amd64 libgles-dev amd64 1.7.0-1build1 [50.5 kB]
Build on ubuntu-latest for linux	Install Dependencies (Linux)	2026-01-31T22:04:57.3561944Z Get:31 http://azure.archive.ubuntu.com/ubuntu noble/main amd64 libopengl0 amd64 1.7.0-1build1 [32.8 kB]
Build on ubuntu-latest for linux	Install Dependencies (Linux)	2026-01-31T22:04:57.4075821Z Get:32 http://azure.archive.ubuntu.com/ubuntu noble/main amd64 libopengl-dev amd64 1.7.0-1build1 [3454 B]
Build on ubuntu-latest for linux	Install Dependencies (Linux)	2026-01-31T22:04:57.4585169Z Get:33 http://azure.archive.ubuntu.com/ubuntu noble/main amd64 libglvnd-dev amd64 1.7.0-1build1 [3198 B]
Build on ubuntu-latest for linux	Install Dependencies (Linux)	2026-01-31T22:04:57.5104070Z Get:34 http://azure.archive.ubuntu.com/ubuntu noble-updates/main amd64 libegl1-mesa-dev amd64 25.2.8-0ubuntu0.24.04.1 [26.4 kB]
Build on ubuntu-latest for linux	Install Dependencies (Linux)	2026-01-31T22:04:57.5620708Z Get:35 http://azure.archive.ubuntu.com/ubuntu noble/universe amd64 libglew2.2 amd64 2.2.0-4build1 [187 kB]
Build on ubuntu-latest for linux	Install Dependencies (Linux)	2026-01-31T22:04:57.6146602Z Get:36 http://azure.archive.ubuntu.com/ubuntu noble/main amd64 libglu1-mesa amd64 9.0.2-1.1build1 [152 kB]
Build on ubuntu-latest for linux	Install Dependencies (Linux)	2026-01-31T22:04:57.6675602Z Get:37 http://azure.archive.ubuntu.com/ubuntu noble/main amd64 libglu1-mesa-dev amd64 9.0.2-1.1build1 [237 kB]
Build on ubuntu-latest for linux	Install Dependencies (Linux)	2026-01-31T22:04:57.7206250Z Get:38 http://azure.archive.ubuntu.com/ubuntu noble/universe amd64 libglew-dev amd64 2.2.0-4build1 [280 kB]
Build on ubuntu-latest for linux	Install Dependencies (Linux)	2026-01-31T22:04:57.7751353Z Get:39 http://azure.archive.ubuntu.com/ubuntu noble/universe amd64 libglfw3 amd64 3.3.10-1build1 [80.5 kB]
Build on ubuntu-latest for linux	Install Dependencies (Linux)	2026-01-31T22:04:57.8273561Z Get:40 http://azure.archive.ubuntu.com/ubuntu noble/universe amd64 libglfw3-dev amd64 3.3.10-1build1 [41.5 kB]
Build on ubuntu-latest for linux	Install Dependencies (Linux)	2026-01-31T22:04:57.8795930Z Get:41 http://azure.archive.ubuntu.com/ubuntu noble/main amd64 libvulkan-dev amd64 1.3.275.0-1build1 [1239 kB]
Build on ubuntu-latest for linux	Install Dependencies (Linux)	2026-01-31T22:04:57.9481403Z Get:42 http://azure.archive.ubuntu.com/ubuntu noble/main amd64 libxrender-dev amd64 1:0.9.10-1.1build1 [26.3 kB]
Build on ubuntu-latest for linux	Install Dependencies (Linux)	2026-01-31T22:04:57.9997690Z Get:43 http://azure.archive.ubuntu.com/ubuntu noble/main amd64 libxfixes-dev amd64 1:6.0.0-2build1 [12.1 kB]
Build on ubuntu-latest for linux	Install Dependencies (Linux)	2026-01-31T22:04:58.0510068Z Get:44 http://azure.archive.ubuntu.com/ubuntu noble/main amd64 libxcursor-dev amd64 1:1.2.1-1build1 [31.8 kB]
Build on ubuntu-latest for linux	Install Dependencies (Linux)	2026-01-31T22:04:58.1022520Z Get:45 http://azure.archive.ubuntu.com/ubuntu noble/main amd64 libxext-dev amd64 2:1.3.4-1build2 [83.5 kB]
Build on ubuntu-latest for linux	Install Dependencies (Linux)	2026-01-31T22:04:58.1544230Z Get:46 http://azure.archive.ubuntu.com/ubuntu noble/main amd64 libxi-dev amd64 2:1.8.1-1build1 [194 kB]
Build on ubuntu-latest for linux	Install Dependencies (Linux)	2026-01-31T22:04:58.2074147Z Get:47 http://azure.archive.ubuntu.com/ubuntu noble/main amd64 libxinerama-dev amd64 2:1.1.4-3build1 [7988 B]
Build on ubuntu-latest for linux	Install Dependencies (Linux)	2026-01-31T22:04:58.2583100Z Get:48 http://azure.archive.ubuntu.com/ubuntu noble/main amd64 libxrandr-dev amd64 2:1.5.2-2build1 [26.4 kB]
Build on ubuntu-latest for linux	Install Dependencies (Linux)	2026-01-31T22:04:58.3100844Z Get:49 http://azure.archive.ubuntu.com/ubuntu noble-updates/main amd64 mesa-common-dev amd64 25.2.8-0ubuntu0.24.04.1 [3133 kB]
Build on ubuntu-latest for linux	Install Dependencies (Linux)	2026-01-31T22:04:58.4113230Z Get:50 http://azure.archive.ubuntu.com/ubuntu noble/main amd64 libwayland-bin amd64 1.22.0-2.1build1 [20.6 kB]
Build on ubuntu-latest for linux	Install Dependencies (Linux)	2026-01-31T22:04:58.4624694Z Get:51 http://azure.archive.ubuntu.com/ubuntu noble/main amd64 libwayland-dev amd64 1.22.0-2.1build1 [71.3 kB]
Build on ubuntu-latest for linux	Install Dependencies (Linux)	2026-01-31T22:04:58.7373579Z Fetched 19.3 MB in 3s (6709 kB/s)
Build on ubuntu-latest for linux	Install Dependencies (Linux)	2026-01-31T22:04:58.7825475Z (Reading database ... 
Build on ubuntu-latest for linux	Install Dependencies (Linux)	2026-01-31T22:04:58.7825854Z (Reading database ... 5%
Build on ubuntu-latest for linux	Install Dependencies (Linux)	2026-01-31T22:04:58.7826146Z (Reading database ... 10%
Build on ubuntu-latest for linux	Install Dependencies (Linux)	2026-01-31T22:04:58.7826399Z (Reading database ... 15%
Build on ubuntu-latest for linux	Install Dependencies (Linux)	2026-01-31T22:04:58.7826643Z (Reading database ... 20%
Build on ubuntu-latest for linux	Install Dependencies (Linux)	2026-01-31T22:04:58.7826881Z (Reading database ... 25%
Build on ubuntu-latest for linux	Install Dependencies (Linux)	2026-01-31T22:04:58.7827118Z (Reading database ... 30%
Build on ubuntu-latest for linux	Install Dependencies (Linux)	2026-01-31T22:04:58.7827347Z (Reading database ... 35%
Build on ubuntu-latest for linux	Install Dependencies (Linux)	2026-01-31T22:04:58.7827578Z (Reading database ... 40%
Build on ubuntu-latest for linux	Install Dependencies (Linux)	2026-01-31T22:04:58.7827798Z (Reading database ... 45%
Build on ubuntu-latest for linux	Install Dependencies (Linux)	2026-01-31T22:04:58.7828024Z (Reading database ... 50%
Build on ubuntu-latest for linux	Install Dependencies (Linux)	2026-01-31T22:04:58.7913820Z (Reading database ... 55%
Build on ubuntu-latest for linux	Install Dependencies (Linux)	2026-01-31T22:04:58.8890143Z (Reading database ... 60%
Build on ubuntu-latest for linux	Install Dependencies (Linux)	2026-01-31T22:04:58.9576478Z (Reading database ... 65%
Build on ubuntu-latest for linux	Install Dependencies (Linux)	2026-01-31T22:04:58.9961901Z (Reading database ... 70%
Build on ubuntu-latest for linux	Install Dependencies (Linux)	2026-01-31T22:04:59.0336477Z (Reading database ... 75%
Build on ubuntu-latest for linux	Install Dependencies (Linux)	2026-01-31T22:04:59.0964120Z (Reading database ... 80%
Build on ubuntu-latest for linux	Install Dependencies (Linux)	2026-01-31T22:04:59.2322665Z (Reading database ... 85%
Build on ubuntu-latest for linux	Install Dependencies (Linux)	2026-01-31T22:04:59.3508194Z (Reading database ... 90%
Build on ubuntu-latest for linux	Install Dependencies (Linux)	2026-01-31T22:04:59.4993563Z (Reading database ... 95%
Build on ubuntu-latest for linux	Install Dependencies (Linux)	2026-01-31T22:04:59.4994108Z (Reading database ... 100%
Build on ubuntu-latest for linux	Install Dependencies (Linux)	2026-01-31T22:04:59.4994676Z (Reading database ... 217639 files and directories currently installed.)
Build on ubuntu-latest for linux	Install Dependencies (Linux)	2026-01-31T22:04:59.5038166Z Preparing to unpack .../00-libdrm-common_2.4.125-1ubuntu0.1~24.04.1_all.deb ...
Build on ubuntu-latest for linux	Install Dependencies (Linux)	2026-01-31T22:04:59.5079246Z Unpacking libdrm-common (2.4.125-1ubuntu0.1~24.04.1) over (2.4.122-1~ubuntu0.24.04.2) ...
Build on ubuntu-latest for linux	Install Dependencies (Linux)	2026-01-31T22:04:59.5400121Z Preparing to unpack .../01-libdrm2_2.4.125-1ubuntu0.1~24.04.1_amd64.deb ...
Build on ubuntu-latest for linux	Install Dependencies (Linux)	2026-01-31T22:04:59.5442479Z Unpacking libdrm2:amd64 (2.4.125-1ubuntu0.1~24.04.1) over (2.4.122-1~ubuntu0.24.04.2) ...
Build on ubuntu-latest for linux	Install Dependencies (Linux)	2026-01-31T22:04:59.5761181Z Preparing to unpack .../02-libdrm-amdgpu1_2.4.125-1ubuntu0.1~24.04.1_amd64.deb ...
Build on ubuntu-latest for linux	Install Dependencies (Linux)	2026-01-31T22:04:59.5800415Z Unpacking libdrm-amdgpu1:amd64 (2.4.125-1ubuntu0.1~24.04.1) over (2.4.122-1~ubuntu0.24.04.2) ...
Build on ubuntu-latest for linux	Install Dependencies (Linux)	2026-01-31T22:04:59.6106920Z Preparing to unpack .../03-libdrm-intel1_2.4.125-1ubuntu0.1~24.04.1_amd64.deb ...
Build on ubuntu-latest for linux	Install Dependencies (Linux)	2026-01-31T22:04:59.6137531Z Unpacking libdrm-intel1:amd64 (2.4.125-1ubuntu0.1~24.04.1) over (2.4.122-1~ubuntu0.24.04.2) ...
Build on ubuntu-latest for linux	Install Dependencies (Linux)	2026-01-31T22:04:59.6347596Z Selecting previously unselected package libdrm-radeon1:amd64.
Build on ubuntu-latest for linux	Install Dependencies (Linux)	2026-01-31T22:04:59.6460979Z Preparing to unpack .../04-libdrm-radeon1_2.4.125-1ubuntu0.1~24.04.1_amd64.deb ...
Build on ubuntu-latest for linux	Install Dependencies (Linux)	2026-01-31T22:04:59.6473766Z Unpacking libdrm-radeon1:amd64 (2.4.125-1ubuntu0.1~24.04.1) ...
Build on ubuntu-latest for linux	Install Dependencies (Linux)	2026-01-31T22:04:59.6667812Z Selecting previously unselected package libdrm-nouveau2:amd64.
Build on ubuntu-latest for linux	Install Dependencies (Linux)	2026-01-31T22:04:59.6782876Z Preparing to unpack .../05-libdrm-nouveau2_2.4.125-1ubuntu0.1~24.04.1_amd64.deb ...
Build on ubuntu-latest for linux	Install Dependencies (Linux)	2026-01-31T22:04:59.6802483Z Unpacking libdrm-nouveau2:amd64 (2.4.125-1ubuntu0.1~24.04.1) ...
Build on ubuntu-latest for linux	Install Dependencies (Linux)	2026-01-31T22:04:59.6974571Z Selecting previously unselected package libpciaccess-dev:amd64.
Build on ubuntu-latest for linux	Install Dependencies (Linux)	2026-01-31T22:04:59.7087276Z Preparing to unpack .../06-libpciaccess-dev_0.17-3ubuntu0.24.04.2_amd64.deb ...
Build on ubuntu-latest for linux	Install Dependencies (Linux)	2026-01-31T22:04:59.7099651Z Unpacking libpciaccess-dev:amd64 (0.17-3ubuntu0.24.04.2) ...
Build on ubuntu-latest for linux	Install Dependencies (Linux)	2026-01-31T22:04:59.7285549Z Selecting previously unselected package libdrm-dev:amd64.
Build on ubuntu-latest for linux	Install Dependencies (Linux)	2026-01-31T22:04:59.7399332Z Preparing to unpack .../07-libdrm-dev_2.4.125-1ubuntu0.1~24.04.1_amd64.deb ...
Build on ubuntu-latest for linux	Install Dependencies (Linux)	2026-01-31T22:04:59.7413691Z Unpacking libdrm-dev:amd64 (2.4.125-1ubuntu0.1~24.04.1) ...
Build on ubuntu-latest for linux	Install Dependencies (Linux)	2026-01-31T22:04:59.7862371Z Preparing to unpack .../08-libgl1-mesa-dri_25.2.8-0ubuntu0.24.04.1_amd64.deb ...
Build on ubuntu-latest for linux	Install Dependencies (Linux)	2026-01-31T22:04:59.7990428Z Unpacking libgl1-mesa-dri:amd64 (25.2.8-0ubuntu0.24.04.1) over (25.0.7-0ubuntu0.24.04.2) ...
Build on ubuntu-latest for linux	Install Dependencies (Linux)	2026-01-31T22:04:59.8394878Z Preparing to unpack .../09-libglx-mesa0_25.2.8-0ubuntu0.24.04.1_amd64.deb ...
Build on ubuntu-latest for linux	Install Dependencies (Linux)	2026-01-31T22:04:59.8424583Z Unpacking libglx-mesa0:amd64 (25.2.8-0ubuntu0.24.04.1) over (25.0.7-0ubuntu0.24.04.2) ...
Build on ubuntu-latest for linux	Install Dependencies (Linux)	2026-01-31T22:04:59.8764476Z Preparing to unpack .../10-libgbm1_25.2.8-0ubuntu0.24.04.1_amd64.deb ...
Build on ubuntu-latest for linux	Install Dependencies (Linux)	2026-01-31T22:04:59.8803655Z Unpacking libgbm1:amd64 (25.2.8-0ubuntu0.24.04.1) over (25.0.7-0ubuntu0.24.04.2) ...
Build on ubuntu-latest for linux	Install Dependencies (Linux)	2026-01-31T22:04:59.9139189Z Preparing to unpack .../11-mesa-libgallium_25.2.8-0ubuntu0.24.04.1_amd64.deb ...
Build on ubuntu-latest for linux	Install Dependencies (Linux)	2026-01-31T22:04:59.9184146Z Unpacking mesa-libgallium:amd64 (25.2.8-0ubuntu0.24.04.1) over (25.0.7-0ubuntu0.24.04.2) ...
Build on ubuntu-latest for linux	Install Dependencies (Linux)	2026-01-31T22:05:00.0758309Z Selecting previously unselected package libegl-mesa0:amd64.
Build on ubuntu-latest for linux	Install Dependencies (Linux)	2026-01-31T22:05:00.0874815Z Preparing to unpack .../12-libegl-mesa0_25.2.8-0ubuntu0.24.04.1_amd64.deb ...
Build on ubuntu-latest for linux	Install Dependencies (Linux)	2026-01-31T22:05:00.0883798Z Unpacking libegl-mesa0:amd64 (25.2.8-0ubuntu0.24.04.1) ...
Build on ubuntu-latest for linux	Install Dependencies (Linux)	2026-01-31T22:05:00.1077202Z Selecting previously unselected package libegl1:amd64.
Build on ubuntu-latest for linux	Install Dependencies (Linux)	2026-01-31T22:05:00.1206590Z Preparing to unpack .../13-libegl1_1.7.0-1build1_amd64.deb ...
Build on ubuntu-latest for linux	Install Dependencies (Linux)	2026-01-31T22:05:00.1215205Z Unpacking libegl1:amd64 (1.7.0-1build1) ...
Build on ubuntu-latest for linux	Install Dependencies (Linux)	2026-01-31T22:05:00.1374987Z Selecting previously unselected package xorg-sgml-doctools.
Build on ubuntu-latest for linux	Install Dependencies (Linux)	2026-01-31T22:05:00.1490329Z Preparing to unpack .../14-xorg-sgml-doctools_1%3a1.11-1.1_all.deb ...
Build on ubuntu-latest for linux	Install Dependencies (Linux)	2026-01-31T22:05:00.1498867Z Unpacking xorg-sgml-doctools (1:1.11-1.1) ...
Build on ubuntu-latest for linux	Install Dependencies (Linux)	2026-01-31T22:05:00.1752546Z Selecting previously unselected package x11proto-dev.
Build on ubuntu-latest for linux	Install Dependencies (Linux)	2026-01-31T22:05:00.1867116Z Preparing to unpack .../15-x11proto-dev_2023.2-1_all.deb ...
Build on ubuntu-latest for linux	Install Dependencies (Linux)	2026-01-31T22:05:00.1879372Z Unpacking x11proto-dev (2023.2-1) ...
Build on ubuntu-latest for linux	Install Dependencies (Linux)	2026-01-31T22:05:00.2232524Z Selecting previously unselected package libxau-dev:amd64.
Build on ubuntu-latest for linux	Install Dependencies (Linux)	2026-01-31T22:05:00.2346926Z Preparing to unpack .../16-libxau-dev_1%3a1.0.9-1build6_amd64.deb ...
Build on ubuntu-latest for linux	Install Dependencies (Linux)	2026-01-31T22:05:00.2361822Z Unpacking libxau-dev:amd64 (1:1.0.9-1build6) ...
Build on ubuntu-latest for linux	Install Dependencies (Linux)	2026-01-31T22:05:00.2540527Z Selecting previously unselected package libxdmcp-dev:amd64.
Build on ubuntu-latest for linux	Install Dependencies (Linux)	2026-01-31T22:05:00.2654187Z Preparing to unpack .../17-libxdmcp-dev_1%3a1.1.3-0ubuntu6_amd64.deb ...
Build on ubuntu-latest for linux	Install Dependencies (Linux)	2026-01-31T22:05:00.2669004Z Unpacking libxdmcp-dev:amd64 (1:1.1.3-0ubuntu6) ...
Build on ubuntu-latest for linux	Install Dependencies (Linux)	2026-01-31T22:05:00.2837634Z Selecting previously unselected package xtrans-dev.
Build on ubuntu-latest for linux	Install Dependencies (Linux)	2026-01-31T22:05:00.2953257Z Preparing to unpack .../18-xtrans-dev_1.4.0-1_all.deb ...
Build on ubuntu-latest for linux	Install Dependencies (Linux)	2026-01-31T22:05:00.2966178Z Unpacking xtrans-dev (1.4.0-1) ...
Build on ubuntu-latest for linux	Install Dependencies (Linux)	2026-01-31T22:05:00.3179351Z Selecting previously unselected package libpthread-stubs0-dev:amd64.
Build on ubuntu-latest for linux	Install Dependencies (Linux)	2026-01-31T22:05:00.3294129Z Preparing to unpack .../19-libpthread-stubs0-dev_0.4-1build3_amd64.deb ...
Build on ubuntu-latest for linux	Install Dependencies (Linux)	2026-01-31T22:05:00.3311392Z Unpacking libpthread-stubs0-dev:amd64 (0.4-1build3) ...
Build on ubuntu-latest for linux	Install Dependencies (Linux)	2026-01-31T22:05:00.3470263Z Selecting previously unselected package libxcb1-dev:amd64.
Build on ubuntu-latest for linux	Install Dependencies (Linux)	2026-01-31T22:05:00.3584430Z Preparing to unpack .../20-libxcb1-dev_1.15-1ubuntu2_amd64.deb ...
Build on ubuntu-latest for linux	Install Dependencies (Linux)	2026-01-31T22:05:00.3596880Z Unpacking libxcb1-dev:amd64 (1.15-1ubuntu2) ...
Build on ubuntu-latest for linux	Install Dependencies (Linux)	2026-01-31T22:05:00.3796494Z Selecting previously unselected package libx11-dev:amd64.
Build on ubuntu-latest for linux	Install Dependencies (Linux)	2026-01-31T22:05:00.3910848Z Preparing to unpack .../21-libx11-dev_2%3a1.8.7-1build1_amd64.deb ...
Build on ubuntu-latest for linux	Install Dependencies (Linux)	2026-01-31T22:05:00.3922440Z Unpacking libx11-dev:amd64 (2:1.8.7-1build1) ...
Build on ubuntu-latest for linux	Install Dependencies (Linux)	2026-01-31T22:05:00.4170083Z Selecting previously unselected package libglx-dev:amd64.
Build on ubuntu-latest for linux	Install Dependencies (Linux)	2026-01-31T22:05:00.4285768Z Preparing to unpack .../22-libglx-dev_1.7.0-1build1_amd64.deb ...
Build on ubuntu-latest for linux	Install Dependencies (Linux)	2026-01-31T22:05:00.4299210Z Unpacking libglx-dev:amd64 (1.7.0-1build1) ...
Build on ubuntu-latest for linux	Install Dependencies (Linux)	2026-01-31T22:05:00.4462041Z Selecting previously unselected package libgl-dev:amd64.
Build on ubuntu-latest for linux	Install Dependencies (Linux)	2026-01-31T22:05:00.4576020Z Preparing to unpack .../23-libgl-dev_1.7.0-1build1_amd64.deb ...
Build on ubuntu-latest for linux	Install Dependencies (Linux)	2026-01-31T22:05:00.4589305Z Unpacking libgl-dev:amd64 (1.7.0-1build1) ...
Build on ubuntu-latest for linux	Install Dependencies (Linux)	2026-01-31T22:05:00.4793654Z Selecting previously unselected package libegl-dev:amd64.
Build on ubuntu-latest for linux	Install Dependencies (Linux)	2026-01-31T22:05:00.4907615Z Preparing to unpack .../24-libegl-dev_1.7.0-1build1_amd64.deb ...
Build on ubuntu-latest for linux	Install Dependencies (Linux)	2026-01-31T22:05:00.4916814Z Unpacking libegl-dev:amd64 (1.7.0-1build1) ...
Build on ubuntu-latest for linux	Install Dependencies (Linux)	2026-01-31T22:05:00.5089599Z Selecting previously unselected package libglvnd-core-dev:amd64.
Build on ubuntu-latest for linux	Install Dependencies (Linux)	2026-01-31T22:05:00.5203597Z Preparing to unpack .../25-libglvnd-core-dev_1.7.0-1build1_amd64.deb ...
Build on ubuntu-latest for linux	Install Dependencies (Linux)	2026-01-31T22:05:00.5214069Z Unpacking libglvnd-core-dev:amd64 (1.7.0-1build1) ...
Build on ubuntu-latest for linux	Install Dependencies (Linux)	2026-01-31T22:05:00.5388228Z Selecting previously unselected package libgles1:amd64.
Build on ubuntu-latest for linux	Install Dependencies (Linux)	2026-01-31T22:05:00.5501699Z Preparing to unpack .../26-libgles1_1.7.0-1build1_amd64.deb ...
Build on ubuntu-latest for linux	Install Dependencies (Linux)	2026-01-31T22:05:00.5511638Z Unpacking libgles1:amd64 (1.7.0-1build1) ...
Build on ubuntu-latest for linux	Install Dependencies (Linux)	2026-01-31T22:05:00.5700767Z Selecting previously unselected package libgles2:amd64.
Build on ubuntu-latest for linux	Install Dependencies (Linux)	2026-01-31T22:05:00.5813702Z Preparing to unpack .../27-libgles2_1.7.0-1build1_amd64.deb ...
Build on ubuntu-latest for linux	Install Dependencies (Linux)	2026-01-31T22:05:00.5824925Z Unpacking libgles2:amd64 (1.7.0-1build1) ...
Build on ubuntu-latest for linux	Install Dependencies (Linux)	2026-01-31T22:05:00.5993371Z Selecting previously unselected package libgles-dev:amd64.
Build on ubuntu-latest for linux	Install Dependencies (Linux)	2026-01-31T22:05:00.6104327Z Preparing to unpack .../28-libgles-dev_1.7.0-1build1_amd64.deb ...
Build on ubuntu-latest for linux	Install Dependencies (Linux)	2026-01-31T22:05:00.6116837Z Unpacking libgles-dev:amd64 (1.7.0-1build1) ...
Build on ubuntu-latest for linux	Install Dependencies (Linux)	2026-01-31T22:05:00.6325608Z Selecting previously unselected package libopengl0:amd64.
Build on ubuntu-latest for linux	Install Dependencies (Linux)	2026-01-31T22:05:00.6440073Z Preparing to unpack .../29-libopengl0_1.7.0-1build1_amd64.deb ...
Build on ubuntu-latest for linux	Install Dependencies (Linux)	2026-01-31T22:05:00.6453807Z Unpacking libopengl0:amd64 (1.7.0-1build1) ...
Build on ubuntu-latest for linux	Install Dependencies (Linux)	2026-01-31T22:05:00.6622284Z Selecting previously unselected package libopengl-dev:amd64.
Build on ubuntu-latest for linux	Install Dependencies (Linux)	2026-01-31T22:05:00.6738045Z Preparing to unpack .../30-libopengl-dev_1.7.0-1build1_amd64.deb ...
Build on ubuntu-latest for linux	Install Dependencies (Linux)	2026-01-31T22:05:00.6753676Z Unpacking libopengl-dev:amd64 (1.7.0-1build1) ...
Build on ubuntu-latest for linux	Install Dependencies (Linux)	2026-01-31T22:05:00.6920152Z Selecting previously unselected package libglvnd-dev:amd64.
Build on ubuntu-latest for linux	Install Dependencies (Linux)	2026-01-31T22:05:00.7037911Z Preparing to unpack .../31-libglvnd-dev_1.7.0-1build1_amd64.deb ...
Build on ubuntu-latest for linux	Install Dependencies (Linux)	2026-01-31T22:05:00.7053600Z Unpacking libglvnd-dev:amd64 (1.7.0-1build1) ...
Build on ubuntu-latest for linux	Install Dependencies (Linux)	2026-01-31T22:05:00.7215703Z Selecting previously unselected package libegl1-mesa-dev:amd64.
Build on ubuntu-latest for linux	Install Dependencies (Linux)	2026-01-31T22:05:00.7334057Z Preparing to unpack .../32-libegl1-mesa-dev_25.2.8-0ubuntu0.24.04.1_amd64.deb ...
Build on ubuntu-latest for linux	Install Dependencies (Linux)	2026-01-31T22:05:00.7348114Z Unpacking libegl1-mesa-dev:amd64 (25.2.8-0ubuntu0.24.04.1) ...
Build on ubuntu-latest for linux	Install Dependencies (Linux)	2026-01-31T22:05:00.7536230Z Selecting previously unselected package libglew2.2:amd64.
Build on ubuntu-latest for linux	Install Dependencies (Linux)	2026-01-31T22:05:00.7652770Z Preparing to unpack .../33-libglew2.2_2.2.0-4build1_amd64.deb ...
Build on ubuntu-latest for linux	Install Dependencies (Linux)	2026-01-31T22:05:00.7665390Z Unpacking libglew2.2:amd64 (2.2.0-4build1) ...
Build on ubuntu-latest for linux	Install Dependencies (Linux)	2026-01-31T22:05:00.7870746Z Selecting previously unselected package libglu1-mesa:amd64.
Build on ubuntu-latest for linux	Install Dependencies (Linux)	2026-01-31T22:05:00.7988027Z Preparing to unpack .../34-libglu1-mesa_9.0.2-1.1build1_amd64.deb ...
Build on ubuntu-latest for linux	Install Dependencies (Linux)	2026-01-31T22:05:00.8003634Z Unpacking libglu1-mesa:amd64 (9.0.2-1.1build1) ...
Build on ubuntu-latest for linux	Install Dependencies (Linux)	2026-01-31T22:05:00.8198674Z Selecting previously unselected package libglu1-mesa-dev:amd64.
Build on ubuntu-latest for linux	Install Dependencies (Linux)	2026-01-31T22:05:00.8314456Z Preparing to unpack .../35-libglu1-mesa-dev_9.0.2-1.1build1_amd64.deb ...
Build on ubuntu-latest for linux	Install Dependencies (Linux)	2026-01-31T22:05:00.8328126Z Unpacking libglu1-mesa-dev:amd64 (9.0.2-1.1build1) ...
Build on ubuntu-latest for linux	Install Dependencies (Linux)	2026-01-31T22:05:00.8529458Z Selecting previously unselected package libglew-dev:amd64.
Build on ubuntu-latest for linux	Install Dependencies (Linux)	2026-01-31T22:05:00.8646970Z Preparing to unpack .../36-libglew-dev_2.2.0-4build1_amd64.deb ...
Build on ubuntu-latest for linux	Install Dependencies (Linux)	2026-01-31T22:05:00.8656490Z Unpacking libglew-dev:amd64 (2.2.0-4build1) ...
Build on ubuntu-latest for linux	Install Dependencies (Linux)	2026-01-31T22:05:00.8911795Z Selecting previously unselected package libglfw3:amd64.
Build on ubuntu-latest for linux	Install Dependencies (Linux)	2026-01-31T22:05:00.9029578Z Preparing to unpack .../37-libglfw3_3.3.10-1build1_amd64.deb ...
Build on ubuntu-latest for linux	Install Dependencies (Linux)	2026-01-31T22:05:00.9041099Z Unpacking libglfw3:amd64 (3.3.10-1build1) ...
Build on ubuntu-latest for linux	Install Dependencies (Linux)	2026-01-31T22:05:00.9231199Z Selecting previously unselected package libglfw3-dev:amd64.
Build on ubuntu-latest for linux	Install Dependencies (Linux)	2026-01-31T22:05:00.9347852Z Preparing to unpack .../38-libglfw3-dev_3.3.10-1build1_amd64.deb ...
Build on ubuntu-latest for linux	Install Dependencies (Linux)	2026-01-31T22:05:00.9359943Z Unpacking libglfw3-dev:amd64 (3.3.10-1build1) ...
Build on ubuntu-latest for linux	Install Dependencies (Linux)	2026-01-31T22:05:00.9541803Z Selecting previously unselected package libvulkan-dev:amd64.
Build on ubuntu-latest for linux	Install Dependencies (Linux)	2026-01-31T22:05:00.9657618Z Preparing to unpack .../39-libvulkan-dev_1.3.275.0-1build1_amd64.deb ...
Build on ubuntu-latest for linux	Install Dependencies (Linux)	2026-01-31T22:05:00.9673891Z Unpacking libvulkan-dev:amd64 (1.3.275.0-1build1) ...
Build on ubuntu-latest for linux	Install Dependencies (Linux)	2026-01-31T22:05:01.0480446Z Selecting previously unselected package libxrender-dev:amd64.
Build on ubuntu-latest for linux	Install Dependencies (Linux)	2026-01-31T22:05:01.0597445Z Preparing to unpack .../40-libxrender-dev_1%3a0.9.10-1.1build1_amd64.deb ...
Build on ubuntu-latest for linux	Install Dependencies (Linux)	2026-01-31T22:05:01.0606699Z Unpacking libxrender-dev:amd64 (1:0.9.10-1.1build1) ...
Build on ubuntu-latest for linux	Install Dependencies (Linux)	2026-01-31T22:05:01.0770732Z Selecting previously unselected package libxfixes-dev:amd64.
Build on ubuntu-latest for linux	Install Dependencies (Linux)	2026-01-31T22:05:01.0886906Z Preparing to unpack .../41-libxfixes-dev_1%3a6.0.0-2build1_amd64.deb ...
Build on ubuntu-latest for linux	Install Dependencies (Linux)	2026-01-31T22:05:01.0896940Z Unpacking libxfixes-dev:amd64 (1:6.0.0-2build1) ...
Build on ubuntu-latest for linux	Install Dependencies (Linux)	2026-01-31T22:05:01.1071287Z Selecting previously unselected package libxcursor-dev:amd64.
Build on ubuntu-latest for linux	Install Dependencies (Linux)	2026-01-31T22:05:01.1189622Z Preparing to unpack .../42-libxcursor-dev_1%3a1.2.1-1build1_amd64.deb ...
Build on ubuntu-latest for linux	Install Dependencies (Linux)	2026-01-31T22:05:01.1203234Z Unpacking libxcursor-dev:amd64 (1:1.2.1-1build1) ...
Build on ubuntu-latest for linux	Install Dependencies (Linux)	2026-01-31T22:05:01.1404172Z Selecting previously unselected package libxext-dev:amd64.
Build on ubuntu-latest for linux	Install Dependencies (Linux)	2026-01-31T22:05:01.1521957Z Preparing to unpack .../43-libxext-dev_2%3a1.3.4-1build2_amd64.deb ...
Build on ubuntu-latest for linux	Install Dependencies (Linux)	2026-01-31T22:05:01.1534119Z Unpacking libxext-dev:amd64 (2:1.3.4-1build2) ...
Build on ubuntu-latest for linux	Install Dependencies (Linux)	2026-01-31T22:05:01.1761515Z Selecting previously unselected package libxi-dev:amd64.
Build on ubuntu-latest for linux	Install Dependencies (Linux)	2026-01-31T22:05:01.1883390Z Preparing to unpack .../44-libxi-dev_2%3a1.8.1-1build1_amd64.deb ...
Build on ubuntu-latest for linux	Install Dependencies (Linux)	2026-01-31T22:05:01.1895197Z Unpacking libxi-dev:amd64 (2:1.8.1-1build1) ...
Build on ubuntu-latest for linux	Install Dependencies (Linux)	2026-01-31T22:05:01.2130113Z Selecting previously unselected package libxinerama-dev:amd64.
Build on ubuntu-latest for linux	Install Dependencies (Linux)	2026-01-31T22:05:01.2250579Z Preparing to unpack .../45-libxinerama-dev_2%3a1.1.4-3build1_amd64.deb ...
Build on ubuntu-latest for linux	Install Dependencies (Linux)	2026-01-31T22:05:01.2263548Z Unpacking libxinerama-dev:amd64 (2:1.1.4-3build1) ...
Build on ubuntu-latest for linux	Install Dependencies (Linux)	2026-01-31T22:05:01.2453467Z Selecting previously unselected package libxrandr-dev:amd64.
Build on ubuntu-latest for linux	Install Dependencies (Linux)	2026-01-31T22:05:01.2572695Z Preparing to unpack .../46-libxrandr-dev_2%3a1.5.2-2build1_amd64.deb ...
Build on ubuntu-latest for linux	Install Dependencies (Linux)	2026-01-31T22:05:01.2584981Z Unpacking libxrandr-dev:amd64 (2:1.5.2-2build1) ...
Build on ubuntu-latest for linux	Install Dependencies (Linux)	2026-01-31T22:05:01.2767845Z Selecting previously unselected package mesa-common-dev:amd64.
Build on ubuntu-latest for linux	Install Dependencies (Linux)	2026-01-31T22:05:01.2889068Z Preparing to unpack .../47-mesa-common-dev_25.2.8-0ubuntu0.24.04.1_amd64.deb ...
Build on ubuntu-latest for linux	Install Dependencies (Linux)	2026-01-31T22:05:01.2901326Z Unpacking mesa-common-dev:amd64 (25.2.8-0ubuntu0.24.04.1) ...
Build on ubuntu-latest for linux	Install Dependencies (Linux)	2026-01-31T22:05:01.3492474Z Selecting previously unselected package libwayland-bin.
Build on ubuntu-latest for linux	Install Dependencies (Linux)	2026-01-31T22:05:01.3612700Z Preparing to unpack .../48-libwayland-bin_1.22.0-2.1build1_amd64.deb ...
Build on ubuntu-latest for linux	Install Dependencies (Linux)	2026-01-31T22:05:01.3625619Z Unpacking libwayland-bin (1.22.0-2.1build1) ...
Build on ubuntu-latest for linux	Install Dependencies (Linux)	2026-01-31T22:05:01.3806989Z Selecting previously unselected package libwayland-dev:amd64.
Build on ubuntu-latest for linux	Install Dependencies (Linux)	2026-01-31T22:05:01.3927128Z Preparing to unpack .../49-libwayland-dev_1.22.0-2.1build1_amd64.deb ...
Build on ubuntu-latest for linux	Install Dependencies (Linux)	2026-01-31T22:05:01.3940658Z Unpacking libwayland-dev:amd64 (1.22.0-2.1build1) ...
Build on ubuntu-latest for linux	Install Dependencies (Linux)	2026-01-31T22:05:01.4328361Z Setting up libglfw3:amd64 (3.3.10-1build1) ...
Build on ubuntu-latest for linux	Install Dependencies (Linux)	2026-01-31T22:05:01.4360318Z Setting up libvulkan-dev:amd64 (1.3.275.0-1build1) ...
Build on ubuntu-latest for linux	Install Dependencies (Linux)	2026-01-31T22:05:01.4387147Z Setting up libpciaccess-dev:amd64 (0.17-3ubuntu0.24.04.2) ...
Build on ubuntu-latest for linux	Install Dependencies (Linux)	2026-01-31T22:05:01.4413081Z Setting up libglvnd-core-dev:amd64 (1.7.0-1build1) ...
Build on ubuntu-latest for linux	Install Dependencies (Linux)	2026-01-31T22:05:01.4445947Z Setting up libpthread-stubs0-dev:amd64 (0.4-1build3) ...
Build on ubuntu-latest for linux	Install Dependencies (Linux)	2026-01-31T22:05:01.4473129Z Setting up libopengl0:amd64 (1.7.0-1build1) ...
Build on ubuntu-latest for linux	Install Dependencies (Linux)	2026-01-31T22:05:01.4500498Z Setting up xtrans-dev (1.4.0-1) ...
Build on ubuntu-latest for linux	Install Dependencies (Linux)	2026-01-31T22:05:01.4531238Z Setting up libwayland-bin (1.22.0-2.1build1) ...
Build on ubuntu-latest for linux	Install Dependencies (Linux)	2026-01-31T22:05:01.4550382Z Setting up libgles2:amd64 (1.7.0-1build1) ...
Build on ubuntu-latest for linux	Install Dependencies (Linux)	2026-01-31T22:05:01.4575241Z Setting up libgles1:amd64 (1.7.0-1build1) ...
Build on ubuntu-latest for linux	Install Dependencies (Linux)	2026-01-31T22:05:01.4598171Z Setting up libglew2.2:amd64 (2.2.0-4build1) ...
Build on ubuntu-latest for linux	Install Dependencies (Linux)	2026-01-31T22:05:01.4620742Z Setting up xorg-sgml-doctools (1:1.11-1.1) ...
Build on ubuntu-latest for linux	Install Dependencies (Linux)	2026-01-31T22:05:01.4645185Z Setting up libglu1-mesa:amd64 (9.0.2-1.1build1) ...
Build on ubuntu-latest for linux	Install Dependencies (Linux)	2026-01-31T22:05:01.4664917Z Setting up libopengl-dev:amd64 (1.7.0-1build1) ...
Build on ubuntu-latest for linux	Install Dependencies (Linux)	2026-01-31T22:05:01.4684565Z Setting up libdrm-common (2.4.125-1ubuntu0.1~24.04.1) ...
Build on ubuntu-latest for linux	Install Dependencies (Linux)	2026-01-31T22:05:01.4708449Z Setting up libwayland-dev:amd64 (1.22.0-2.1build1) ...
Build on ubuntu-latest for linux	Install Dependencies (Linux)	2026-01-31T22:05:01.4727864Z Setting up libdrm2:amd64 (2.4.125-1ubuntu0.1~24.04.1) ...
Build on ubuntu-latest for linux	Install Dependencies (Linux)	2026-01-31T22:05:01.4751331Z Setting up libdrm-amdgpu1:amd64 (2.4.125-1ubuntu0.1~24.04.1) ...
Build on ubuntu-latest for linux	Install Dependencies (Linux)	2026-01-31T22:05:01.4773084Z Setting up libdrm-nouveau2:amd64 (2.4.125-1ubuntu0.1~24.04.1) ...
Build on ubuntu-latest for linux	Install Dependencies (Linux)	2026-01-31T22:05:01.4791758Z Setting up libdrm-radeon1:amd64 (2.4.125-1ubuntu0.1~24.04.1) ...
Build on ubuntu-latest for linux	Install Dependencies (Linux)	2026-01-31T22:05:01.4814582Z Setting up libdrm-intel1:amd64 (2.4.125-1ubuntu0.1~24.04.1) ...
Build on ubuntu-latest for linux	Install Dependencies (Linux)	2026-01-31T22:05:01.4832896Z Setting up mesa-libgallium:amd64 (25.2.8-0ubuntu0.24.04.1) ...
Build on ubuntu-latest for linux	Install Dependencies (Linux)	2026-01-31T22:05:01.4855000Z Setting up libdrm-dev:amd64 (2.4.125-1ubuntu0.1~24.04.1) ...
Build on ubuntu-latest for linux	Install Dependencies (Linux)	2026-01-31T22:05:01.4875489Z Setting up libgbm1:amd64 (25.2.8-0ubuntu0.24.04.1) ...
Build on ubuntu-latest for linux	Install Dependencies (Linux)	2026-01-31T22:05:01.4893539Z Setting up libgl1-mesa-dri:amd64 (25.2.8-0ubuntu0.24.04.1) ...
Build on ubuntu-latest for linux	Install Dependencies (Linux)	2026-01-31T22:05:01.4966649Z Setting up libegl-mesa0:amd64 (25.2.8-0ubuntu0.24.04.1) ...
Build on ubuntu-latest for linux	Install Dependencies (Linux)	2026-01-31T22:05:01.4989235Z Setting up libegl1:amd64 (1.7.0-1build1) ...
Build on ubuntu-latest for linux	Install Dependencies (Linux)	2026-01-31T22:05:01.5011942Z Setting up libglx-mesa0:amd64 (25.2.8-0ubuntu0.24.04.1) ...
Build on ubuntu-latest for linux	Install Dependencies (Linux)	2026-01-31T22:05:01.5151707Z Processing triggers for libc-bin (2.39-0ubuntu8.6) ...
Build on ubuntu-latest for linux	Install Dependencies (Linux)	2026-01-31T22:05:01.5417342Z Processing triggers for man-db (2.12.0-4build2) ...
Build on ubuntu-latest for linux	Install Dependencies (Linux)	2026-01-31T22:05:01.5443779Z Not building database; man-db/auto-update is not 'true'.
Build on ubuntu-latest for linux	Install Dependencies (Linux)	2026-01-31T22:05:01.5476610Z Processing triggers for sgml-base (1.31) ...
Build on ubuntu-latest for linux	Install Dependencies (Linux)	2026-01-31T22:05:01.5637094Z Setting up x11proto-dev (2023.2-1) ...
Build on ubuntu-latest for linux	Install Dependencies (Linux)	2026-01-31T22:05:01.5660988Z Setting up libxau-dev:amd64 (1:1.0.9-1build6) ...
Build on ubuntu-latest for linux	Install Dependencies (Linux)	2026-01-31T22:05:01.5698717Z Setting up libxdmcp-dev:amd64 (1:1.1.3-0ubuntu6) ...
Build on ubuntu-latest for linux	Install Dependencies (Linux)	2026-01-31T22:05:01.5753271Z Setting up libxcb1-dev:amd64 (1.15-1ubuntu2) ...
Build on ubuntu-latest for linux	Install Dependencies (Linux)	2026-01-31T22:05:01.5789905Z Setting up libx11-dev:amd64 (2:1.8.7-1build1) ...
Build on ubuntu-latest for linux	Install Dependencies (Linux)	2026-01-31T22:05:01.5815796Z Setting up libxfixes-dev:amd64 (1:6.0.0-2build1) ...
Build on ubuntu-latest for linux	Install Dependencies (Linux)	2026-01-31T22:05:01.5853583Z Setting up libxext-dev:amd64 (2:1.3.4-1build2) ...
Build on ubuntu-latest for linux	Install Dependencies (Linux)	2026-01-31T22:05:01.5881721Z Setting up libglx-dev:amd64 (1.7.0-1build1) ...
Build on ubuntu-latest for linux	Install Dependencies (Linux)	2026-01-31T22:05:01.5914815Z Setting up libxi-dev:amd64 (2:1.8.1-1build1) ...
Build on ubuntu-latest for linux	Install Dependencies (Linux)	2026-01-31T22:05:01.5939409Z Setting up libxrender-dev:amd64 (1:0.9.10-1.1build1) ...
Build on ubuntu-latest for linux	Install Dependencies (Linux)	2026-01-31T22:05:01.5967638Z Setting up libgl-dev:amd64 (1.7.0-1build1) ...
Build on ubuntu-latest for linux	Install Dependencies (Linux)	2026-01-31T22:05:01.5999080Z Setting up libegl-dev:amd64 (1.7.0-1build1) ...
Build on ubuntu-latest for linux	Install Dependencies (Linux)	2026-01-31T22:05:01.6025808Z Setting up libxcursor-dev:amd64 (1:1.2.1-1build1) ...
Build on ubuntu-latest for linux	Install Dependencies (Linux)	2026-01-31T22:05:01.6055539Z Setting up libxrandr-dev:amd64 (2:1.5.2-2build1) ...
Build on ubuntu-latest for linux	Install Dependencies (Linux)	2026-01-31T22:05:01.6091114Z Setting up libglu1-mesa-dev:amd64 (9.0.2-1.1build1) ...
Build on ubuntu-latest for linux	Install Dependencies (Linux)	2026-01-31T22:05:01.6135613Z Setting up libxinerama-dev:amd64 (2:1.1.4-3build1) ...
Build on ubuntu-latest for linux	Install Dependencies (Linux)	2026-01-31T22:05:01.6160294Z Setting up mesa-common-dev:amd64 (25.2.8-0ubuntu0.24.04.1) ...
Build on ubuntu-latest for linux	Install Dependencies (Linux)	2026-01-31T22:05:01.6184388Z Setting up libgles-dev:amd64 (1.7.0-1build1) ...
Build on ubuntu-latest for linux	Install Dependencies (Linux)	2026-01-31T22:05:01.6254461Z Setting up libglvnd-dev:amd64 (1.7.0-1build1) ...
Build on ubuntu-latest for linux	Install Dependencies (Linux)	2026-01-31T22:05:01.6280884Z Setting up libglew-dev:amd64 (2.2.0-4build1) ...
Build on ubuntu-latest for linux	Install Dependencies (Linux)	2026-01-31T22:05:01.6302413Z Setting up libegl1-mesa-dev:amd64 (25.2.8-0ubuntu0.24.04.1) ...
Build on ubuntu-latest for linux	Install Dependencies (Linux)	2026-01-31T22:05:01.6328249Z Setting up libglfw3-dev:amd64 (3.3.10-1build1) ...
Build on ubuntu-latest for linux	Install Dependencies (Linux)	2026-01-31T22:05:02.1955098Z 
Build on ubuntu-latest for linux	Install Dependencies (Linux)	2026-01-31T22:05:02.1955703Z Running kernel seems to be up-to-date.
Build on ubuntu-latest for linux	Install Dependencies (Linux)	2026-01-31T22:05:02.1955987Z 
Build on ubuntu-latest for linux	Install Dependencies (Linux)	2026-01-31T22:05:02.1956094Z No services need to be restarted.
Build on ubuntu-latest for linux	Install Dependencies (Linux)	2026-01-31T22:05:02.1956273Z 
Build on ubuntu-latest for linux	Install Dependencies (Linux)	2026-01-31T22:05:02.1956409Z No containers need to be restarted.
Build on ubuntu-latest for linux	Install Dependencies (Linux)	2026-01-31T22:05:02.1956592Z 
Build on ubuntu-latest for linux	Install Dependencies (Linux)	2026-01-31T22:05:02.1956723Z No user sessions are running outdated binaries.
Build on ubuntu-latest for linux	Install Dependencies (Linux)	2026-01-31T22:05:02.1956950Z 
Build on ubuntu-latest for linux	Install Dependencies (Linux)	2026-01-31T22:05:02.1957153Z No VM guests are running outdated hypervisor (qemu) binaries on this host.
Build on ubuntu-latest for linux	Configure CMake	ï»¿2026-01-31T22:05:03.0490278Z ##[group]Run cmake -B build-linux -S . -DBUILD_SHARED_LIBS=ON -DCMAKE_BUILD_TYPE=Release
Build on ubuntu-latest for linux	Configure CMake	2026-01-31T22:05:03.0490832Z [36;1mcmake -B build-linux -S . -DBUILD_SHARED_LIBS=ON -DCMAKE_BUILD_TYPE=Release[0m
Build on ubuntu-latest for linux	Configure CMake	2026-01-31T22:05:03.0511176Z shell: /usr/bin/bash -e {0}
Build on ubuntu-latest for linux	Configure CMake	2026-01-31T22:05:03.0511414Z ##[endgroup]
Build on ubuntu-latest for linux	Configure CMake	2026-01-31T22:05:03.4307241Z -- The C compiler identification is GNU 13.3.0
Build on ubuntu-latest for linux	Configure CMake	2026-01-31T22:05:03.5778051Z -- The CXX compiler identification is GNU 13.3.0
Build on ubuntu-latest for linux	Configure CMake	2026-01-31T22:05:03.6564741Z -- Detecting C compiler ABI info
Build on ubuntu-latest for linux	Configure CMake	2026-01-31T22:05:03.8426769Z -- Detecting C compiler ABI info - done
Build on ubuntu-latest for linux	Configure CMake	2026-01-31T22:05:03.8573301Z -- Check for working C compiler: /usr/bin/cc - skipped
Build on ubuntu-latest for linux	Configure CMake	2026-01-31T22:05:03.8614702Z -- Detecting C compile features
Build on ubuntu-latest for linux	Configure CMake	2026-01-31T22:05:03.8660749Z -- Detecting C compile features - done
Build on ubuntu-latest for linux	Configure CMake	2026-01-31T22:05:03.8953245Z -- Detecting CXX compiler ABI info
Build on ubuntu-latest for linux	Configure CMake	2026-01-31T22:05:03.9585949Z -- Detecting CXX compiler ABI info - done
Build on ubuntu-latest for linux	Configure CMake	2026-01-31T22:05:03.9734800Z -- Check for working CXX compiler: /usr/bin/c++ - skipped
Build on ubuntu-latest for linux	Configure CMake	2026-01-31T22:05:03.9737667Z -- Detecting CXX compile features
Build on ubuntu-latest for linux	Configure CMake	2026-01-31T22:05:03.9743391Z -- Detecting CXX compile features - done
Build on ubuntu-latest for linux	Configure CMake	2026-01-31T22:05:04.0019877Z -- Downloading Korean font...
Build on ubuntu-latest for linux	Configure CMake	2026-01-31T22:05:04.6197193Z -- [download 0% complete]
Build on ubuntu-latest for linux	Configure CMake	2026-01-31T22:05:04.6300465Z -- [download 1% complete]
Build on ubuntu-latest for linux	Configure CMake	2026-01-31T22:05:04.6423435Z -- [download 2% complete]
Build on ubuntu-latest for linux	Configure CMake	2026-01-31T22:05:04.6457181Z -- [download 3% complete]
Build on ubuntu-latest for linux	Configure CMake	2026-01-31T22:05:04.6504135Z -- [download 4% complete]
Build on ubuntu-latest for linux	Configure CMake	2026-01-31T22:05:04.6522744Z -- [download 5% complete]
Build on ubuntu-latest for linux	Configure CMake	2026-01-31T22:05:04.6538439Z -- [download 6% complete]
Build on ubuntu-latest for linux	Configure CMake	2026-01-31T22:05:04.6552953Z -- [download 7% complete]
Build on ubuntu-latest for linux	Configure CMake	2026-01-31T22:05:04.6589879Z -- [download 8% complete]
Build on ubuntu-latest for linux	Configure CMake	2026-01-31T22:05:04.6604126Z -- [download 9% complete]
Build on ubuntu-latest for linux	Configure CMake	2026-01-31T22:05:04.6620074Z -- [download 10% complete]
Build on ubuntu-latest for linux	Configure CMake	2026-01-31T22:05:04.6634782Z -- [download 11% complete]
Build on ubuntu-latest for linux	Configure CMake	2026-01-31T22:05:04.6648414Z -- [download 12% complete]
Build on ubuntu-latest for linux	Configure CMake	2026-01-31T22:05:04.6663684Z -- [download 13% complete]
Build on ubuntu-latest for linux	Configure CMake	2026-01-31T22:05:04.6681169Z -- [download 14% complete]
Build on ubuntu-latest for linux	Configure CMake	2026-01-31T22:05:04.6700429Z -- [download 15% complete]
Build on ubuntu-latest for linux	Configure CMake	2026-01-31T22:05:04.6716651Z -- [download 16% complete]
Build on ubuntu-latest for linux	Configure CMake	2026-01-31T22:05:04.6731924Z -- [download 17% complete]
Build on ubuntu-latest for linux	Configure CMake	2026-01-31T22:05:04.6747462Z -- [download 18% complete]
Build on ubuntu-latest for linux	Configure CMake	2026-01-31T22:05:04.6763687Z -- [download 19% complete]
Build on ubuntu-latest for linux	Configure CMake	2026-01-31T22:05:04.6778259Z -- [download 20% complete]
Build on ubuntu-latest for linux	Configure CMake	2026-01-31T22:05:04.6792574Z -- [download 21% complete]
Build on ubuntu-latest for linux	Configure CMake	2026-01-31T22:05:04.6807812Z -- [download 22% complete]
Build on ubuntu-latest for linux	Configure CMake	2026-01-31T22:05:04.6822314Z -- [download 23% complete]
Build on ubuntu-latest for linux	Configure CMake	2026-01-31T22:05:04.6837355Z -- [download 24% complete]
Build on ubuntu-latest for linux	Configure CMake	2026-01-31T22:05:04.6851943Z -- [download 25% complete]
Build on ubuntu-latest for linux	Configure CMake	2026-01-31T22:05:04.6866303Z -- [download 26% complete]
Build on ubuntu-latest for linux	Configure CMake	2026-01-31T22:05:04.6881026Z -- [download 27% complete]
Build on ubuntu-latest for linux	Configure CMake	2026-01-31T22:05:04.6895849Z -- [download 28% complete]
Build on ubuntu-latest for linux	Configure CMake	2026-01-31T22:05:04.6910165Z -- [download 29% complete]
Build on ubuntu-latest for linux	Configure CMake	2026-01-31T22:05:04.6924819Z -- [download 30% complete]
Build on ubuntu-latest for linux	Configure CMake	2026-01-31T22:05:04.6939147Z -- [download 31% complete]
Build on ubuntu-latest for linux	Configure CMake	2026-01-31T22:05:04.6952907Z -- [download 32% complete]
Build on ubuntu-latest for linux	Configure CMake	2026-01-31T22:05:04.6968655Z -- [download 33% complete]
Build on ubuntu-latest for linux	Configure CMake	2026-01-31T22:05:04.6984393Z -- [download 34% complete]
Build on ubuntu-latest for linux	Configure CMake	2026-01-31T22:05:04.6998835Z -- [download 35% complete]
Build on ubuntu-latest for linux	Configure CMake	2026-01-31T22:05:04.7013574Z -- [download 36% complete]
Build on ubuntu-latest for linux	Configure CMake	2026-01-31T22:05:04.7027217Z -- [download 37% complete]
Build on ubuntu-latest for linux	Configure CMake	2026-01-31T22:05:04.7042019Z -- [download 38% complete]
Build on ubuntu-latest for linux	Configure CMake	2026-01-31T22:05:04.7057015Z -- [download 39% complete]
Build on ubuntu-latest for linux	Configure CMake	2026-01-31T22:05:04.7071325Z -- [download 40% complete]
Build on ubuntu-latest for linux	Configure CMake	2026-01-31T22:05:04.7086239Z -- [download 41% complete]
Build on ubuntu-latest for linux	Configure CMake	2026-01-31T22:05:04.7100404Z -- [download 42% complete]
Build on ubuntu-latest for linux	Configure CMake	2026-01-31T22:05:04.7115365Z -- [download 43% complete]
Build on ubuntu-latest for linux	Configure CMake	2026-01-31T22:05:04.7129696Z -- [download 44% complete]
Build on ubuntu-latest for linux	Configure CMake	2026-01-31T22:05:04.7144905Z -- [download 45% complete]
Build on ubuntu-latest for linux	Configure CMake	2026-01-31T22:05:04.7159132Z -- [download 46% complete]
Build on ubuntu-latest for linux	Configure CMake	2026-01-31T22:05:04.7174540Z -- [download 47% complete]
Build on ubuntu-latest for linux	Configure CMake	2026-01-31T22:05:04.7189403Z -- [download 48% complete]
Build on ubuntu-latest for linux	Configure CMake	2026-01-31T22:05:04.7203475Z -- [download 49% complete]
Build on ubuntu-latest for linux	Configure CMake	2026-01-31T22:05:04.7218491Z -- [download 50% complete]
Build on ubuntu-latest for linux	Configure CMake	2026-01-31T22:05:04.7232766Z -- [download 51% complete]
Build on ubuntu-latest for linux	Configure CMake	2026-01-31T22:05:04.7247191Z -- [download 52% complete]
Build on ubuntu-latest for linux	Configure CMake	2026-01-31T22:05:04.7262038Z -- [download 53% complete]
Build on ubuntu-latest for linux	Configure CMake	2026-01-31T22:05:04.7275662Z -- [download 54% complete]
Build on ubuntu-latest for linux	Configure CMake	2026-01-31T22:05:04.7289881Z -- [download 55% complete]
Build on ubuntu-latest for linux	Configure CMake	2026-01-31T22:05:04.7305982Z -- [download 56% complete]
Build on ubuntu-latest for linux	Configure CMake	2026-01-31T22:05:04.7320890Z -- [download 57% complete]
Build on ubuntu-latest for linux	Configure CMake	2026-01-31T22:05:04.7334455Z -- [download 58% complete]
Build on ubuntu-latest for linux	Configure CMake	2026-01-31T22:05:04.7349135Z -- [download 59% complete]
Build on ubuntu-latest for linux	Configure CMake	2026-01-31T22:05:04.7363570Z -- [download 60% complete]
Build on ubuntu-latest for linux	Configure CMake	2026-01-31T22:05:04.7379483Z -- [download 61% complete]
Build on ubuntu-latest for linux	Configure CMake	2026-01-31T22:05:04.7394872Z -- [download 62% complete]
Build on ubuntu-latest for linux	Configure CMake	2026-01-31T22:05:04.7408141Z -- [download 63% complete]
Build on ubuntu-latest for linux	Configure CMake	2026-01-31T22:05:04.7421787Z -- [download 64% complete]
Build on ubuntu-latest for linux	Configure CMake	2026-01-31T22:05:04.7436971Z -- [download 65% complete]
Build on ubuntu-latest for linux	Configure CMake	2026-01-31T22:05:04.7452375Z -- [download 66% complete]
Build on ubuntu-latest for linux	Configure CMake	2026-01-31T22:05:04.7467140Z -- [download 67% complete]
Build on ubuntu-latest for linux	Configure CMake	2026-01-31T22:05:04.7481563Z -- [download 68% complete]
Build on ubuntu-latest for linux	Configure CMake	2026-01-31T22:05:04.7495374Z -- [download 69% complete]
Build on ubuntu-latest for linux	Configure CMake	2026-01-31T22:05:04.7510150Z -- [download 70% complete]
Build on ubuntu-latest for linux	Configure CMake	2026-01-31T22:05:04.7524795Z -- [download 71% complete]
Build on ubuntu-latest for linux	Configure CMake	2026-01-31T22:05:04.7538705Z -- [download 72% complete]
Build on ubuntu-latest for linux	Configure CMake	2026-01-31T22:05:04.7553617Z -- [download 73% complete]
Build on ubuntu-latest for linux	Configure CMake	2026-01-31T22:05:04.7569296Z -- [download 74% complete]
Build on ubuntu-latest for linux	Configure CMake	2026-01-31T22:05:04.7583552Z -- [download 75% complete]
Build on ubuntu-latest for linux	Configure CMake	2026-01-31T22:05:04.7597869Z -- [download 76% complete]
Build on ubuntu-latest for linux	Configure CMake	2026-01-31T22:05:04.7618121Z -- [download 77% complete]
Build on ubuntu-latest for linux	Configure CMake	2026-01-31T22:05:04.7632283Z -- [download 78% complete]
Build on ubuntu-latest for linux	Configure CMake	2026-01-31T22:05:04.7647435Z -- [download 79% complete]
Build on ubuntu-latest for linux	Configure CMake	2026-01-31T22:05:04.7662927Z -- [download 80% complete]
Build on ubuntu-latest for linux	Configure CMake	2026-01-31T22:05:04.7678269Z -- [download 81% complete]
Build on ubuntu-latest for linux	Configure CMake	2026-01-31T22:05:04.7693115Z -- [download 82% complete]
Build on ubuntu-latest for linux	Configure CMake	2026-01-31T22:05:04.7707258Z -- [download 83% complete]
Build on ubuntu-latest for linux	Configure CMake	2026-01-31T22:05:04.7722753Z -- [download 84% complete]
Build on ubuntu-latest for linux	Configure CMake	2026-01-31T22:05:04.7739035Z -- [download 85% complete]
Build on ubuntu-latest for linux	Configure CMake	2026-01-31T22:05:04.7754338Z -- [download 86% complete]
Build on ubuntu-latest for linux	Configure CMake	2026-01-31T22:05:04.7769477Z -- [download 87% complete]
Build on ubuntu-latest for linux	Configure CMake	2026-01-31T22:05:04.7783575Z -- [download 88% complete]
Build on ubuntu-latest for linux	Configure CMake	2026-01-31T22:05:04.7797865Z -- [download 89% complete]
Build on ubuntu-latest for linux	Configure CMake	2026-01-31T22:05:04.7811666Z -- [download 90% complete]
Build on ubuntu-latest for linux	Configure CMake	2026-01-31T22:05:04.7826141Z -- [download 91% complete]
Build on ubuntu-latest for linux	Configure CMake	2026-01-31T22:05:04.7840409Z -- [download 92% complete]
Build on ubuntu-latest for linux	Configure CMake	2026-01-31T22:05:04.7854866Z -- [download 93% complete]
Build on ubuntu-latest for linux	Configure CMake	2026-01-31T22:05:04.7869410Z -- [download 94% complete]
Build on ubuntu-latest for linux	Configure CMake	2026-01-31T22:05:04.7883742Z -- [download 95% complete]
Build on ubuntu-latest for linux	Configure CMake	2026-01-31T22:05:04.7898054Z -- [download 96% complete]
Build on ubuntu-latest for linux	Configure CMake	2026-01-31T22:05:04.7912805Z -- [download 97% complete]
Build on ubuntu-latest for linux	Configure CMake	2026-01-31T22:05:04.7927207Z -- [download 98% complete]
Build on ubuntu-latest for linux	Configure CMake	2026-01-31T22:05:04.7941449Z -- [download 99% complete]
Build on ubuntu-latest for linux	Configure CMake	2026-01-31T22:05:04.7956011Z -- [download 100% complete]
Build on ubuntu-latest for linux	Configure CMake	2026-01-31T22:05:04.7977994Z -- Downloading Chinese font...
Build on ubuntu-latest for linux	Configure CMake	2026-01-31T22:05:05.2587856Z -- [download 0% complete]
Build on ubuntu-latest for linux	Configure CMake	2026-01-31T22:05:05.2695969Z -- [download 1% complete]
Build on ubuntu-latest for linux	Configure CMake	2026-01-31T22:05:05.2785076Z -- [download 2% complete]
Build on ubuntu-latest for linux	Configure CMake	2026-01-31T22:05:05.2849641Z -- [download 3% complete]
Build on ubuntu-latest for linux	Configure CMake	2026-01-31T22:05:05.2871334Z -- [download 4% complete]
Build on ubuntu-latest for linux	Configure CMake	2026-01-31T22:05:05.2924916Z -- [download 5% complete]
Build on ubuntu-latest for linux	Configure CMake	2026-01-31T22:05:05.2939372Z -- [download 6% complete]
Build on ubuntu-latest for linux	Configure CMake	2026-01-31T22:05:05.2954740Z -- [download 7% complete]
Build on ubuntu-latest for linux	Configure CMake	2026-01-31T22:05:05.2968845Z -- [download 8% complete]
Build on ubuntu-latest for linux	Configure CMake	2026-01-31T22:05:05.2998435Z -- [download 9% complete]
Build on ubuntu-latest for linux	Configure CMake	2026-01-31T22:05:05.3014745Z -- [download 10% complete]
Build on ubuntu-latest for linux	Configure CMake	2026-01-31T22:05:05.3030074Z -- [download 11% complete]
Build on ubuntu-latest for linux	Configure CMake	2026-01-31T22:05:05.3045094Z -- [download 12% complete]
Build on ubuntu-latest for linux	Configure CMake	2026-01-31T22:05:05.3059740Z -- [download 13% complete]
Build on ubuntu-latest for linux	Configure CMake	2026-01-31T22:05:05.3075938Z -- [download 14% complete]
Build on ubuntu-latest for linux	Configure CMake	2026-01-31T22:05:05.3091221Z -- [download 15% complete]
Build on ubuntu-latest for linux	Configure CMake	2026-01-31T22:05:05.3107387Z -- [download 16% complete]
Build on ubuntu-latest for linux	Configure CMake	2026-01-31T22:05:05.3123975Z -- [download 17% complete]
Build on ubuntu-latest for linux	Configure CMake	2026-01-31T22:05:05.3138714Z -- [download 18% complete]
Build on ubuntu-latest for linux	Configure CMake	2026-01-31T22:05:05.3156136Z -- [download 19% complete]
Build on ubuntu-latest for linux	Configure CMake	2026-01-31T22:05:05.3171101Z -- [download 20% complete]
Build on ubuntu-latest for linux	Configure CMake	2026-01-31T22:05:05.3186209Z -- [download 21% complete]
Build on ubuntu-latest for linux	Configure CMake	2026-01-31T22:05:05.3201522Z -- [download 22% complete]
Build on ubuntu-latest for linux	Configure CMake	2026-01-31T22:05:05.3215924Z -- [download 23% complete]
Build on ubuntu-latest for linux	Configure CMake	2026-01-31T22:05:05.3231002Z -- [download 24% complete]
Build on ubuntu-latest for linux	Configure CMake	2026-01-31T22:05:05.3246318Z -- [download 25% complete]
Build on ubuntu-latest for linux	Configure CMake	2026-01-31T22:05:05.3261215Z -- [download 26% complete]
Build on ubuntu-latest for linux	Configure CMake	2026-01-31T22:05:05.3276591Z -- [download 27% complete]
Build on ubuntu-latest for linux	Configure CMake	2026-01-31T22:05:05.3291165Z -- [download 28% complete]
Build on ubuntu-latest for linux	Configure CMake	2026-01-31T22:05:05.3306636Z -- [download 29% complete]
Build on ubuntu-latest for linux	Configure CMake	2026-01-31T22:05:05.3321947Z -- [download 30% complete]
Build on ubuntu-latest for linux	Configure CMake	2026-01-31T22:05:05.3338112Z -- [download 31% complete]
Build on ubuntu-latest for linux	Configure CMake	2026-01-31T22:05:05.3351458Z -- [download 32% complete]
Build on ubuntu-latest for linux	Configure CMake	2026-01-31T22:05:05.3366501Z -- [download 33% complete]
Build on ubuntu-latest for linux	Configure CMake	2026-01-31T22:05:05.3381515Z -- [download 34% complete]
Build on ubuntu-latest for linux	Configure CMake	2026-01-31T22:05:05.3396370Z -- [download 35% complete]
Build on ubuntu-latest for linux	Configure CMake	2026-01-31T22:05:05.3411368Z -- [download 36% complete]
Build on ubuntu-latest for linux	Configure CMake	2026-01-31T22:05:05.3426269Z -- [download 37% complete]
Build on ubuntu-latest for linux	Configure CMake	2026-01-31T22:05:05.3441090Z -- [download 38% complete]
Build on ubuntu-latest for linux	Configure CMake	2026-01-31T22:05:05.3455939Z -- [download 39% complete]
Build on ubuntu-latest for linux	Configure CMake	2026-01-31T22:05:05.3470916Z -- [download 40% complete]
Build on ubuntu-latest for linux	Configure CMake	2026-01-31T22:05:05.3486104Z -- [download 41% complete]
Build on ubuntu-latest for linux	Configure CMake	2026-01-31T22:05:05.3501304Z -- [download 42% complete]
Build on ubuntu-latest for linux	Configure CMake	2026-01-31T22:05:05.3516902Z -- [download 43% complete]
Build on ubuntu-latest for linux	Configure CMake	2026-01-31T22:05:05.3532409Z -- [download 44% complete]
Build on ubuntu-latest for linux	Configure CMake	2026-01-31T22:05:05.3547294Z -- [download 45% complete]
Build on ubuntu-latest for linux	Configure CMake	2026-01-31T22:05:05.3562415Z -- [download 46% complete]
Build on ubuntu-latest for linux	Configure CMake	2026-01-31T22:05:05.3577432Z -- [download 47% complete]
Build on ubuntu-latest for linux	Configure CMake	2026-01-31T22:05:05.3592667Z -- [download 48% complete]
Build on ubuntu-latest for linux	Configure CMake	2026-01-31T22:05:05.3607115Z -- [download 49% complete]
Build on ubuntu-latest for linux	Configure CMake	2026-01-31T22:05:05.3622002Z -- [download 50% complete]
Build on ubuntu-latest for linux	Configure CMake	2026-01-31T22:05:05.3637077Z -- [download 51% complete]
Build on ubuntu-latest for linux	Configure CMake	2026-01-31T22:05:05.3652362Z -- [download 52% complete]
Build on ubuntu-latest for linux	Configure CMake	2026-01-31T22:05:05.3667604Z -- [download 53% complete]
Build on ubuntu-latest for linux	Configure CMake	2026-01-31T22:05:05.3682309Z -- [download 54% complete]
Build on ubuntu-latest for linux	Configure CMake	2026-01-31T22:05:05.3700758Z -- [download 55% complete]
Build on ubuntu-latest for linux	Configure CMake	2026-01-31T22:05:05.3715175Z -- [download 56% complete]
Build on ubuntu-latest for linux	Configure CMake	2026-01-31T22:05:05.3730358Z -- [download 57% complete]
Build on ubuntu-latest for linux	Configure CMake	2026-01-31T22:05:05.3745849Z -- [download 58% complete]
Build on ubuntu-latest for linux	Configure CMake	2026-01-31T22:05:05.3761348Z -- [download 59% complete]
Build on ubuntu-latest for linux	Configure CMake	2026-01-31T22:05:05.3776772Z -- [download 60% complete]
Build on ubuntu-latest for linux	Configure CMake	2026-01-31T22:05:05.3791537Z -- [download 61% complete]
Build on ubuntu-latest for linux	Configure CMake	2026-01-31T22:05:05.3806271Z -- [download 62% complete]
Build on ubuntu-latest for linux	Configure CMake	2026-01-31T22:05:05.3821206Z -- [download 63% complete]
Build on ubuntu-latest for linux	Configure CMake	2026-01-31T22:05:05.3835932Z -- [download 64% complete]
Build on ubuntu-latest for linux	Configure CMake	2026-01-31T22:05:05.3851144Z -- [download 65% complete]
Build on ubuntu-latest for linux	Configure CMake	2026-01-31T22:05:05.3866195Z -- [download 66% complete]
Build on ubuntu-latest for linux	Configure CMake	2026-01-31T22:05:05.3880216Z -- [download 67% complete]
Build on ubuntu-latest for linux	Configure CMake	2026-01-31T22:05:05.3895425Z -- [download 68% complete]
Build on ubuntu-latest for linux	Configure CMake	2026-01-31T22:05:05.3910119Z -- [download 69% complete]
Build on ubuntu-latest for linux	Configure CMake	2026-01-31T22:05:05.3925151Z -- [download 70% complete]
Build on ubuntu-latest for linux	Configure CMake	2026-01-31T22:05:05.3940342Z -- [download 71% complete]
Build on ubuntu-latest for linux	Configure CMake	2026-01-31T22:05:05.3956388Z -- [download 72% complete]
Build on ubuntu-latest for linux	Configure CMake	2026-01-31T22:05:05.3971049Z -- [download 73% complete]
Build on ubuntu-latest for linux	Configure CMake	2026-01-31T22:05:05.3986357Z -- [download 74% complete]
Build on ubuntu-latest for linux	Configure CMake	2026-01-31T22:05:05.4001462Z -- [download 75% complete]
Build on ubuntu-latest for linux	Configure CMake	2026-01-31T22:05:05.4016814Z -- [download 76% complete]
Build on ubuntu-latest for linux	Configure CMake	2026-01-31T22:05:05.4031973Z -- [download 77% complete]
Build on ubuntu-latest for linux	Configure CMake	2026-01-31T22:05:05.4046774Z -- [download 78% complete]
Build on ubuntu-latest for linux	Configure CMake	2026-01-31T22:05:05.4060562Z -- [download 79% complete]
Build on ubuntu-latest for linux	Configure CMake	2026-01-31T22:05:05.4075388Z -- [download 80% complete]
Build on ubuntu-latest for linux	Configure CMake	2026-01-31T22:05:05.4091023Z -- [download 81% complete]
Build on ubuntu-latest for linux	Configure CMake	2026-01-31T22:05:05.4105522Z -- [download 82% complete]
Build on ubuntu-latest for linux	Configure CMake	2026-01-31T22:05:05.4119803Z -- [download 83% complete]
Build on ubuntu-latest for linux	Configure CMake	2026-01-31T22:05:05.4134211Z -- [download 84% complete]
Build on ubuntu-latest for linux	Configure CMake	2026-01-31T22:05:05.4148885Z -- [download 85% complete]
Build on ubuntu-latest for linux	Configure CMake	2026-01-31T22:05:05.4163338Z -- [download 86% complete]
Build on ubuntu-latest for linux	Configure CMake	2026-01-31T22:05:05.4177787Z -- [download 87% complete]
Build on ubuntu-latest for linux	Configure CMake	2026-01-31T22:05:05.4192276Z -- [download 88% complete]
Build on ubuntu-latest for linux	Configure CMake	2026-01-31T22:05:05.4206964Z -- [download 89% complete]
Build on ubuntu-latest for linux	Configure CMake	2026-01-31T22:05:05.4221504Z -- [download 90% complete]
Build on ubuntu-latest for linux	Configure CMake	2026-01-31T22:05:05.4235445Z -- [download 91% complete]
Build on ubuntu-latest for linux	Configure CMake	2026-01-31T22:05:05.4250631Z -- [download 92% complete]
Build on ubuntu-latest for linux	Configure CMake	2026-01-31T22:05:05.4265044Z -- [download 93% complete]
Build on ubuntu-latest for linux	Configure CMake	2026-01-31T22:05:05.4279686Z -- [download 94% complete]
Build on ubuntu-latest for linux	Configure CMake	2026-01-31T22:05:05.4293896Z -- [download 95% complete]
Build on ubuntu-latest for linux	Configure CMake	2026-01-31T22:05:05.4308218Z -- [download 96% complete]
Build on ubuntu-latest for linux	Configure CMake	2026-01-31T22:05:05.4322868Z -- [download 97% complete]
Build on ubuntu-latest for linux	Configure CMake	2026-01-31T22:05:05.4338138Z -- [download 98% complete]
Build on ubuntu-latest for linux	Configure CMake	2026-01-31T22:05:05.4351914Z -- [download 99% complete]
Build on ubuntu-latest for linux	Configure CMake	2026-01-31T22:05:05.4365164Z -- [download 100% complete]
Build on ubuntu-latest for linux	Configure CMake	2026-01-31T22:05:05.5997370Z -- Found Python3: /usr/bin/python3.12 (found version "3.12.3") found components: Interpreter
Build on ubuntu-latest for linux	Configure CMake	2026-01-31T22:05:16.0387270Z -- Performing Test CMAKE_HAVE_LIBC_PTHREAD
Build on ubuntu-latest for linux	Configure CMake	2026-01-31T22:05:16.1335155Z -- Performing Test CMAKE_HAVE_LIBC_PTHREAD - Success
Build on ubuntu-latest for linux	Configure CMake	2026-01-31T22:05:16.1345479Z -- Found Threads: TRUE
Build on ubuntu-latest for linux	Configure CMake	2026-01-31T22:05:16.1435998Z -- Could NOT find Doxygen (missing: DOXYGEN_EXECUTABLE) 
Build on ubuntu-latest for linux	Configure CMake	2026-01-31T22:05:16.1437425Z -- Using X11 for window creation
Build on ubuntu-latest for linux	Configure CMake	2026-01-31T22:05:16.1917655Z -- Found X11: /usr/include
Build on ubuntu-latest for linux	Configure CMake	2026-01-31T22:05:16.2120600Z -- Looking for XOpenDisplay in /usr/lib/x86_64-linux-gnu/libX11.so;/usr/lib/x86_64-linux-gnu/libXext.so
Build on ubuntu-latest for linux	Configure CMake	2026-01-31T22:05:16.2634906Z -- Looking for XOpenDisplay in /usr/lib/x86_64-linux-gnu/libX11.so;/usr/lib/x86_64-linux-gnu/libXext.so - found
Build on ubuntu-latest for linux	Configure CMake	2026-01-31T22:05:16.2635591Z -- Looking for gethostbyname
Build on ubuntu-latest for linux	Configure CMake	2026-01-31T22:05:16.3069822Z -- Looking for gethostbyname - found
Build on ubuntu-latest for linux	Configure CMake	2026-01-31T22:05:16.3070268Z -- Looking for connect
Build on ubuntu-latest for linux	Configure CMake	2026-01-31T22:05:16.3494433Z -- Looking for connect - found
Build on ubuntu-latest for linux	Configure CMake	2026-01-31T22:05:16.3494856Z -- Looking for remove
Build on ubuntu-latest for linux	Configure CMake	2026-01-31T22:05:16.3921117Z -- Looking for remove - found
Build on ubuntu-latest for linux	Configure CMake	2026-01-31T22:05:16.3921657Z -- Looking for shmat
Build on ubuntu-latest for linux	Configure CMake	2026-01-31T22:05:16.4357992Z -- Looking for shmat - found
Build on ubuntu-latest for linux	Configure CMake	2026-01-31T22:05:34.8034108Z CMake Warning (dev) at /usr/local/share/cmake-3.31/Modules/FetchContent.cmake:1953 (message):
Build on ubuntu-latest for linux	Configure CMake	2026-01-31T22:05:34.8034994Z   Calling FetchContent_Populate(imgui_filedialog) is deprecated, call
Build on ubuntu-latest for linux	Configure CMake	2026-01-31T22:05:34.8035708Z   FetchContent_MakeAvailable(imgui_filedialog) instead.  Policy CMP0169 can
Build on ubuntu-latest for linux	Configure CMake	2026-01-31T22:05:34.8036316Z   be set to OLD to allow FetchContent_Populate(imgui_filedialog) to be called
Build on ubuntu-latest for linux	Configure CMake	2026-01-31T22:05:34.8036940Z   directly for now, but the ability to call it with declared details will be
Build on ubuntu-latest for linux	Configure CMake	2026-01-31T22:05:34.8037442Z   removed completely in a future version.
Build on ubuntu-latest for linux	Configure CMake	2026-01-31T22:05:34.8037783Z Call Stack (most recent call first):
Build on ubuntu-latest for linux	Configure CMake	2026-01-31T22:05:34.8038135Z   CMakeLists.txt:95 (FetchContent_Populate)
Build on ubuntu-latest for linux	Configure CMake	2026-01-31T22:05:34.8038619Z This warning is for project developers.  Use -Wno-dev to suppress it.
Build on ubuntu-latest for linux	Configure CMake	2026-01-31T22:05:34.8038956Z 
Build on ubuntu-latest for linux	Configure CMake	2026-01-31T22:05:34.8039258Z CMake Error at /usr/local/share/cmake-3.31/Modules/FetchContent.cmake:1263 (message):
Build on ubuntu-latest for linux	Configure CMake	2026-01-31T22:05:34.8039899Z   No content details recorded for imgui_filedialog
Build on ubuntu-latest for linux	Configure CMake	2026-01-31T22:05:34.8040176Z Call Stack (most recent call first):
Build on ubuntu-latest for linux	Configure CMake	2026-01-31T22:05:34.8040561Z   /usr/local/share/cmake-3.31/Modules/FetchContent.cmake:2034 (__FetchContent_getSavedDetails)
Build on ubuntu-latest for linux	Configure CMake	2026-01-31T22:05:34.8041108Z   /usr/local/share/cmake-3.31/Modules/FetchContent.cmake:1978:EVAL:1 (__FetchContent_Populate)
Build on ubuntu-latest for linux	Configure CMake	2026-01-31T22:05:34.8041585Z   /usr/local/share/cmake-3.31/Modules/FetchContent.cmake:1978 (cmake_language)
Build on ubuntu-latest for linux	Configure CMake	2026-01-31T22:05:34.8041942Z   CMakeLists.txt:95 (FetchContent_Populate)
Build on ubuntu-latest for linux	Configure CMake	2026-01-31T22:05:34.8042382Z 
Build on ubuntu-latest for linux	Configure CMake	2026-01-31T22:05:34.8042392Z 
Build on ubuntu-latest for linux	Configure CMake	2026-01-31T22:05:34.8042566Z -- Configuring incomplete, errors occurred!
Build on ubuntu-latest for linux	Configure CMake	2026-01-31T22:05:34.8121368Z ##[error]Process completed with exit code 1.
Build on ubuntu-latest for linux	Post Checkout code	ï»¿2026-01-31T22:05:34.8216012Z Post job cleanup.
Build on ubuntu-latest for linux	Post Checkout code	2026-01-31T22:05:34.9078153Z [command]/usr/bin/git version
Build on ubuntu-latest for linux	Post Checkout code	2026-01-31T22:05:34.9109835Z git version 2.52.0
Build on ubuntu-latest for linux	Post Checkout code	2026-01-31T22:05:34.9149399Z Temporarily overriding HOME='/home/runner/work/_temp/3417a1a3-379b-4a51-b446-62ba14ec0037' before making global git config changes
Build on ubuntu-latest for linux	Post Checkout code	2026-01-31T22:05:34.9150615Z Adding repository directory to the temporary git global config as a safe directory
Build on ubuntu-latest for linux	Post Checkout code	2026-01-31T22:05:34.9155773Z [command]/usr/bin/git config --global --add safe.directory /home/runner/work/motor-curve-control/motor-curve-control
Build on ubuntu-latest for linux	Post Checkout code	2026-01-31T22:05:34.9186552Z [command]/usr/bin/git config --local --name-only --get-regexp core\.sshCommand
Build on ubuntu-latest for linux	Post Checkout code	2026-01-31T22:05:34.9213316Z [command]/usr/bin/git submodule foreach --recursive sh -c "git config --local --name-only --get-regexp 'core\.sshCommand' && git config --local --unset-all 'core.sshCommand' || :"
Build on ubuntu-latest for linux	Post Checkout code	2026-01-31T22:05:34.9387582Z [command]/usr/bin/git config --local --name-only --get-regexp http\.https\:\/\/github\.com\/\.extraheader
Build on ubuntu-latest for linux	Post Checkout code	2026-01-31T22:05:34.9404613Z http.https://github.com/.extraheader
Build on ubuntu-latest for linux	Post Checkout code	2026-01-31T22:05:34.9415602Z [command]/usr/bin/git config --local --unset-all http.https://github.com/.extraheader
Build on ubuntu-latest for linux	Post Checkout code	2026-01-31T22:05:34.9440363Z [command]/usr/bin/git submodule foreach --recursive sh -c "git config --local --name-only --get-regexp 'http\.https\:\/\/github\.com\/\.extraheader' && git config --local --unset-all 'http.https://github.com/.extraheader' || :"
Build on ubuntu-latest for linux	Post Checkout code	2026-01-31T22:05:34.9604537Z [command]/usr/bin/git config --local --name-only --get-regexp ^includeIf\.gitdir:
Build on ubuntu-latest for linux	Post Checkout code	2026-01-31T22:05:34.9628908Z [command]/usr/bin/git submodule foreach --recursive git config --local --show-origin --name-only --get-regexp remote.origin.url
Build on ubuntu-latest for linux	Complete job	ï»¿2026-01-31T22:05:34.9894840Z Cleaning up orphan processes
Build on ubuntu-latest for windows	Set up job	ï»¿2026-01-31T22:04:43.5226588Z Current runner version: '2.331.0'
Build on ubuntu-latest for windows	Set up job	2026-01-31T22:04:43.5250683Z ##[group]Runner Image Provisioner
Build on ubuntu-latest for windows	Set up job	2026-01-31T22:04:43.5251485Z Hosted Compute Agent
Build on ubuntu-latest for windows	Set up job	2026-01-31T22:04:43.5252114Z Version: 20260123.484
Build on ubuntu-latest for windows	Set up job	2026-01-31T22:04:43.5252698Z Commit: 6bd6555ca37d84114959e1c76d2c01448ff61c5d
Build on ubuntu-latest for windows	Set up job	2026-01-31T22:04:43.5253393Z Build Date: 2026-01-23T19:41:17Z
Build on ubuntu-latest for windows	Set up job	2026-01-31T22:04:43.5254009Z Worker ID: {cc1466ca-06ee-4b4b-9629-48e39443a595}
Build on ubuntu-latest for windows	Set up job	2026-01-31T22:04:43.5254803Z Azure Region: centralus
Build on ubuntu-latest for windows	Set up job	2026-01-31T22:04:43.5255351Z ##[endgroup]
Build on ubuntu-latest for windows	Set up job	2026-01-31T22:04:43.5256848Z ##[group]Operating System
Build on ubuntu-latest for windows	Set up job	2026-01-31T22:04:43.5257562Z Ubuntu
Build on ubuntu-latest for windows	Set up job	2026-01-31T22:04:43.5257995Z 24.04.3
Build on ubuntu-latest for windows	Set up job	2026-01-31T22:04:43.5258463Z LTS
Build on ubuntu-latest for windows	Set up job	2026-01-31T22:04:43.5258984Z ##[endgroup]
Build on ubuntu-latest for windows	Set up job	2026-01-31T22:04:43.5259476Z ##[group]Runner Image
Build on ubuntu-latest for windows	Set up job	2026-01-31T22:04:43.5259983Z Image: ubuntu-24.04
Build on ubuntu-latest for windows	Set up job	2026-01-31T22:04:43.5260569Z Version: 20260126.10.1
Build on ubuntu-latest for windows	Set up job	2026-01-31T22:04:43.5261556Z Included Software: https://github.com/actions/runner-images/blob/ubuntu24/20260126.10/images/ubuntu/Ubuntu2404-Readme.md
Build on ubuntu-latest for windows	Set up job	2026-01-31T22:04:43.5263237Z Image Release: https://github.com/actions/runner-images/releases/tag/ubuntu24%2F20260126.10
Build on ubuntu-latest for windows	Set up job	2026-01-31T22:04:43.5264083Z ##[endgroup]
Build on ubuntu-latest for windows	Set up job	2026-01-31T22:04:43.5265091Z ##[group]GITHUB_TOKEN Permissions
Build on ubuntu-latest for windows	Set up job	2026-01-31T22:04:43.5267142Z Contents: write
Build on ubuntu-latest for windows	Set up job	2026-01-31T22:04:43.5267716Z Metadata: read
Build on ubuntu-latest for windows	Set up job	2026-01-31T22:04:43.5268303Z ##[endgroup]
Build on ubuntu-latest for windows	Set up job	2026-01-31T22:04:43.5270360Z Secret source: Actions
Build on ubuntu-latest for windows	Set up job	2026-01-31T22:04:43.5271080Z Prepare workflow directory
Build on ubuntu-latest for windows	Set up job	2026-01-31T22:04:43.5599716Z Prepare all required actions
Build on ubuntu-latest for windows	Set up job	2026-01-31T22:04:43.5638260Z Getting action download info
Build on ubuntu-latest for windows	Set up job	2026-01-31T22:04:43.8926522Z Download action repository 'actions/checkout@v4' (SHA:34e114876b0b11c390a56381ad16ebd13914f8d5)
Build on ubuntu-latest for windows	Set up job	2026-01-31T22:04:44.0010634Z Download action repository 'actions/upload-artifact@v4' (SHA:ea165f8d65b6e75b540449e92b4886f43607fa02)
Build on ubuntu-latest for windows	Set up job	2026-01-31T22:04:44.2143270Z Complete job name: Build on ubuntu-latest for windows
Build on ubuntu-latest for windows	Checkout code	ï»¿2026-01-31T22:04:44.2835346Z ##[group]Run actions/checkout@v4
Build on ubuntu-latest for windows	Checkout code	2026-01-31T22:04:44.2836346Z with:
Build on ubuntu-latest for windows	Checkout code	2026-01-31T22:04:44.2836757Z   submodules: recursive
Build on ubuntu-latest for windows	Checkout code	2026-01-31T22:04:44.2837274Z   repository: oudeis01/motor-curve-control
Build on ubuntu-latest for windows	Checkout code	2026-01-31T22:04:44.2837971Z   token: ***
Build on ubuntu-latest for windows	Checkout code	2026-01-31T22:04:44.2838354Z   ssh-strict: true
Build on ubuntu-latest for windows	Checkout code	2026-01-31T22:04:44.2838747Z   ssh-user: git
Build on ubuntu-latest for windows	Checkout code	2026-01-31T22:04:44.2839145Z   persist-credentials: true
Build on ubuntu-latest for windows	Checkout code	2026-01-31T22:04:44.2839592Z   clean: true
Build on ubuntu-latest for windows	Checkout code	2026-01-31T22:04:44.2839989Z   sparse-checkout-cone-mode: true
Build on ubuntu-latest for windows	Checkout code	2026-01-31T22:04:44.2840464Z   fetch-depth: 1
Build on ubuntu-latest for windows	Checkout code	2026-01-31T22:04:44.2840840Z   fetch-tags: false
Build on ubuntu-latest for windows	Checkout code	2026-01-31T22:04:44.2841237Z   show-progress: true
Build on ubuntu-latest for windows	Checkout code	2026-01-31T22:04:44.2841639Z   lfs: false
Build on ubuntu-latest for windows	Checkout code	2026-01-31T22:04:44.2842013Z   set-safe-directory: true
Build on ubuntu-latest for windows	Checkout code	2026-01-31T22:04:44.2842688Z ##[endgroup]
Build on ubuntu-latest for windows	Checkout code	2026-01-31T22:04:44.3894318Z Syncing repository: oudeis01/motor-curve-control
Build on ubuntu-latest for windows	Checkout code	2026-01-31T22:04:44.3896349Z ##[group]Getting Git version info
Build on ubuntu-latest for windows	Checkout code	2026-01-31T22:04:44.3897379Z Working directory is '/home/runner/work/motor-curve-control/motor-curve-control'
Build on ubuntu-latest for windows	Checkout code	2026-01-31T22:04:44.3898553Z [command]/usr/bin/git version
Build on ubuntu-latest for windows	Checkout code	2026-01-31T22:04:44.3970644Z git version 2.52.0
Build on ubuntu-latest for windows	Checkout code	2026-01-31T22:04:44.3996634Z ##[endgroup]
Build on ubuntu-latest for windows	Checkout code	2026-01-31T22:04:44.4012156Z Temporarily overriding HOME='/home/runner/work/_temp/5cd5bf84-097b-4f2f-a4d1-600f8fd314d7' before making global git config changes
Build on ubuntu-latest for windows	Checkout code	2026-01-31T22:04:44.4014533Z Adding repository directory to the temporary git global config as a safe directory
Build on ubuntu-latest for windows	Checkout code	2026-01-31T22:04:44.4025536Z [command]/usr/bin/git config --global --add safe.directory /home/runner/work/motor-curve-control/motor-curve-control
Build on ubuntu-latest for windows	Checkout code	2026-01-31T22:04:44.4063677Z Deleting the contents of '/home/runner/work/motor-curve-control/motor-curve-control'
Build on ubuntu-latest for windows	Checkout code	2026-01-31T22:04:44.4067514Z ##[group]Initializing the repository
Build on ubuntu-latest for windows	Checkout code	2026-01-31T22:04:44.4072536Z [command]/usr/bin/git init /home/runner/work/motor-curve-control/motor-curve-control
Build on ubuntu-latest for windows	Checkout code	2026-01-31T22:04:44.4182910Z hint: Using 'master' as the name for the initial branch. This default branch name
Build on ubuntu-latest for windows	Checkout code	2026-01-31T22:04:44.4184237Z hint: will change to "main" in Git 3.0. To configure the initial branch name
Build on ubuntu-latest for windows	Checkout code	2026-01-31T22:04:44.4185429Z hint: to use in all of your new repositories, which will suppress this warning,
Build on ubuntu-latest for windows	Checkout code	2026-01-31T22:04:44.4186348Z hint: call:
Build on ubuntu-latest for windows	Checkout code	2026-01-31T22:04:44.4186750Z hint:
Build on ubuntu-latest for windows	Checkout code	2026-01-31T22:04:44.4187417Z hint: 	git config --global init.defaultBranch <name>
Build on ubuntu-latest for windows	Checkout code	2026-01-31T22:04:44.4187983Z hint:
Build on ubuntu-latest for windows	Checkout code	2026-01-31T22:04:44.4188508Z hint: Names commonly chosen instead of 'master' are 'main', 'trunk' and
Build on ubuntu-latest for windows	Checkout code	2026-01-31T22:04:44.4189376Z hint: 'development'. The just-created branch can be renamed via this command:
Build on ubuntu-latest for windows	Checkout code	2026-01-31T22:04:44.4190048Z hint:
Build on ubuntu-latest for windows	Checkout code	2026-01-31T22:04:44.4190421Z hint: 	git branch -m <name>
Build on ubuntu-latest for windows	Checkout code	2026-01-31T22:04:44.4190854Z hint:
Build on ubuntu-latest for windows	Checkout code	2026-01-31T22:04:44.4191413Z hint: Disable this message with "git config set advice.defaultBranchName false"
Build on ubuntu-latest for windows	Checkout code	2026-01-31T22:04:44.4209407Z Initialized empty Git repository in /home/runner/work/motor-curve-control/motor-curve-control/.git/
Build on ubuntu-latest for windows	Checkout code	2026-01-31T22:04:44.4221083Z [command]/usr/bin/git remote add origin https://github.com/oudeis01/motor-curve-control
Build on ubuntu-latest for windows	Checkout code	2026-01-31T22:04:44.4255847Z ##[endgroup]
Build on ubuntu-latest for windows	Checkout code	2026-01-31T22:04:44.4257303Z ##[group]Disabling automatic garbage collection
Build on ubuntu-latest for windows	Checkout code	2026-01-31T22:04:44.4260956Z [command]/usr/bin/git config --local gc.auto 0
Build on ubuntu-latest for windows	Checkout code	2026-01-31T22:04:44.4289360Z ##[endgroup]
Build on ubuntu-latest for windows	Checkout code	2026-01-31T22:04:44.4290562Z ##[group]Setting up auth
Build on ubuntu-latest for windows	Checkout code	2026-01-31T22:04:44.4296668Z [command]/usr/bin/git config --local --name-only --get-regexp core\.sshCommand
Build on ubuntu-latest for windows	Checkout code	2026-01-31T22:04:44.4327157Z [command]/usr/bin/git submodule foreach --recursive sh -c "git config --local --name-only --get-regexp 'core\.sshCommand' && git config --local --unset-all 'core.sshCommand' || :"
Build on ubuntu-latest for windows	Checkout code	2026-01-31T22:04:44.4667459Z [command]/usr/bin/git config --local --name-only --get-regexp http\.https\:\/\/github\.com\/\.extraheader
Build on ubuntu-latest for windows	Checkout code	2026-01-31T22:04:44.4697146Z [command]/usr/bin/git submodule foreach --recursive sh -c "git config --local --name-only --get-regexp 'http\.https\:\/\/github\.com\/\.extraheader' && git config --local --unset-all 'http.https://github.com/.extraheader' || :"
Build on ubuntu-latest for windows	Checkout code	2026-01-31T22:04:44.4913670Z [command]/usr/bin/git config --local --name-only --get-regexp ^includeIf\.gitdir:
Build on ubuntu-latest for windows	Checkout code	2026-01-31T22:04:44.4953042Z [command]/usr/bin/git submodule foreach --recursive git config --local --show-origin --name-only --get-regexp remote.origin.url
Build on ubuntu-latest for windows	Checkout code	2026-01-31T22:04:44.5193370Z [command]/usr/bin/git config --local http.https://github.com/.extraheader AUTHORIZATION: basic ***
Build on ubuntu-latest for windows	Checkout code	2026-01-31T22:04:44.5227162Z ##[endgroup]
Build on ubuntu-latest for windows	Checkout code	2026-01-31T22:04:44.5228439Z ##[group]Fetching the repository
Build on ubuntu-latest for windows	Checkout code	2026-01-31T22:04:44.5236507Z [command]/usr/bin/git -c protocol.version=2 fetch --no-tags --prune --no-recurse-submodules --depth=1 origin +9f95807f0e67fa984ffcd2ccb731e1c53d010b52:refs/tags/v1.0.1
Build on ubuntu-latest for windows	Checkout code	2026-01-31T22:04:44.8012349Z From https://github.com/oudeis01/motor-curve-control
Build on ubuntu-latest for windows	Checkout code	2026-01-31T22:04:44.8013619Z  * [new ref]         9f95807f0e67fa984ffcd2ccb731e1c53d010b52 -> v1.0.1
Build on ubuntu-latest for windows	Checkout code	2026-01-31T22:04:44.8040681Z ##[endgroup]
Build on ubuntu-latest for windows	Checkout code	2026-01-31T22:04:44.8041872Z ##[group]Determining the checkout info
Build on ubuntu-latest for windows	Checkout code	2026-01-31T22:04:44.8043277Z ##[endgroup]
Build on ubuntu-latest for windows	Checkout code	2026-01-31T22:04:44.8048413Z [command]/usr/bin/git sparse-checkout disable
Build on ubuntu-latest for windows	Checkout code	2026-01-31T22:04:44.8089453Z [command]/usr/bin/git config --local --unset-all extensions.worktreeConfig
Build on ubuntu-latest for windows	Checkout code	2026-01-31T22:04:44.8114833Z ##[group]Checking out the ref
Build on ubuntu-latest for windows	Checkout code	2026-01-31T22:04:44.8119298Z [command]/usr/bin/git checkout --progress --force refs/tags/v1.0.1
Build on ubuntu-latest for windows	Checkout code	2026-01-31T22:04:45.4492993Z Note: switching to 'refs/tags/v1.0.1'.
Build on ubuntu-latest for windows	Checkout code	2026-01-31T22:04:45.4494209Z 
Build on ubuntu-latest for windows	Checkout code	2026-01-31T22:04:45.4495178Z You are in 'detached HEAD' state. You can look around, make experimental
Build on ubuntu-latest for windows	Checkout code	2026-01-31T22:04:45.4497157Z changes and commit them, and you can discard any commits you make in this
Build on ubuntu-latest for windows	Checkout code	2026-01-31T22:04:45.4498451Z state without impacting any branches by switching back to a branch.
Build on ubuntu-latest for windows	Checkout code	2026-01-31T22:04:45.4499206Z 
Build on ubuntu-latest for windows	Checkout code	2026-01-31T22:04:45.4499706Z If you want to create a new branch to retain commits you create, you may
Build on ubuntu-latest for windows	Checkout code	2026-01-31T22:04:45.4501115Z do so (now or later) by using -c with the switch command. Example:
Build on ubuntu-latest for windows	Checkout code	2026-01-31T22:04:45.4501825Z 
Build on ubuntu-latest for windows	Checkout code	2026-01-31T22:04:45.4502177Z   git switch -c <new-branch-name>
Build on ubuntu-latest for windows	Checkout code	2026-01-31T22:04:45.4502706Z 
Build on ubuntu-latest for windows	Checkout code	2026-01-31T22:04:45.4503247Z Or undo this operation with:
Build on ubuntu-latest for windows	Checkout code	2026-01-31T22:04:45.4503730Z 
Build on ubuntu-latest for windows	Checkout code	2026-01-31T22:04:45.4503975Z   git switch -
Build on ubuntu-latest for windows	Checkout code	2026-01-31T22:04:45.4504357Z 
Build on ubuntu-latest for windows	Checkout code	2026-01-31T22:04:45.4505007Z Turn off this advice by setting config variable advice.detachedHead to false
Build on ubuntu-latest for windows	Checkout code	2026-01-31T22:04:45.4505935Z 
Build on ubuntu-latest for windows	Checkout code	2026-01-31T22:04:45.4506811Z HEAD is now at 9f95807 build: disable unnecessary GLFW examples and tests in CI
Build on ubuntu-latest for windows	Checkout code	2026-01-31T22:04:45.4729586Z ##[endgroup]
Build on ubuntu-latest for windows	Checkout code	2026-01-31T22:04:45.4730808Z ##[group]Setting up auth for fetching submodules
Build on ubuntu-latest for windows	Checkout code	2026-01-31T22:04:45.4735300Z [command]/usr/bin/git config --global http.https://github.com/.extraheader AUTHORIZATION: basic ***
Build on ubuntu-latest for windows	Checkout code	2026-01-31T22:04:45.4771470Z [command]/usr/bin/git config --global --unset-all url.https://github.com/.insteadOf
Build on ubuntu-latest for windows	Checkout code	2026-01-31T22:04:45.4800596Z [command]/usr/bin/git config --global --add url.https://github.com/.insteadOf git@github.com:
Build on ubuntu-latest for windows	Checkout code	2026-01-31T22:04:45.4830317Z [command]/usr/bin/git config --global --add url.https://github.com/.insteadOf org-181175220@github.com:
Build on ubuntu-latest for windows	Checkout code	2026-01-31T22:04:45.4857416Z ##[endgroup]
Build on ubuntu-latest for windows	Checkout code	2026-01-31T22:04:45.4859392Z ##[group]Fetching submodules
Build on ubuntu-latest for windows	Checkout code	2026-01-31T22:04:45.4861222Z [command]/usr/bin/git submodule sync --recursive
Build on ubuntu-latest for windows	Checkout code	2026-01-31T22:04:45.5078332Z [command]/usr/bin/git -c protocol.version=2 submodule update --init --force --depth=1 --recursive
Build on ubuntu-latest for windows	Checkout code	2026-01-31T22:04:45.5294426Z [command]/usr/bin/git submodule foreach --recursive git config --local gc.auto 0
Build on ubuntu-latest for windows	Checkout code	2026-01-31T22:04:45.5504128Z ##[endgroup]
Build on ubuntu-latest for windows	Checkout code	2026-01-31T22:04:45.5505690Z ##[group]Persisting credentials for submodules
Build on ubuntu-latest for windows	Checkout code	2026-01-31T22:04:45.5511492Z [command]/usr/bin/git submodule foreach --recursive sh -c "git config --local --name-only --get-regexp 'url\.https\:\/\/github\.com\/\.insteadOf' && git config --local --unset-all 'url.https://github.com/.insteadOf' || :"
Build on ubuntu-latest for windows	Checkout code	2026-01-31T22:04:45.5723653Z [command]/usr/bin/git submodule foreach --recursive sh -c "git config --local 'http.https://github.com/.extraheader' 'AUTHORIZATION: basic ***' && git config --local --show-origin --name-only --get-regexp remote.origin.url"
Build on ubuntu-latest for windows	Checkout code	2026-01-31T22:04:45.5935612Z [command]/usr/bin/git submodule foreach --recursive git config --local --add 'url.https://github.com/.insteadOf' 'git@github.com:'
Build on ubuntu-latest for windows	Checkout code	2026-01-31T22:04:45.6149440Z [command]/usr/bin/git submodule foreach --recursive git config --local --add 'url.https://github.com/.insteadOf' 'org-181175220@github.com:'
Build on ubuntu-latest for windows	Checkout code	2026-01-31T22:04:45.6355377Z ##[endgroup]
Build on ubuntu-latest for windows	Checkout code	2026-01-31T22:04:45.6389213Z [command]/usr/bin/git log -1 --format=%H
Build on ubuntu-latest for windows	Checkout code	2026-01-31T22:04:45.6411211Z 9f95807f0e67fa984ffcd2ccb731e1c53d010b52
Build on ubuntu-latest for windows	Install Dependencies (Windows Cross-compile)	ï»¿2026-01-31T22:04:45.6653804Z ##[group]Run sudo apt-get update
Build on ubuntu-latest for windows	Install Dependencies (Windows Cross-compile)	2026-01-31T22:04:45.6654956Z [36;1msudo apt-get update[0m
Build on ubuntu-latest for windows	Install Dependencies (Windows Cross-compile)	2026-01-31T22:04:45.6656028Z [36;1msudo apt-get install -y mingw-w64[0m
Build on ubuntu-latest for windows	Install Dependencies (Windows Cross-compile)	2026-01-31T22:04:45.6692695Z shell: /usr/bin/bash -e {0}
Build on ubuntu-latest for windows	Install Dependencies (Windows Cross-compile)	2026-01-31T22:04:45.6693675Z ##[endgroup]
Build on ubuntu-latest for windows	Install Dependencies (Windows Cross-compile)	2026-01-31T22:04:45.7848150Z Get:1 file:/etc/apt/apt-mirrors.txt Mirrorlist [144 B]
Build on ubuntu-latest for windows	Install Dependencies (Windows Cross-compile)	2026-01-31T22:04:45.8177828Z Hit:6 https://packages.microsoft.com/repos/azure-cli noble InRelease
Build on ubuntu-latest for windows	Install Dependencies (Windows Cross-compile)	2026-01-31T22:04:45.8187968Z Get:7 https://packages.microsoft.com/ubuntu/24.04/prod noble InRelease [3600 B]
Build on ubuntu-latest for windows	Install Dependencies (Windows Cross-compile)	2026-01-31T22:04:45.9047192Z Hit:2 http://azure.archive.ubuntu.com/ubuntu noble InRelease
Build on ubuntu-latest for windows	Install Dependencies (Windows Cross-compile)	2026-01-31T22:04:45.9056733Z Get:3 http://azure.archive.ubuntu.com/ubuntu noble-updates InRelease [126 kB]
Build on ubuntu-latest for windows	Install Dependencies (Windows Cross-compile)	2026-01-31T22:04:45.9095909Z Get:4 http://azure.archive.ubuntu.com/ubuntu noble-backports InRelease [126 kB]
Build on ubuntu-latest for windows	Install Dependencies (Windows Cross-compile)	2026-01-31T22:04:45.9118482Z Get:5 http://azure.archive.ubuntu.com/ubuntu noble-security InRelease [126 kB]
Build on ubuntu-latest for windows	Install Dependencies (Windows Cross-compile)	2026-01-31T22:04:45.9648593Z Get:8 https://packages.microsoft.com/ubuntu/24.04/prod noble/main amd64 Packages [87.8 kB]
Build on ubuntu-latest for windows	Install Dependencies (Windows Cross-compile)	2026-01-31T22:04:45.9854096Z Get:9 https://packages.microsoft.com/ubuntu/24.04/prod noble/main arm64 Packages [67.6 kB]
Build on ubuntu-latest for windows	Install Dependencies (Windows Cross-compile)	2026-01-31T22:04:46.0717998Z Get:10 http://azure.archive.ubuntu.com/ubuntu noble-updates/main amd64 Packages [1717 kB]
Build on ubuntu-latest for windows	Install Dependencies (Windows Cross-compile)	2026-01-31T22:04:46.0823860Z Get:11 http://azure.archive.ubuntu.com/ubuntu noble-updates/main Translation-en [317 kB]
Build on ubuntu-latest for windows	Install Dependencies (Windows Cross-compile)	2026-01-31T22:04:46.0853614Z Get:12 http://azure.archive.ubuntu.com/ubuntu noble-updates/main amd64 Components [175 kB]
Build on ubuntu-latest for windows	Install Dependencies (Windows Cross-compile)	2026-01-31T22:04:46.0871672Z Get:13 http://azure.archive.ubuntu.com/ubuntu noble-updates/main amd64 c-n-f Metadata [16.0 kB]
Build on ubuntu-latest for windows	Install Dependencies (Windows Cross-compile)	2026-01-31T22:04:46.0882171Z Get:14 http://azure.archive.ubuntu.com/ubuntu noble-updates/universe amd64 Packages [1525 kB]
Build on ubuntu-latest for windows	Install Dependencies (Windows Cross-compile)	2026-01-31T22:04:46.1007145Z Get:15 http://azure.archive.ubuntu.com/ubuntu noble-updates/universe Translation-en [312 kB]
Build on ubuntu-latest for windows	Install Dependencies (Windows Cross-compile)	2026-01-31T22:04:46.1047998Z Get:16 http://azure.archive.ubuntu.com/ubuntu noble-updates/universe amd64 Components [386 kB]
Build on ubuntu-latest for windows	Install Dependencies (Windows Cross-compile)	2026-01-31T22:04:46.1079300Z Get:17 http://azure.archive.ubuntu.com/ubuntu noble-updates/universe amd64 c-n-f Metadata [31.8 kB]
Build on ubuntu-latest for windows	Install Dependencies (Windows Cross-compile)	2026-01-31T22:04:46.1092214Z Get:18 http://azure.archive.ubuntu.com/ubuntu noble-updates/restricted amd64 Packages [2536 kB]
Build on ubuntu-latest for windows	Install Dependencies (Windows Cross-compile)	2026-01-31T22:04:46.1222943Z Get:19 http://azure.archive.ubuntu.com/ubuntu noble-updates/restricted Translation-en [580 kB]
Build on ubuntu-latest for windows	Install Dependencies (Windows Cross-compile)	2026-01-31T22:04:46.1710306Z Get:20 http://azure.archive.ubuntu.com/ubuntu noble-updates/restricted amd64 Components [212 B]
Build on ubuntu-latest for windows	Install Dependencies (Windows Cross-compile)	2026-01-31T22:04:46.1721248Z Get:21 http://azure.archive.ubuntu.com/ubuntu noble-updates/restricted amd64 c-n-f Metadata [556 B]
Build on ubuntu-latest for windows	Install Dependencies (Windows Cross-compile)	2026-01-31T22:04:46.1730332Z Get:22 http://azure.archive.ubuntu.com/ubuntu noble-updates/multiverse amd64 Packages [32.1 kB]
Build on ubuntu-latest for windows	Install Dependencies (Windows Cross-compile)	2026-01-31T22:04:46.1740311Z Get:23 http://azure.archive.ubuntu.com/ubuntu noble-updates/multiverse Translation-en [6816 B]
Build on ubuntu-latest for windows	Install Dependencies (Windows Cross-compile)	2026-01-31T22:04:46.1751455Z Get:24 http://azure.archive.ubuntu.com/ubuntu noble-updates/multiverse amd64 Components [940 B]
Build on ubuntu-latest for windows	Install Dependencies (Windows Cross-compile)	2026-01-31T22:04:46.1759991Z Get:25 http://azure.archive.ubuntu.com/ubuntu noble-updates/multiverse amd64 c-n-f Metadata [496 B]
Build on ubuntu-latest for windows	Install Dependencies (Windows Cross-compile)	2026-01-31T22:04:46.1770477Z Get:26 http://azure.archive.ubuntu.com/ubuntu noble-backports/main amd64 Components [7300 B]
Build on ubuntu-latest for windows	Install Dependencies (Windows Cross-compile)	2026-01-31T22:04:46.1780720Z Get:27 http://azure.archive.ubuntu.com/ubuntu noble-backports/universe amd64 Components [10.5 kB]
Build on ubuntu-latest for windows	Install Dependencies (Windows Cross-compile)	2026-01-31T22:04:46.1789745Z Get:28 http://azure.archive.ubuntu.com/ubuntu noble-backports/restricted amd64 Components [216 B]
Build on ubuntu-latest for windows	Install Dependencies (Windows Cross-compile)	2026-01-31T22:04:46.1799675Z Get:29 http://azure.archive.ubuntu.com/ubuntu noble-backports/multiverse amd64 Components [212 B]
Build on ubuntu-latest for windows	Install Dependencies (Windows Cross-compile)	2026-01-31T22:04:46.1809648Z Get:30 http://azure.archive.ubuntu.com/ubuntu noble-security/main amd64 Packages [1410 kB]
Build on ubuntu-latest for windows	Install Dependencies (Windows Cross-compile)	2026-01-31T22:04:46.1882766Z Get:31 http://azure.archive.ubuntu.com/ubuntu noble-security/main Translation-en [229 kB]
Build on ubuntu-latest for windows	Install Dependencies (Windows Cross-compile)	2026-01-31T22:04:46.1909545Z Get:32 http://azure.archive.ubuntu.com/ubuntu noble-security/main amd64 Components [21.5 kB]
Build on ubuntu-latest for windows	Install Dependencies (Windows Cross-compile)	2026-01-31T22:04:46.1920417Z Get:33 http://azure.archive.ubuntu.com/ubuntu noble-security/main amd64 c-n-f Metadata [9820 B]
Build on ubuntu-latest for windows	Install Dependencies (Windows Cross-compile)	2026-01-31T22:04:46.2354221Z Get:34 http://azure.archive.ubuntu.com/ubuntu noble-security/universe amd64 Packages [925 kB]
Build on ubuntu-latest for windows	Install Dependencies (Windows Cross-compile)	2026-01-31T22:04:46.2408538Z Get:35 http://azure.archive.ubuntu.com/ubuntu noble-security/universe Translation-en [209 kB]
Build on ubuntu-latest for windows	Install Dependencies (Windows Cross-compile)	2026-01-31T22:04:46.2428876Z Get:36 http://azure.archive.ubuntu.com/ubuntu noble-security/universe amd64 Components [74.2 kB]
Build on ubuntu-latest for windows	Install Dependencies (Windows Cross-compile)	2026-01-31T22:04:46.2443168Z Get:37 http://azure.archive.ubuntu.com/ubuntu noble-security/universe amd64 c-n-f Metadata [19.7 kB]
Build on ubuntu-latest for windows	Install Dependencies (Windows Cross-compile)	2026-01-31T22:04:46.2453187Z Get:38 http://azure.archive.ubuntu.com/ubuntu noble-security/restricted amd64 Packages [2369 kB]
Build on ubuntu-latest for windows	Install Dependencies (Windows Cross-compile)	2026-01-31T22:04:46.2559208Z Get:39 http://azure.archive.ubuntu.com/ubuntu noble-security/restricted Translation-en [543 kB]
Build on ubuntu-latest for windows	Install Dependencies (Windows Cross-compile)	2026-01-31T22:04:46.2592061Z Get:40 http://azure.archive.ubuntu.com/ubuntu noble-security/restricted amd64 Components [208 B]
Build on ubuntu-latest for windows	Install Dependencies (Windows Cross-compile)	2026-01-31T22:04:46.2602916Z Get:41 http://azure.archive.ubuntu.com/ubuntu noble-security/restricted amd64 c-n-f Metadata [536 B]
Build on ubuntu-latest for windows	Install Dependencies (Windows Cross-compile)	2026-01-31T22:04:46.2612299Z Get:42 http://azure.archive.ubuntu.com/ubuntu noble-security/multiverse amd64 Packages [28.8 kB]
Build on ubuntu-latest for windows	Install Dependencies (Windows Cross-compile)	2026-01-31T22:04:46.2622200Z Get:43 http://azure.archive.ubuntu.com/ubuntu noble-security/multiverse Translation-en [6492 B]
Build on ubuntu-latest for windows	Install Dependencies (Windows Cross-compile)	2026-01-31T22:04:46.2631249Z Get:44 http://azure.archive.ubuntu.com/ubuntu noble-security/multiverse amd64 Components [212 B]
Build on ubuntu-latest for windows	Install Dependencies (Windows Cross-compile)	2026-01-31T22:04:46.2643260Z Get:45 http://azure.archive.ubuntu.com/ubuntu noble-security/multiverse amd64 c-n-f Metadata [396 B]
Build on ubuntu-latest for windows	Install Dependencies (Windows Cross-compile)	2026-01-31T22:04:55.3121014Z Fetched 14.0 MB in 2s (8206 kB/s)
Build on ubuntu-latest for windows	Install Dependencies (Windows Cross-compile)	2026-01-31T22:04:56.0917186Z Reading package lists...
Build on ubuntu-latest for windows	Install Dependencies (Windows Cross-compile)	2026-01-31T22:04:56.1240174Z Reading package lists...
Build on ubuntu-latest for windows	Install Dependencies (Windows Cross-compile)	2026-01-31T22:04:56.2840009Z Building dependency tree...
Build on ubuntu-latest for windows	Install Dependencies (Windows Cross-compile)	2026-01-31T22:04:56.2847582Z Reading state information...
Build on ubuntu-latest for windows	Install Dependencies (Windows Cross-compile)	2026-01-31T22:04:56.4282120Z The following additional packages will be installed:
Build on ubuntu-latest for windows	Install Dependencies (Windows Cross-compile)	2026-01-31T22:04:56.4283240Z   binutils-mingw-w64-i686 binutils-mingw-w64-x86-64 g++-mingw-w64
Build on ubuntu-latest for windows	Install Dependencies (Windows Cross-compile)	2026-01-31T22:04:56.4284234Z   g++-mingw-w64-i686 g++-mingw-w64-i686-posix g++-mingw-w64-i686-win32
Build on ubuntu-latest for windows	Install Dependencies (Windows Cross-compile)	2026-01-31T22:04:56.4285232Z   g++-mingw-w64-x86-64 g++-mingw-w64-x86-64-posix g++-mingw-w64-x86-64-win32
Build on ubuntu-latest for windows	Install Dependencies (Windows Cross-compile)	2026-01-31T22:04:56.4286514Z   gcc-mingw-w64 gcc-mingw-w64-base gcc-mingw-w64-i686 gcc-mingw-w64-i686-posix
Build on ubuntu-latest for windows	Install Dependencies (Windows Cross-compile)	2026-01-31T22:04:56.4287463Z   gcc-mingw-w64-i686-posix-runtime gcc-mingw-w64-i686-win32
Build on ubuntu-latest for windows	Install Dependencies (Windows Cross-compile)	2026-01-31T22:04:56.4288294Z   gcc-mingw-w64-i686-win32-runtime gcc-mingw-w64-x86-64
Build on ubuntu-latest for windows	Install Dependencies (Windows Cross-compile)	2026-01-31T22:04:56.4289102Z   gcc-mingw-w64-x86-64-posix gcc-mingw-w64-x86-64-posix-runtime
Build on ubuntu-latest for windows	Install Dependencies (Windows Cross-compile)	2026-01-31T22:04:56.4289905Z   gcc-mingw-w64-x86-64-win32 gcc-mingw-w64-x86-64-win32-runtime
Build on ubuntu-latest for windows	Install Dependencies (Windows Cross-compile)	2026-01-31T22:04:56.4290737Z   mingw-w64-common mingw-w64-i686-dev mingw-w64-x86-64-dev
Build on ubuntu-latest for windows	Install Dependencies (Windows Cross-compile)	2026-01-31T22:04:56.4296933Z Suggested packages:
Build on ubuntu-latest for windows	Install Dependencies (Windows Cross-compile)	2026-01-31T22:04:56.4297400Z   gcc-13-locales wine wine64
Build on ubuntu-latest for windows	Install Dependencies (Windows Cross-compile)	2026-01-31T22:04:56.4665723Z The following NEW packages will be installed:
Build on ubuntu-latest for windows	Install Dependencies (Windows Cross-compile)	2026-01-31T22:04:56.4666835Z   binutils-mingw-w64-i686 binutils-mingw-w64-x86-64 g++-mingw-w64
Build on ubuntu-latest for windows	Install Dependencies (Windows Cross-compile)	2026-01-31T22:04:56.4667699Z   g++-mingw-w64-i686 g++-mingw-w64-i686-posix g++-mingw-w64-i686-win32
Build on ubuntu-latest for windows	Install Dependencies (Windows Cross-compile)	2026-01-31T22:04:56.4668572Z   g++-mingw-w64-x86-64 g++-mingw-w64-x86-64-posix g++-mingw-w64-x86-64-win32
Build on ubuntu-latest for windows	Install Dependencies (Windows Cross-compile)	2026-01-31T22:04:56.4669577Z   gcc-mingw-w64 gcc-mingw-w64-base gcc-mingw-w64-i686 gcc-mingw-w64-i686-posix
Build on ubuntu-latest for windows	Install Dependencies (Windows Cross-compile)	2026-01-31T22:04:56.4670446Z   gcc-mingw-w64-i686-posix-runtime gcc-mingw-w64-i686-win32
Build on ubuntu-latest for windows	Install Dependencies (Windows Cross-compile)	2026-01-31T22:04:56.4671810Z   gcc-mingw-w64-i686-win32-runtime gcc-mingw-w64-x86-64
Build on ubuntu-latest for windows	Install Dependencies (Windows Cross-compile)	2026-01-31T22:04:56.4672680Z   gcc-mingw-w64-x86-64-posix gcc-mingw-w64-x86-64-posix-runtime
Build on ubuntu-latest for windows	Install Dependencies (Windows Cross-compile)	2026-01-31T22:04:56.4673536Z   gcc-mingw-w64-x86-64-win32 gcc-mingw-w64-x86-64-win32-runtime mingw-w64
Build on ubuntu-latest for windows	Install Dependencies (Windows Cross-compile)	2026-01-31T22:04:56.4675407Z   mingw-w64-common mingw-w64-i686-dev mingw-w64-x86-64-dev
Build on ubuntu-latest for windows	Install Dependencies (Windows Cross-compile)	2026-01-31T22:04:56.4853756Z 0 upgraded, 25 newly installed, 0 to remove and 86 not upgraded.
Build on ubuntu-latest for windows	Install Dependencies (Windows Cross-compile)	2026-01-31T22:04:56.4854466Z Need to get 277 MB of archives.
Build on ubuntu-latest for windows	Install Dependencies (Windows Cross-compile)	2026-01-31T22:04:56.4855151Z After this operation, 1293 MB of additional disk space will be used.
Build on ubuntu-latest for windows	Install Dependencies (Windows Cross-compile)	2026-01-31T22:04:56.4856731Z Get:1 file:/etc/apt/apt-mirrors.txt Mirrorlist [144 B]
Build on ubuntu-latest for windows	Install Dependencies (Windows Cross-compile)	2026-01-31T22:04:56.7358685Z Get:2 http://azure.archive.ubuntu.com/ubuntu noble/universe amd64 binutils-mingw-w64-i686 amd64 2.41.90.20240122-1ubuntu1+11.4 [2975 kB]
Build on ubuntu-latest for windows	Install Dependencies (Windows Cross-compile)	2026-01-31T22:04:56.7930808Z Get:3 http://azure.archive.ubuntu.com/ubuntu noble/universe amd64 mingw-w64-common all 11.0.1-3build1 [5580 kB]
Build on ubuntu-latest for windows	Install Dependencies (Windows Cross-compile)	2026-01-31T22:04:56.8797586Z Get:4 http://azure.archive.ubuntu.com/ubuntu noble/universe amd64 mingw-w64-i686-dev all 11.0.1-3build1 [3153 kB]
Build on ubuntu-latest for windows	Install Dependencies (Windows Cross-compile)	2026-01-31T22:04:56.9389719Z Get:5 http://azure.archive.ubuntu.com/ubuntu noble/universe amd64 gcc-mingw-w64-base amd64 13.2.0-6ubuntu1+26.1 [188 kB]
Build on ubuntu-latest for windows	Install Dependencies (Windows Cross-compile)	2026-01-31T22:04:56.9694096Z Get:6 http://azure.archive.ubuntu.com/ubuntu noble/universe amd64 gcc-mingw-w64-i686-posix-runtime amd64 13.2.0-6ubuntu1+26.1 [13.1 MB]
Build on ubuntu-latest for windows	Install Dependencies (Windows Cross-compile)	2026-01-31T22:04:57.1170763Z Get:7 http://azure.archive.ubuntu.com/ubuntu noble/universe amd64 gcc-mingw-w64-i686-posix amd64 13.2.0-6ubuntu1+26.1 [35.2 MB]
Build on ubuntu-latest for windows	Install Dependencies (Windows Cross-compile)	2026-01-31T22:04:57.5465431Z Get:8 http://azure.archive.ubuntu.com/ubuntu noble/universe amd64 g++-mingw-w64-i686-posix amd64 13.2.0-6ubuntu1+26.1 [14.5 MB]
Build on ubuntu-latest for windows	Install Dependencies (Windows Cross-compile)	2026-01-31T22:04:57.7342064Z Get:9 http://azure.archive.ubuntu.com/ubuntu noble/universe amd64 gcc-mingw-w64-i686-win32-runtime amd64 13.2.0-6ubuntu1+26.1 [13.3 MB]
Build on ubuntu-latest for windows	Install Dependencies (Windows Cross-compile)	2026-01-31T22:04:57.9494198Z Get:10 http://azure.archive.ubuntu.com/ubuntu noble/universe amd64 gcc-mingw-w64-i686-win32 amd64 13.2.0-6ubuntu1+26.1 [35.2 MB]
Build on ubuntu-latest for windows	Install Dependencies (Windows Cross-compile)	2026-01-31T22:04:58.4740787Z Get:11 http://azure.archive.ubuntu.com/ubuntu noble/universe amd64 g++-mingw-w64-i686-win32 amd64 13.2.0-6ubuntu1+26.1 [14.5 MB]
Build on ubuntu-latest for windows	Install Dependencies (Windows Cross-compile)	2026-01-31T22:04:58.6495979Z Get:12 http://azure.archive.ubuntu.com/ubuntu noble/universe amd64 binutils-mingw-w64-x86-64 amd64 2.41.90.20240122-1ubuntu1+11.4 [6053 kB]
Build on ubuntu-latest for windows	Install Dependencies (Windows Cross-compile)	2026-01-31T22:04:58.7458147Z Get:13 http://azure.archive.ubuntu.com/ubuntu noble/universe amd64 mingw-w64-x86-64-dev all 11.0.1-3build1 [3786 kB]
Build on ubuntu-latest for windows	Install Dependencies (Windows Cross-compile)	2026-01-31T22:04:58.8183391Z Get:14 http://azure.archive.ubuntu.com/ubuntu noble/universe amd64 gcc-mingw-w64-x86-64-posix-runtime amd64 13.2.0-6ubuntu1+26.1 [14.0 MB]
Build on ubuntu-latest for windows	Install Dependencies (Windows Cross-compile)	2026-01-31T22:04:59.0282790Z Get:15 http://azure.archive.ubuntu.com/ubuntu noble/universe amd64 gcc-mingw-w64-x86-64-posix amd64 13.2.0-6ubuntu1+26.1 [35.4 MB]
Build on ubuntu-latest for windows	Install Dependencies (Windows Cross-compile)	2026-01-31T22:04:59.6216360Z Get:16 http://azure.archive.ubuntu.com/ubuntu noble/universe amd64 g++-mingw-w64-x86-64-posix amd64 13.2.0-6ubuntu1+26.1 [14.7 MB]
Build on ubuntu-latest for windows	Install Dependencies (Windows Cross-compile)	2026-01-31T22:04:59.8432219Z Get:17 http://azure.archive.ubuntu.com/ubuntu noble/universe amd64 gcc-mingw-w64-x86-64-win32-runtime amd64 13.2.0-6ubuntu1+26.1 [14.2 MB]
Build on ubuntu-latest for windows	Install Dependencies (Windows Cross-compile)	2026-01-31T22:05:00.0662675Z Get:18 http://azure.archive.ubuntu.com/ubuntu noble/universe amd64 gcc-mingw-w64-x86-64-win32 amd64 13.2.0-6ubuntu1+26.1 [35.4 MB]
Build on ubuntu-latest for windows	Install Dependencies (Windows Cross-compile)	2026-01-31T22:05:00.6640357Z Get:19 http://azure.archive.ubuntu.com/ubuntu noble/universe amd64 g++-mingw-w64-x86-64-win32 amd64 13.2.0-6ubuntu1+26.1 [14.7 MB]
Build on ubuntu-latest for windows	Install Dependencies (Windows Cross-compile)	2026-01-31T22:05:01.0913900Z Get:20 http://azure.archive.ubuntu.com/ubuntu noble/universe amd64 g++-mingw-w64-i686 all 13.2.0-6ubuntu1+26.1 [187 kB]
Build on ubuntu-latest for windows	Install Dependencies (Windows Cross-compile)	2026-01-31T22:05:01.1239392Z Get:21 http://azure.archive.ubuntu.com/ubuntu noble/universe amd64 g++-mingw-w64-x86-64 all 13.2.0-6ubuntu1+26.1 [187 kB]
Build on ubuntu-latest for windows	Install Dependencies (Windows Cross-compile)	2026-01-31T22:05:01.1574511Z Get:22 http://azure.archive.ubuntu.com/ubuntu noble/universe amd64 g++-mingw-w64 all 13.2.0-6ubuntu1+26.1 [187 kB]
Build on ubuntu-latest for windows	Install Dependencies (Windows Cross-compile)	2026-01-31T22:05:01.1914743Z Get:23 http://azure.archive.ubuntu.com/ubuntu noble/universe amd64 gcc-mingw-w64-i686 all 13.2.0-6ubuntu1+26.1 [187 kB]
Build on ubuntu-latest for windows	Install Dependencies (Windows Cross-compile)	2026-01-31T22:05:01.2283486Z Get:24 http://azure.archive.ubuntu.com/ubuntu noble/universe amd64 gcc-mingw-w64-x86-64 all 13.2.0-6ubuntu1+26.1 [187 kB]
Build on ubuntu-latest for windows	Install Dependencies (Windows Cross-compile)	2026-01-31T22:05:01.2658360Z Get:25 http://azure.archive.ubuntu.com/ubuntu noble/universe amd64 gcc-mingw-w64 all 13.2.0-6ubuntu1+26.1 [187 kB]
Build on ubuntu-latest for windows	Install Dependencies (Windows Cross-compile)	2026-01-31T22:05:01.3059654Z Get:26 http://azure.archive.ubuntu.com/ubuntu noble/universe amd64 mingw-w64 all 11.0.1-3build1 [11.0 kB]
Build on ubuntu-latest for windows	Install Dependencies (Windows Cross-compile)	2026-01-31T22:05:01.5754885Z Fetched 277 MB in 5s (57.4 MB/s)
Build on ubuntu-latest for windows	Install Dependencies (Windows Cross-compile)	2026-01-31T22:05:01.6310588Z Selecting previously unselected package binutils-mingw-w64-i686.
Build on ubuntu-latest for windows	Install Dependencies (Windows Cross-compile)	2026-01-31T22:05:01.7326585Z (Reading database ... 
Build on ubuntu-latest for windows	Install Dependencies (Windows Cross-compile)	2026-01-31T22:05:01.7327023Z (Reading database ... 5%
Build on ubuntu-latest for windows	Install Dependencies (Windows Cross-compile)	2026-01-31T22:05:01.7327399Z (Reading database ... 10%
Build on ubuntu-latest for windows	Install Dependencies (Windows Cross-compile)	2026-01-31T22:05:01.7327650Z (Reading database ... 15%
Build on ubuntu-latest for windows	Install Dependencies (Windows Cross-compile)	2026-01-31T22:05:01.7327869Z (Reading database ... 20%
Build on ubuntu-latest for windows	Install Dependencies (Windows Cross-compile)	2026-01-31T22:05:01.7328072Z (Reading database ... 25%
Build on ubuntu-latest for windows	Install Dependencies (Windows Cross-compile)	2026-01-31T22:05:01.7328271Z (Reading database ... 30%
Build on ubuntu-latest for windows	Install Dependencies (Windows Cross-compile)	2026-01-31T22:05:01.7328464Z (Reading database ... 35%
Build on ubuntu-latest for windows	Install Dependencies (Windows Cross-compile)	2026-01-31T22:05:01.7328681Z (Reading database ... 40%
Build on ubuntu-latest for windows	Install Dependencies (Windows Cross-compile)	2026-01-31T22:05:01.7328866Z (Reading database ... 45%
Build on ubuntu-latest for windows	Install Dependencies (Windows Cross-compile)	2026-01-31T22:05:01.7329058Z (Reading database ... 50%
Build on ubuntu-latest for windows	Install Dependencies (Windows Cross-compile)	2026-01-31T22:05:01.8163630Z (Reading database ... 55%
Build on ubuntu-latest for windows	Install Dependencies (Windows Cross-compile)	2026-01-31T22:05:02.1083856Z (Reading database ... 60%
Build on ubuntu-latest for windows	Install Dependencies (Windows Cross-compile)	2026-01-31T22:05:02.2507180Z (Reading database ... 65%
Build on ubuntu-latest for windows	Install Dependencies (Windows Cross-compile)	2026-01-31T22:05:02.3243030Z (Reading database ... 70%
Build on ubuntu-latest for windows	Install Dependencies (Windows Cross-compile)	2026-01-31T22:05:02.5110861Z (Reading database ... 75%
Build on ubuntu-latest for windows	Install Dependencies (Windows Cross-compile)	2026-01-31T22:05:02.9071061Z (Reading database ... 80%
Build on ubuntu-latest for windows	Install Dependencies (Windows Cross-compile)	2026-01-31T22:05:03.5476618Z (Reading database ... 85%
Build on ubuntu-latest for windows	Install Dependencies (Windows Cross-compile)	2026-01-31T22:05:04.0910025Z (Reading database ... 90%
Build on ubuntu-latest for windows	Install Dependencies (Windows Cross-compile)	2026-01-31T22:05:04.8618125Z (Reading database ... 95%
Build on ubuntu-latest for windows	Install Dependencies (Windows Cross-compile)	2026-01-31T22:05:04.8618672Z (Reading database ... 100%
Build on ubuntu-latest for windows	Install Dependencies (Windows Cross-compile)	2026-01-31T22:05:04.8619305Z (Reading database ... 217639 files and directories currently installed.)
Build on ubuntu-latest for windows	Install Dependencies (Windows Cross-compile)	2026-01-31T22:05:04.8665000Z Preparing to unpack .../00-binutils-mingw-w64-i686_2.41.90.20240122-1ubuntu1+11.4_amd64.deb ...
Build on ubuntu-latest for windows	Install Dependencies (Windows Cross-compile)	2026-01-31T22:05:04.8690759Z Unpacking binutils-mingw-w64-i686 (2.41.90.20240122-1ubuntu1+11.4) ...
Build on ubuntu-latest for windows	Install Dependencies (Windows Cross-compile)	2026-01-31T22:05:05.0857096Z Selecting previously unselected package mingw-w64-common.
Build on ubuntu-latest for windows	Install Dependencies (Windows Cross-compile)	2026-01-31T22:05:05.0988438Z Preparing to unpack .../01-mingw-w64-common_11.0.1-3build1_all.deb ...
Build on ubuntu-latest for windows	Install Dependencies (Windows Cross-compile)	2026-01-31T22:05:05.1001273Z Unpacking mingw-w64-common (11.0.1-3build1) ...
Build on ubuntu-latest for windows	Install Dependencies (Windows Cross-compile)	2026-01-31T22:05:05.5747948Z Selecting previously unselected package mingw-w64-i686-dev.
Build on ubuntu-latest for windows	Install Dependencies (Windows Cross-compile)	2026-01-31T22:05:05.5885712Z Preparing to unpack .../02-mingw-w64-i686-dev_11.0.1-3build1_all.deb ...
Build on ubuntu-latest for windows	Install Dependencies (Windows Cross-compile)	2026-01-31T22:05:05.5900192Z Unpacking mingw-w64-i686-dev (11.0.1-3build1) ...
Build on ubuntu-latest for windows	Install Dependencies (Windows Cross-compile)	2026-01-31T22:05:06.0147281Z Selecting previously unselected package gcc-mingw-w64-base:amd64.
Build on ubuntu-latest for windows	Install Dependencies (Windows Cross-compile)	2026-01-31T22:05:06.0285160Z Preparing to unpack .../03-gcc-mingw-w64-base_13.2.0-6ubuntu1+26.1_amd64.deb ...
Build on ubuntu-latest for windows	Install Dependencies (Windows Cross-compile)	2026-01-31T22:05:06.0296984Z Unpacking gcc-mingw-w64-base:amd64 (13.2.0-6ubuntu1+26.1) ...
Build on ubuntu-latest for windows	Install Dependencies (Windows Cross-compile)	2026-01-31T22:05:06.0592793Z Selecting previously unselected package gcc-mingw-w64-i686-posix-runtime.
Build on ubuntu-latest for windows	Install Dependencies (Windows Cross-compile)	2026-01-31T22:05:06.0727719Z Preparing to unpack .../04-gcc-mingw-w64-i686-posix-runtime_13.2.0-6ubuntu1+26.1_amd64.deb ...
Build on ubuntu-latest for windows	Install Dependencies (Windows Cross-compile)	2026-01-31T22:05:06.0740004Z Unpacking gcc-mingw-w64-i686-posix-runtime (13.2.0-6ubuntu1+26.1) ...
Build on ubuntu-latest for windows	Install Dependencies (Windows Cross-compile)	2026-01-31T22:05:06.2803601Z Selecting previously unselected package gcc-mingw-w64-i686-posix.
Build on ubuntu-latest for windows	Install Dependencies (Windows Cross-compile)	2026-01-31T22:05:06.2937211Z Preparing to unpack .../05-gcc-mingw-w64-i686-posix_13.2.0-6ubuntu1+26.1_amd64.deb ...
Build on ubuntu-latest for windows	Install Dependencies (Windows Cross-compile)	2026-01-31T22:05:06.2949746Z Unpacking gcc-mingw-w64-i686-posix (13.2.0-6ubuntu1+26.1) ...
Build on ubuntu-latest for windows	Install Dependencies (Windows Cross-compile)	2026-01-31T22:05:06.8560659Z Selecting previously unselected package g++-mingw-w64-i686-posix.
Build on ubuntu-latest for windows	Install Dependencies (Windows Cross-compile)	2026-01-31T22:05:06.8696670Z Preparing to unpack .../06-g++-mingw-w64-i686-posix_13.2.0-6ubuntu1+26.1_amd64.deb ...
Build on ubuntu-latest for windows	Install Dependencies (Windows Cross-compile)	2026-01-31T22:05:06.8722755Z Unpacking g++-mingw-w64-i686-posix (13.2.0-6ubuntu1+26.1) ...
Build on ubuntu-latest for windows	Install Dependencies (Windows Cross-compile)	2026-01-31T22:05:07.2127049Z Selecting previously unselected package gcc-mingw-w64-i686-win32-runtime.
Build on ubuntu-latest for windows	Install Dependencies (Windows Cross-compile)	2026-01-31T22:05:07.2265067Z Preparing to unpack .../07-gcc-mingw-w64-i686-win32-runtime_13.2.0-6ubuntu1+26.1_amd64.deb ...
Build on ubuntu-latest for windows	Install Dependencies (Windows Cross-compile)	2026-01-31T22:05:07.2277930Z Unpacking gcc-mingw-w64-i686-win32-runtime (13.2.0-6ubuntu1+26.1) ...
Build on ubuntu-latest for windows	Install Dependencies (Windows Cross-compile)	2026-01-31T22:05:07.4407609Z Selecting previously unselected package gcc-mingw-w64-i686-win32.
Build on ubuntu-latest for windows	Install Dependencies (Windows Cross-compile)	2026-01-31T22:05:07.4541095Z Preparing to unpack .../08-gcc-mingw-w64-i686-win32_13.2.0-6ubuntu1+26.1_amd64.deb ...
Build on ubuntu-latest for windows	Install Dependencies (Windows Cross-compile)	2026-01-31T22:05:07.4553733Z Unpacking gcc-mingw-w64-i686-win32 (13.2.0-6ubuntu1+26.1) ...
Build on ubuntu-latest for windows	Install Dependencies (Windows Cross-compile)	2026-01-31T22:05:07.9810223Z Selecting previously unselected package g++-mingw-w64-i686-win32.
Build on ubuntu-latest for windows	Install Dependencies (Windows Cross-compile)	2026-01-31T22:05:07.9947364Z Preparing to unpack .../09-g++-mingw-w64-i686-win32_13.2.0-6ubuntu1+26.1_amd64.deb ...
Build on ubuntu-latest for windows	Install Dependencies (Windows Cross-compile)	2026-01-31T22:05:07.9960019Z Unpacking g++-mingw-w64-i686-win32 (13.2.0-6ubuntu1+26.1) ...
Build on ubuntu-latest for windows	Install Dependencies (Windows Cross-compile)	2026-01-31T22:05:08.3312405Z Selecting previously unselected package binutils-mingw-w64-x86-64.
Build on ubuntu-latest for windows	Install Dependencies (Windows Cross-compile)	2026-01-31T22:05:08.3451019Z Preparing to unpack .../10-binutils-mingw-w64-x86-64_2.41.90.20240122-1ubuntu1+11.4_amd64.deb ...
Build on ubuntu-latest for windows	Install Dependencies (Windows Cross-compile)	2026-01-31T22:05:08.3464258Z Unpacking binutils-mingw-w64-x86-64 (2.41.90.20240122-1ubuntu1+11.4) ...
Build on ubuntu-latest for windows	Install Dependencies (Windows Cross-compile)	2026-01-31T22:05:08.6132513Z Selecting previously unselected package mingw-w64-x86-64-dev.
Build on ubuntu-latest for windows	Install Dependencies (Windows Cross-compile)	2026-01-31T22:05:08.6268179Z Preparing to unpack .../11-mingw-w64-x86-64-dev_11.0.1-3build1_all.deb ...
Build on ubuntu-latest for windows	Install Dependencies (Windows Cross-compile)	2026-01-31T22:05:08.6280887Z Unpacking mingw-w64-x86-64-dev (11.0.1-3build1) ...
Build on ubuntu-latest for windows	Install Dependencies (Windows Cross-compile)	2026-01-31T22:05:09.1736472Z Selecting previously unselected package gcc-mingw-w64-x86-64-posix-runtime.
Build on ubuntu-latest for windows	Install Dependencies (Windows Cross-compile)	2026-01-31T22:05:09.1879648Z Preparing to unpack .../12-gcc-mingw-w64-x86-64-posix-runtime_13.2.0-6ubuntu1+26.1_amd64.deb ...
Build on ubuntu-latest for windows	Install Dependencies (Windows Cross-compile)	2026-01-31T22:05:09.1889825Z Unpacking gcc-mingw-w64-x86-64-posix-runtime (13.2.0-6ubuntu1+26.1) ...
Build on ubuntu-latest for windows	Install Dependencies (Windows Cross-compile)	2026-01-31T22:05:09.4098125Z Selecting previously unselected package gcc-mingw-w64-x86-64-posix.
Build on ubuntu-latest for windows	Install Dependencies (Windows Cross-compile)	2026-01-31T22:05:09.4235495Z Preparing to unpack .../13-gcc-mingw-w64-x86-64-posix_13.2.0-6ubuntu1+26.1_amd64.deb ...
Build on ubuntu-latest for windows	Install Dependencies (Windows Cross-compile)	2026-01-31T22:05:09.4248222Z Unpacking gcc-mingw-w64-x86-64-posix (13.2.0-6ubuntu1+26.1) ...
Build on ubuntu-latest for windows	Install Dependencies (Windows Cross-compile)	2026-01-31T22:05:09.9634145Z Selecting previously unselected package g++-mingw-w64-x86-64-posix.
Build on ubuntu-latest for windows	Install Dependencies (Windows Cross-compile)	2026-01-31T22:05:09.9774366Z Preparing to unpack .../14-g++-mingw-w64-x86-64-posix_13.2.0-6ubuntu1+26.1_amd64.deb ...
Build on ubuntu-latest for windows	Install Dependencies (Windows Cross-compile)	2026-01-31T22:05:09.9787908Z Unpacking g++-mingw-w64-x86-64-posix (13.2.0-6ubuntu1+26.1) ...
Build on ubuntu-latest for windows	Install Dependencies (Windows Cross-compile)	2026-01-31T22:05:10.3304344Z Selecting previously unselected package gcc-mingw-w64-x86-64-win32-runtime.
Build on ubuntu-latest for windows	Install Dependencies (Windows Cross-compile)	2026-01-31T22:05:10.3445401Z Preparing to unpack .../15-gcc-mingw-w64-x86-64-win32-runtime_13.2.0-6ubuntu1+26.1_amd64.deb ...
Build on ubuntu-latest for windows	Install Dependencies (Windows Cross-compile)	2026-01-31T22:05:10.3455842Z Unpacking gcc-mingw-w64-x86-64-win32-runtime (13.2.0-6ubuntu1+26.1) ...
Build on ubuntu-latest for windows	Install Dependencies (Windows Cross-compile)	2026-01-31T22:05:10.5728600Z Selecting previously unselected package gcc-mingw-w64-x86-64-win32.
Build on ubuntu-latest for windows	Install Dependencies (Windows Cross-compile)	2026-01-31T22:05:10.5866039Z Preparing to unpack .../16-gcc-mingw-w64-x86-64-win32_13.2.0-6ubuntu1+26.1_amd64.deb ...
Build on ubuntu-latest for windows	Install Dependencies (Windows Cross-compile)	2026-01-31T22:05:10.5882712Z Unpacking gcc-mingw-w64-x86-64-win32 (13.2.0-6ubuntu1+26.1) ...
Build on ubuntu-latest for windows	Install Dependencies (Windows Cross-compile)	2026-01-31T22:05:11.1351258Z Selecting previously unselected package g++-mingw-w64-x86-64-win32.
Build on ubuntu-latest for windows	Install Dependencies (Windows Cross-compile)	2026-01-31T22:05:11.1493381Z Preparing to unpack .../17-g++-mingw-w64-x86-64-win32_13.2.0-6ubuntu1+26.1_amd64.deb ...
Build on ubuntu-latest for windows	Install Dependencies (Windows Cross-compile)	2026-01-31T22:05:11.1505137Z Unpacking g++-mingw-w64-x86-64-win32 (13.2.0-6ubuntu1+26.1) ...
Build on ubuntu-latest for windows	Install Dependencies (Windows Cross-compile)	2026-01-31T22:05:11.5003386Z Selecting previously unselected package g++-mingw-w64-i686.
Build on ubuntu-latest for windows	Install Dependencies (Windows Cross-compile)	2026-01-31T22:05:11.5144412Z Preparing to unpack .../18-g++-mingw-w64-i686_13.2.0-6ubuntu1+26.1_all.deb ...
Build on ubuntu-latest for windows	Install Dependencies (Windows Cross-compile)	2026-01-31T22:05:11.5202057Z Unpacking g++-mingw-w64-i686 (13.2.0-6ubuntu1+26.1) ...
Build on ubuntu-latest for windows	Install Dependencies (Windows Cross-compile)	2026-01-31T22:05:11.5454749Z Selecting previously unselected package g++-mingw-w64-x86-64.
Build on ubuntu-latest for windows	Install Dependencies (Windows Cross-compile)	2026-01-31T22:05:11.5594178Z Preparing to unpack .../19-g++-mingw-w64-x86-64_13.2.0-6ubuntu1+26.1_all.deb ...
Build on ubuntu-latest for windows	Install Dependencies (Windows Cross-compile)	2026-01-31T22:05:11.5648278Z Unpacking g++-mingw-w64-x86-64 (13.2.0-6ubuntu1+26.1) ...
Build on ubuntu-latest for windows	Install Dependencies (Windows Cross-compile)	2026-01-31T22:05:11.5908648Z Selecting previously unselected package g++-mingw-w64.
Build on ubuntu-latest for windows	Install Dependencies (Windows Cross-compile)	2026-01-31T22:05:11.6047148Z Preparing to unpack .../20-g++-mingw-w64_13.2.0-6ubuntu1+26.1_all.deb ...
Build on ubuntu-latest for windows	Install Dependencies (Windows Cross-compile)	2026-01-31T22:05:11.6121729Z Unpacking g++-mingw-w64 (13.2.0-6ubuntu1+26.1) ...
Build on ubuntu-latest for windows	Install Dependencies (Windows Cross-compile)	2026-01-31T22:05:11.6374066Z Selecting previously unselected package gcc-mingw-w64-i686.
Build on ubuntu-latest for windows	Install Dependencies (Windows Cross-compile)	2026-01-31T22:05:11.6513097Z Preparing to unpack .../21-gcc-mingw-w64-i686_13.2.0-6ubuntu1+26.1_all.deb ...
Build on ubuntu-latest for windows	Install Dependencies (Windows Cross-compile)	2026-01-31T22:05:11.6573793Z Unpacking gcc-mingw-w64-i686 (13.2.0-6ubuntu1+26.1) ...
Build on ubuntu-latest for windows	Install Dependencies (Windows Cross-compile)	2026-01-31T22:05:11.6832875Z Selecting previously unselected package gcc-mingw-w64-x86-64.
Build on ubuntu-latest for windows	Install Dependencies (Windows Cross-compile)	2026-01-31T22:05:11.6972854Z Preparing to unpack .../22-gcc-mingw-w64-x86-64_13.2.0-6ubuntu1+26.1_all.deb ...
Build on ubuntu-latest for windows	Install Dependencies (Windows Cross-compile)	2026-01-31T22:05:11.7027848Z Unpacking gcc-mingw-w64-x86-64 (13.2.0-6ubuntu1+26.1) ...
Build on ubuntu-latest for windows	Install Dependencies (Windows Cross-compile)	2026-01-31T22:05:11.7281338Z Selecting previously unselected package gcc-mingw-w64.
Build on ubuntu-latest for windows	Install Dependencies (Windows Cross-compile)	2026-01-31T22:05:11.7420349Z Preparing to unpack .../23-gcc-mingw-w64_13.2.0-6ubuntu1+26.1_all.deb ...
Build on ubuntu-latest for windows	Install Dependencies (Windows Cross-compile)	2026-01-31T22:05:11.7478597Z Unpacking gcc-mingw-w64 (13.2.0-6ubuntu1+26.1) ...
Build on ubuntu-latest for windows	Install Dependencies (Windows Cross-compile)	2026-01-31T22:05:11.7715556Z Selecting previously unselected package mingw-w64.
Build on ubuntu-latest for windows	Install Dependencies (Windows Cross-compile)	2026-01-31T22:05:11.7854225Z Preparing to unpack .../24-mingw-w64_11.0.1-3build1_all.deb ...
Build on ubuntu-latest for windows	Install Dependencies (Windows Cross-compile)	2026-01-31T22:05:11.7870317Z Unpacking mingw-w64 (11.0.1-3build1) ...
Build on ubuntu-latest for windows	Install Dependencies (Windows Cross-compile)	2026-01-31T22:05:11.8313545Z Setting up binutils-mingw-w64-x86-64 (2.41.90.20240122-1ubuntu1+11.4) ...
Build on ubuntu-latest for windows	Install Dependencies (Windows Cross-compile)	2026-01-31T22:05:11.8352620Z Setting up gcc-mingw-w64-base:amd64 (13.2.0-6ubuntu1+26.1) ...
Build on ubuntu-latest for windows	Install Dependencies (Windows Cross-compile)	2026-01-31T22:05:11.8384929Z Setting up gcc-mingw-w64-i686-posix-runtime (13.2.0-6ubuntu1+26.1) ...
Build on ubuntu-latest for windows	Install Dependencies (Windows Cross-compile)	2026-01-31T22:05:11.8425853Z Setting up binutils-mingw-w64-i686 (2.41.90.20240122-1ubuntu1+11.4) ...
Build on ubuntu-latest for windows	Install Dependencies (Windows Cross-compile)	2026-01-31T22:05:11.8461609Z Setting up gcc-mingw-w64-x86-64-win32-runtime (13.2.0-6ubuntu1+26.1) ...
Build on ubuntu-latest for windows	Install Dependencies (Windows Cross-compile)	2026-01-31T22:05:11.8491638Z Setting up gcc-mingw-w64-i686-win32-runtime (13.2.0-6ubuntu1+26.1) ...
Build on ubuntu-latest for windows	Install Dependencies (Windows Cross-compile)	2026-01-31T22:05:11.8523457Z Setting up mingw-w64-common (11.0.1-3build1) ...
Build on ubuntu-latest for windows	Install Dependencies (Windows Cross-compile)	2026-01-31T22:05:11.8558525Z Setting up mingw-w64-x86-64-dev (11.0.1-3build1) ...
Build on ubuntu-latest for windows	Install Dependencies (Windows Cross-compile)	2026-01-31T22:05:11.8593538Z Setting up gcc-mingw-w64-x86-64-posix-runtime (13.2.0-6ubuntu1+26.1) ...
Build on ubuntu-latest for windows	Install Dependencies (Windows Cross-compile)	2026-01-31T22:05:11.8623929Z Setting up gcc-mingw-w64-x86-64-posix (13.2.0-6ubuntu1+26.1) ...
Build on ubuntu-latest for windows	Install Dependencies (Windows Cross-compile)	2026-01-31T22:05:11.8696343Z update-alternatives: using /usr/bin/x86_64-w64-mingw32-gcc-posix to provide /usr/bin/x86_64-w64-mingw32-gcc (x86_64-w64-mingw32-gcc) in auto mode
Build on ubuntu-latest for windows	Install Dependencies (Windows Cross-compile)	2026-01-31T22:05:11.8735138Z Setting up gcc-mingw-w64-x86-64-win32 (13.2.0-6ubuntu1+26.1) ...
Build on ubuntu-latest for windows	Install Dependencies (Windows Cross-compile)	2026-01-31T22:05:11.8802194Z update-alternatives: using /usr/bin/x86_64-w64-mingw32-gcc-win32 to provide /usr/bin/x86_64-w64-mingw32-gcc (x86_64-w64-mingw32-gcc) in auto mode
Build on ubuntu-latest for windows	Install Dependencies (Windows Cross-compile)	2026-01-31T22:05:11.8835328Z Setting up gcc-mingw-w64-x86-64 (13.2.0-6ubuntu1+26.1) ...
Build on ubuntu-latest for windows	Install Dependencies (Windows Cross-compile)	2026-01-31T22:05:11.8898613Z Setting up mingw-w64-i686-dev (11.0.1-3build1) ...
Build on ubuntu-latest for windows	Install Dependencies (Windows Cross-compile)	2026-01-31T22:05:11.8932634Z Setting up gcc-mingw-w64-i686-win32 (13.2.0-6ubuntu1+26.1) ...
Build on ubuntu-latest for windows	Install Dependencies (Windows Cross-compile)	2026-01-31T22:05:11.9003739Z update-alternatives: using /usr/bin/i686-w64-mingw32-gcc-win32 to provide /usr/bin/i686-w64-mingw32-gcc (i686-w64-mingw32-gcc) in auto mode
Build on ubuntu-latest for windows	Install Dependencies (Windows Cross-compile)	2026-01-31T22:05:11.9036704Z Setting up g++-mingw-w64-i686-win32 (13.2.0-6ubuntu1+26.1) ...
Build on ubuntu-latest for windows	Install Dependencies (Windows Cross-compile)	2026-01-31T22:05:11.9103658Z update-alternatives: using /usr/bin/i686-w64-mingw32-g++-win32 to provide /usr/bin/i686-w64-mingw32-g++ (i686-w64-mingw32-g++) in auto mode
Build on ubuntu-latest for windows	Install Dependencies (Windows Cross-compile)	2026-01-31T22:05:11.9129424Z Setting up g++-mingw-w64-x86-64-win32 (13.2.0-6ubuntu1+26.1) ...
Build on ubuntu-latest for windows	Install Dependencies (Windows Cross-compile)	2026-01-31T22:05:11.9201313Z update-alternatives: using /usr/bin/x86_64-w64-mingw32-g++-win32 to provide /usr/bin/x86_64-w64-mingw32-g++ (x86_64-w64-mingw32-g++) in auto mode
Build on ubuntu-latest for windows	Install Dependencies (Windows Cross-compile)	2026-01-31T22:05:11.9223578Z Setting up gcc-mingw-w64-i686-posix (13.2.0-6ubuntu1+26.1) ...
Build on ubuntu-latest for windows	Install Dependencies (Windows Cross-compile)	2026-01-31T22:05:11.9311704Z Setting up g++-mingw-w64-x86-64-posix (13.2.0-6ubuntu1+26.1) ...
Build on ubuntu-latest for windows	Install Dependencies (Windows Cross-compile)	2026-01-31T22:05:11.9401120Z Setting up gcc-mingw-w64-i686 (13.2.0-6ubuntu1+26.1) ...
Build on ubuntu-latest for windows	Install Dependencies (Windows Cross-compile)	2026-01-31T22:05:11.9483933Z Setting up g++-mingw-w64-x86-64 (13.2.0-6ubuntu1+26.1) ...
Build on ubuntu-latest for windows	Install Dependencies (Windows Cross-compile)	2026-01-31T22:05:11.9552132Z Setting up gcc-mingw-w64 (13.2.0-6ubuntu1+26.1) ...
Build on ubuntu-latest for windows	Install Dependencies (Windows Cross-compile)	2026-01-31T22:05:11.9616683Z Setting up g++-mingw-w64-i686-posix (13.2.0-6ubuntu1+26.1) ...
Build on ubuntu-latest for windows	Install Dependencies (Windows Cross-compile)	2026-01-31T22:05:11.9710106Z Setting up g++-mingw-w64-i686 (13.2.0-6ubuntu1+26.1) ...
Build on ubuntu-latest for windows	Install Dependencies (Windows Cross-compile)	2026-01-31T22:05:11.9778122Z Setting up g++-mingw-w64 (13.2.0-6ubuntu1+26.1) ...
Build on ubuntu-latest for windows	Install Dependencies (Windows Cross-compile)	2026-01-31T22:05:11.9841407Z Setting up mingw-w64 (11.0.1-3build1) ...
Build on ubuntu-latest for windows	Install Dependencies (Windows Cross-compile)	2026-01-31T22:05:11.9885483Z Processing triggers for man-db (2.12.0-4build2) ...
Build on ubuntu-latest for windows	Install Dependencies (Windows Cross-compile)	2026-01-31T22:05:12.0020037Z Not building database; man-db/auto-update is not 'true'.
Build on ubuntu-latest for windows	Install Dependencies (Windows Cross-compile)	2026-01-31T22:05:13.2694865Z 
Build on ubuntu-latest for windows	Install Dependencies (Windows Cross-compile)	2026-01-31T22:05:13.2695335Z Running kernel seems to be up-to-date.
Build on ubuntu-latest for windows	Install Dependencies (Windows Cross-compile)	2026-01-31T22:05:13.2695584Z 
Build on ubuntu-latest for windows	Install Dependencies (Windows Cross-compile)	2026-01-31T22:05:13.2695679Z No services need to be restarted.
Build on ubuntu-latest for windows	Install Dependencies (Windows Cross-compile)	2026-01-31T22:05:13.2695869Z 
Build on ubuntu-latest for windows	Install Dependencies (Windows Cross-compile)	2026-01-31T22:05:13.2695964Z No containers need to be restarted.
Build on ubuntu-latest for windows	Install Dependencies (Windows Cross-compile)	2026-01-31T22:05:13.2696367Z 
Build on ubuntu-latest for windows	Install Dependencies (Windows Cross-compile)	2026-01-31T22:05:13.2696491Z No user sessions are running outdated binaries.
Build on ubuntu-latest for windows	Install Dependencies (Windows Cross-compile)	2026-01-31T22:05:13.2697007Z 
Build on ubuntu-latest for windows	Install Dependencies (Windows Cross-compile)	2026-01-31T22:05:13.2697211Z No VM guests are running outdated hypervisor (qemu) binaries on this host.
Build on ubuntu-latest for windows	Configure CMake	ï»¿2026-01-31T22:05:14.1673759Z ##[group]Run cmake -B build-windows -S . -DCMAKE_TOOLCHAIN_FILE=windows_toolchain.cmake -DBUILD_STATIC_WIN=ON -DCMAKE_BUILD_TYPE=Release
Build on ubuntu-latest for windows	Configure CMake	2026-01-31T22:05:14.1674777Z [36;1mcmake -B build-windows -S . -DCMAKE_TOOLCHAIN_FILE=windows_toolchain.cmake -DBUILD_STATIC_WIN=ON -DCMAKE_BUILD_TYPE=Release[0m
Build on ubuntu-latest for windows	Configure CMake	2026-01-31T22:05:14.1709021Z shell: /usr/bin/bash -e {0}
Build on ubuntu-latest for windows	Configure CMake	2026-01-31T22:05:14.1709269Z ##[endgroup]
Build on ubuntu-latest for windows	Configure CMake	2026-01-31T22:05:14.9055319Z -- The C compiler identification is GNU 13.0.0
Build on ubuntu-latest for windows	Configure CMake	2026-01-31T22:05:15.0187376Z -- The CXX compiler identification is GNU 13.0.0
Build on ubuntu-latest for windows	Configure CMake	2026-01-31T22:05:15.3641850Z -- Detecting C compiler ABI info
Build on ubuntu-latest for windows	Configure CMake	2026-01-31T22:05:22.6708909Z -- Detecting C compiler ABI info - done
Build on ubuntu-latest for windows	Configure CMake	2026-01-31T22:05:22.6880637Z -- Check for working C compiler: /usr/bin/x86_64-w64-mingw32-gcc - skipped
Build on ubuntu-latest for windows	Configure CMake	2026-01-31T22:05:22.6941422Z -- Detecting C compile features
Build on ubuntu-latest for windows	Configure CMake	2026-01-31T22:05:22.7001735Z -- Detecting C compile features - done
Build on ubuntu-latest for windows	Configure CMake	2026-01-31T22:05:22.7196792Z -- Detecting CXX compiler ABI info
Build on ubuntu-latest for windows	Configure CMake	2026-01-31T22:05:22.8230718Z -- Detecting CXX compiler ABI info - done
Build on ubuntu-latest for windows	Configure CMake	2026-01-31T22:05:22.8406950Z -- Check for working CXX compiler: /usr/bin/x86_64-w64-mingw32-g++ - skipped
Build on ubuntu-latest for windows	Configure CMake	2026-01-31T22:05:22.8410361Z -- Detecting CXX compile features
Build on ubuntu-latest for windows	Configure CMake	2026-01-31T22:05:22.8416579Z -- Detecting CXX compile features - done
Build on ubuntu-latest for windows	Configure CMake	2026-01-31T22:05:22.9068606Z -- Downloading Korean font...
Build on ubuntu-latest for windows	Configure CMake	2026-01-31T22:05:23.5906608Z -- [download 0% complete]
Build on ubuntu-latest for windows	Configure CMake	2026-01-31T22:05:23.6031292Z -- [download 1% complete]
Build on ubuntu-latest for windows	Configure CMake	2026-01-31T22:05:23.6129473Z -- [download 2% complete]
Build on ubuntu-latest for windows	Configure CMake	2026-01-31T22:05:23.6200777Z -- [download 3% complete]
Build on ubuntu-latest for windows	Configure CMake	2026-01-31T22:05:23.6224962Z -- [download 4% complete]
Build on ubuntu-latest for windows	Configure CMake	2026-01-31T22:05:23.6280512Z -- [download 5% complete]
Build on ubuntu-latest for windows	Configure CMake	2026-01-31T22:05:23.6296904Z -- [download 6% complete]
Build on ubuntu-latest for windows	Configure CMake	2026-01-31T22:05:23.6314283Z -- [download 7% complete]
Build on ubuntu-latest for windows	Configure CMake	2026-01-31T22:05:23.6328177Z -- [download 8% complete]
Build on ubuntu-latest for windows	Configure CMake	2026-01-31T22:05:23.6365974Z -- [download 9% complete]
Build on ubuntu-latest for windows	Configure CMake	2026-01-31T22:05:23.6384087Z -- [download 10% complete]
Build on ubuntu-latest for windows	Configure CMake	2026-01-31T22:05:23.6403218Z -- [download 11% complete]
Build on ubuntu-latest for windows	Configure CMake	2026-01-31T22:05:23.6419978Z -- [download 12% complete]
Build on ubuntu-latest for windows	Configure CMake	2026-01-31T22:05:23.6434992Z -- [download 13% complete]
Build on ubuntu-latest for windows	Configure CMake	2026-01-31T22:05:23.6453451Z -- [download 14% complete]
Build on ubuntu-latest for windows	Configure CMake	2026-01-31T22:05:23.6474553Z -- [download 15% complete]
Build on ubuntu-latest for windows	Configure CMake	2026-01-31T22:05:23.6494740Z -- [download 16% complete]
Build on ubuntu-latest for windows	Configure CMake	2026-01-31T22:05:23.6515914Z -- [download 17% complete]
Build on ubuntu-latest for windows	Configure CMake	2026-01-31T22:05:23.6532854Z -- [download 18% complete]
Build on ubuntu-latest for windows	Configure CMake	2026-01-31T22:05:23.6551456Z -- [download 19% complete]
Build on ubuntu-latest for windows	Configure CMake	2026-01-31T22:05:23.6567745Z -- [download 20% complete]
Build on ubuntu-latest for windows	Configure CMake	2026-01-31T22:05:23.6582911Z -- [download 21% complete]
Build on ubuntu-latest for windows	Configure CMake	2026-01-31T22:05:23.6597995Z -- [download 22% complete]
Build on ubuntu-latest for windows	Configure CMake	2026-01-31T22:05:23.6614946Z -- [download 23% complete]
Build on ubuntu-latest for windows	Configure CMake	2026-01-31T22:05:23.6630925Z -- [download 24% complete]
Build on ubuntu-latest for windows	Configure CMake	2026-01-31T22:05:23.6646585Z -- [download 25% complete]
Build on ubuntu-latest for windows	Configure CMake	2026-01-31T22:05:23.6663661Z -- [download 26% complete]
Build on ubuntu-latest for windows	Configure CMake	2026-01-31T22:05:23.6679990Z -- [download 27% complete]
Build on ubuntu-latest for windows	Configure CMake	2026-01-31T22:05:23.6695627Z -- [download 28% complete]
Build on ubuntu-latest for windows	Configure CMake	2026-01-31T22:05:23.6712772Z -- [download 29% complete]
Build on ubuntu-latest for windows	Configure CMake	2026-01-31T22:05:23.6727950Z -- [download 30% complete]
Build on ubuntu-latest for windows	Configure CMake	2026-01-31T22:05:23.6746726Z -- [download 31% complete]
Build on ubuntu-latest for windows	Configure CMake	2026-01-31T22:05:23.6763588Z -- [download 32% complete]
Build on ubuntu-latest for windows	Configure CMake	2026-01-31T22:05:23.6779706Z -- [download 33% complete]
Build on ubuntu-latest for windows	Configure CMake	2026-01-31T22:05:23.6795968Z -- [download 34% complete]
Build on ubuntu-latest for windows	Configure CMake	2026-01-31T22:05:23.6812179Z -- [download 35% complete]
Build on ubuntu-latest for windows	Configure CMake	2026-01-31T22:05:23.6827875Z -- [download 36% complete]
Build on ubuntu-latest for windows	Configure CMake	2026-01-31T22:05:23.6844103Z -- [download 37% complete]
Build on ubuntu-latest for windows	Configure CMake	2026-01-31T22:05:23.6859963Z -- [download 38% complete]
Build on ubuntu-latest for windows	Configure CMake	2026-01-31T22:05:23.6876396Z -- [download 39% complete]
Build on ubuntu-latest for windows	Configure CMake	2026-01-31T22:05:23.6893230Z -- [download 40% complete]
Build on ubuntu-latest for windows	Configure CMake	2026-01-31T22:05:23.6909009Z -- [download 41% complete]
Build on ubuntu-latest for windows	Configure CMake	2026-01-31T22:05:23.6925397Z -- [download 42% complete]
Build on ubuntu-latest for windows	Configure CMake	2026-01-31T22:05:23.6940282Z -- [download 43% complete]
Build on ubuntu-latest for windows	Configure CMake	2026-01-31T22:05:23.6956566Z -- [download 44% complete]
Build on ubuntu-latest for windows	Configure CMake	2026-01-31T22:05:23.6973765Z -- [download 45% complete]
Build on ubuntu-latest for windows	Configure CMake	2026-01-31T22:05:23.6989699Z -- [download 46% complete]
Build on ubuntu-latest for windows	Configure CMake	2026-01-31T22:05:23.7006569Z -- [download 47% complete]
Build on ubuntu-latest for windows	Configure CMake	2026-01-31T22:05:23.7022088Z -- [download 48% complete]
Build on ubuntu-latest for windows	Configure CMake	2026-01-31T22:05:23.7037730Z -- [download 49% complete]
Build on ubuntu-latest for windows	Configure CMake	2026-01-31T22:05:23.7054474Z -- [download 50% complete]
Build on ubuntu-latest for windows	Configure CMake	2026-01-31T22:05:23.7071286Z -- [download 51% complete]
Build on ubuntu-latest for windows	Configure CMake	2026-01-31T22:05:23.7087200Z -- [download 52% complete]
Build on ubuntu-latest for windows	Configure CMake	2026-01-31T22:05:23.7103596Z -- [download 53% complete]
Build on ubuntu-latest for windows	Configure CMake	2026-01-31T22:05:23.7118442Z -- [download 54% complete]
Build on ubuntu-latest for windows	Configure CMake	2026-01-31T22:05:23.7136540Z -- [download 55% complete]
Build on ubuntu-latest for windows	Configure CMake	2026-01-31T22:05:23.7153490Z -- [download 56% complete]
Build on ubuntu-latest for windows	Configure CMake	2026-01-31T22:05:23.7171028Z -- [download 57% complete]
Build on ubuntu-latest for windows	Configure CMake	2026-01-31T22:05:23.7188217Z -- [download 58% complete]
Build on ubuntu-latest for windows	Configure CMake	2026-01-31T22:05:23.7203020Z -- [download 59% complete]
Build on ubuntu-latest for windows	Configure CMake	2026-01-31T22:05:23.7219878Z -- [download 60% complete]
Build on ubuntu-latest for windows	Configure CMake	2026-01-31T22:05:23.7235926Z -- [download 61% complete]
Build on ubuntu-latest for windows	Configure CMake	2026-01-31T22:05:23.7252727Z -- [download 62% complete]
Build on ubuntu-latest for windows	Configure CMake	2026-01-31T22:05:23.7269531Z -- [download 63% complete]
Build on ubuntu-latest for windows	Configure CMake	2026-01-31T22:05:23.7286906Z -- [download 64% complete]
Build on ubuntu-latest for windows	Configure CMake	2026-01-31T22:05:23.7303401Z -- [download 65% complete]
Build on ubuntu-latest for windows	Configure CMake	2026-01-31T22:05:23.7319832Z -- [download 66% complete]
Build on ubuntu-latest for windows	Configure CMake	2026-01-31T22:05:23.7335491Z -- [download 67% complete]
Build on ubuntu-latest for windows	Configure CMake	2026-01-31T22:05:23.7352270Z -- [download 68% complete]
Build on ubuntu-latest for windows	Configure CMake	2026-01-31T22:05:23.7368289Z -- [download 69% complete]
Build on ubuntu-latest for windows	Configure CMake	2026-01-31T22:05:23.7385384Z -- [download 70% complete]
Build on ubuntu-latest for windows	Configure CMake	2026-01-31T22:05:23.7400581Z -- [download 71% complete]
Build on ubuntu-latest for windows	Configure CMake	2026-01-31T22:05:23.7417799Z -- [download 72% complete]
Build on ubuntu-latest for windows	Configure CMake	2026-01-31T22:05:23.7433749Z -- [download 73% complete]
Build on ubuntu-latest for windows	Configure CMake	2026-01-31T22:05:23.7450614Z -- [download 74% complete]
Build on ubuntu-latest for windows	Configure CMake	2026-01-31T22:05:23.7465936Z -- [download 75% complete]
Build on ubuntu-latest for windows	Configure CMake	2026-01-31T22:05:23.7481462Z -- [download 76% complete]
Build on ubuntu-latest for windows	Configure CMake	2026-01-31T22:05:23.7497811Z -- [download 77% complete]
Build on ubuntu-latest for windows	Configure CMake	2026-01-31T22:05:23.7513632Z -- [download 78% complete]
Build on ubuntu-latest for windows	Configure CMake	2026-01-31T22:05:23.7530913Z -- [download 79% complete]
Build on ubuntu-latest for windows	Configure CMake	2026-01-31T22:05:23.7548173Z -- [download 80% complete]
Build on ubuntu-latest for windows	Configure CMake	2026-01-31T22:05:23.7564020Z -- [download 81% complete]
Build on ubuntu-latest for windows	Configure CMake	2026-01-31T22:05:23.7580660Z -- [download 82% complete]
Build on ubuntu-latest for windows	Configure CMake	2026-01-31T22:05:23.7597428Z -- [download 83% complete]
Build on ubuntu-latest for windows	Configure CMake	2026-01-31T22:05:23.7613948Z -- [download 84% complete]
Build on ubuntu-latest for windows	Configure CMake	2026-01-31T22:05:23.7628437Z -- [download 85% complete]
Build on ubuntu-latest for windows	Configure CMake	2026-01-31T22:05:23.7642906Z -- [download 86% complete]
Build on ubuntu-latest for windows	Configure CMake	2026-01-31T22:05:23.7657273Z -- [download 87% complete]
Build on ubuntu-latest for windows	Configure CMake	2026-01-31T22:05:23.7671646Z -- [download 88% complete]
Build on ubuntu-latest for windows	Configure CMake	2026-01-31T22:05:23.7686267Z -- [download 89% complete]
Build on ubuntu-latest for windows	Configure CMake	2026-01-31T22:05:23.7701184Z -- [download 90% complete]
Build on ubuntu-latest for windows	Configure CMake	2026-01-31T22:05:23.7716623Z -- [download 91% complete]
Build on ubuntu-latest for windows	Configure CMake	2026-01-31T22:05:23.7729800Z -- [download 92% complete]
Build on ubuntu-latest for windows	Configure CMake	2026-01-31T22:05:23.7744302Z -- [download 93% complete]
Build on ubuntu-latest for windows	Configure CMake	2026-01-31T22:05:23.7758877Z -- [download 94% complete]
Build on ubuntu-latest for windows	Configure CMake	2026-01-31T22:05:23.7773410Z -- [download 95% complete]
Build on ubuntu-latest for windows	Configure CMake	2026-01-31T22:05:23.7787877Z -- [download 96% complete]
Build on ubuntu-latest for windows	Configure CMake	2026-01-31T22:05:23.7802560Z -- [download 97% complete]
Build on ubuntu-latest for windows	Configure CMake	2026-01-31T22:05:23.7817034Z -- [download 98% complete]
Build on ubuntu-latest for windows	Configure CMake	2026-01-31T22:05:23.7831458Z -- [download 99% complete]
Build on ubuntu-latest for windows	Configure CMake	2026-01-31T22:05:23.7845950Z -- [download 100% complete]
Build on ubuntu-latest for windows	Configure CMake	2026-01-31T22:05:23.7869985Z -- Downloading Chinese font...
Build on ubuntu-latest for windows	Configure CMake	2026-01-31T22:05:24.0954365Z -- [download 0% complete]
Build on ubuntu-latest for windows	Configure CMake	2026-01-31T22:05:24.1108444Z -- [download 1% complete]
Build on ubuntu-latest for windows	Configure CMake	2026-01-31T22:05:24.1233957Z -- [download 2% complete]
Build on ubuntu-latest for windows	Configure CMake	2026-01-31T22:05:24.1327772Z -- [download 3% complete]
Build on ubuntu-latest for windows	Configure CMake	2026-01-31T22:05:24.1404793Z -- [download 4% complete]
Build on ubuntu-latest for windows	Configure CMake	2026-01-31T22:05:24.1430615Z -- [download 5% complete]
Build on ubuntu-latest for windows	Configure CMake	2026-01-31T22:05:24.1446021Z -- [download 6% complete]
Build on ubuntu-latest for windows	Configure CMake	2026-01-31T22:05:24.1476466Z -- [download 7% complete]
Build on ubuntu-latest for windows	Configure CMake	2026-01-31T22:05:24.1522503Z -- [download 8% complete]
Build on ubuntu-latest for windows	Configure CMake	2026-01-31T22:05:24.1538931Z -- [download 9% complete]
Build on ubuntu-latest for windows	Configure CMake	2026-01-31T22:05:24.1553981Z -- [download 10% complete]
Build on ubuntu-latest for windows	Configure CMake	2026-01-31T22:05:24.1568816Z -- [download 11% complete]
Build on ubuntu-latest for windows	Configure CMake	2026-01-31T22:05:24.1584113Z -- [download 12% complete]
Build on ubuntu-latest for windows	Configure CMake	2026-01-31T22:05:24.1598575Z -- [download 13% complete]
Build on ubuntu-latest for windows	Configure CMake	2026-01-31T22:05:24.1612858Z -- [download 14% complete]
Build on ubuntu-latest for windows	Configure CMake	2026-01-31T22:05:24.1637483Z -- [download 15% complete]
Build on ubuntu-latest for windows	Configure CMake	2026-01-31T22:05:24.1652235Z -- [download 16% complete]
Build on ubuntu-latest for windows	Configure CMake	2026-01-31T22:05:24.1666812Z -- [download 17% complete]
Build on ubuntu-latest for windows	Configure CMake	2026-01-31T22:05:24.1681539Z -- [download 18% complete]
Build on ubuntu-latest for windows	Configure CMake	2026-01-31T22:05:24.1696934Z -- [download 19% complete]
Build on ubuntu-latest for windows	Configure CMake	2026-01-31T22:05:24.1711652Z -- [download 20% complete]
Build on ubuntu-latest for windows	Configure CMake	2026-01-31T22:05:24.1726393Z -- [download 21% complete]
Build on ubuntu-latest for windows	Configure CMake	2026-01-31T22:05:24.1741688Z -- [download 22% complete]
Build on ubuntu-latest for windows	Configure CMake	2026-01-31T22:05:24.1756407Z -- [download 23% complete]
Build on ubuntu-latest for windows	Configure CMake	2026-01-31T22:05:24.1771593Z -- [download 24% complete]
Build on ubuntu-latest for windows	Configure CMake	2026-01-31T22:05:24.1787358Z -- [download 25% complete]
Build on ubuntu-latest for windows	Configure CMake	2026-01-31T22:05:24.1802506Z -- [download 26% complete]
Build on ubuntu-latest for windows	Configure CMake	2026-01-31T22:05:24.1817737Z -- [download 27% complete]
Build on ubuntu-latest for windows	Configure CMake	2026-01-31T22:05:24.1832683Z -- [download 28% complete]
Build on ubuntu-latest for windows	Configure CMake	2026-01-31T22:05:24.1847614Z -- [download 29% complete]
Build on ubuntu-latest for windows	Configure CMake	2026-01-31T22:05:24.1862437Z -- [download 30% complete]
Build on ubuntu-latest for windows	Configure CMake	2026-01-31T22:05:24.1877637Z -- [download 31% complete]
Build on ubuntu-latest for windows	Configure CMake	2026-01-31T22:05:24.1893012Z -- [download 32% complete]
Build on ubuntu-latest for windows	Configure CMake	2026-01-31T22:05:24.1908416Z -- [download 33% complete]
Build on ubuntu-latest for windows	Configure CMake	2026-01-31T22:05:24.1923822Z -- [download 34% complete]
Build on ubuntu-latest for windows	Configure CMake	2026-01-31T22:05:24.1938787Z -- [download 35% complete]
Build on ubuntu-latest for windows	Configure CMake	2026-01-31T22:05:24.1953526Z -- [download 36% complete]
Build on ubuntu-latest for windows	Configure CMake	2026-01-31T22:05:24.1968409Z -- [download 37% complete]
Build on ubuntu-latest for windows	Configure CMake	2026-01-31T22:05:24.1984158Z -- [download 38% complete]
Build on ubuntu-latest for windows	Configure CMake	2026-01-31T22:05:24.1998983Z -- [download 39% complete]
Build on ubuntu-latest for windows	Configure CMake	2026-01-31T22:05:24.2013811Z -- [download 40% complete]
Build on ubuntu-latest for windows	Configure CMake	2026-01-31T22:05:24.2028694Z -- [download 41% complete]
Build on ubuntu-latest for windows	Configure CMake	2026-01-31T22:05:24.2043648Z -- [download 42% complete]
Build on ubuntu-latest for windows	Configure CMake	2026-01-31T22:05:24.2058595Z -- [download 43% complete]
Build on ubuntu-latest for windows	Configure CMake	2026-01-31T22:05:24.2073323Z -- [download 44% complete]
Build on ubuntu-latest for windows	Configure CMake	2026-01-31T22:05:24.2087783Z -- [download 45% complete]
Build on ubuntu-latest for windows	Configure CMake	2026-01-31T22:05:24.2103248Z -- [download 46% complete]
Build on ubuntu-latest for windows	Configure CMake	2026-01-31T22:05:24.2118027Z -- [download 47% complete]
Build on ubuntu-latest for windows	Configure CMake	2026-01-31T22:05:24.2132730Z -- [download 48% complete]
Build on ubuntu-latest for windows	Configure CMake	2026-01-31T22:05:24.2147650Z -- [download 49% complete]
Build on ubuntu-latest for windows	Configure CMake	2026-01-31T22:05:24.2162443Z -- [download 50% complete]
Build on ubuntu-latest for windows	Configure CMake	2026-01-31T22:05:24.2177240Z -- [download 51% complete]
Build on ubuntu-latest for windows	Configure CMake	2026-01-31T22:05:24.2191716Z -- [download 52% complete]
Build on ubuntu-latest for windows	Configure CMake	2026-01-31T22:05:24.2207614Z -- [download 53% complete]
Build on ubuntu-latest for windows	Configure CMake	2026-01-31T22:05:24.2222525Z -- [download 54% complete]
Build on ubuntu-latest for windows	Configure CMake	2026-01-31T22:05:24.2237123Z -- [download 55% complete]
Build on ubuntu-latest for windows	Configure CMake	2026-01-31T22:05:24.2252230Z -- [download 56% complete]
Build on ubuntu-latest for windows	Configure CMake	2026-01-31T22:05:24.2267529Z -- [download 57% complete]
Build on ubuntu-latest for windows	Configure CMake	2026-01-31T22:05:24.2282430Z -- [download 58% complete]
Build on ubuntu-latest for windows	Configure CMake	2026-01-31T22:05:24.2297290Z -- [download 59% complete]
Build on ubuntu-latest for windows	Configure CMake	2026-01-31T22:05:24.2312053Z -- [download 60% complete]
Build on ubuntu-latest for windows	Configure CMake	2026-01-31T22:05:24.2327057Z -- [download 61% complete]
Build on ubuntu-latest for windows	Configure CMake	2026-01-31T22:05:24.2342244Z -- [download 62% complete]
Build on ubuntu-latest for windows	Configure CMake	2026-01-31T22:05:24.2357575Z -- [download 63% complete]
Build on ubuntu-latest for windows	Configure CMake	2026-01-31T22:05:24.2372584Z -- [download 64% complete]
Build on ubuntu-latest for windows	Configure CMake	2026-01-31T22:05:24.2387908Z -- [download 65% complete]
Build on ubuntu-latest for windows	Configure CMake	2026-01-31T22:05:24.2403738Z -- [download 66% complete]
Build on ubuntu-latest for windows	Configure CMake	2026-01-31T22:05:24.2416894Z -- [download 67% complete]
Build on ubuntu-latest for windows	Configure CMake	2026-01-31T22:05:24.2431566Z -- [download 68% complete]
Build on ubuntu-latest for windows	Configure CMake	2026-01-31T22:05:24.2446427Z -- [download 69% complete]
Build on ubuntu-latest for windows	Configure CMake	2026-01-31T22:05:24.2461188Z -- [download 70% complete]
Build on ubuntu-latest for windows	Configure CMake	2026-01-31T22:05:24.2476391Z -- [download 71% complete]
Build on ubuntu-latest for windows	Configure CMake	2026-01-31T22:05:24.2491604Z -- [download 72% complete]
Build on ubuntu-latest for windows	Configure CMake	2026-01-31T22:05:24.2507599Z -- [download 73% complete]
Build on ubuntu-latest for windows	Configure CMake	2026-01-31T22:05:24.2522507Z -- [download 74% complete]
Build on ubuntu-latest for windows	Configure CMake	2026-01-31T22:05:24.2537309Z -- [download 75% complete]
Build on ubuntu-latest for windows	Configure CMake	2026-01-31T22:05:24.2552801Z -- [download 76% complete]
Build on ubuntu-latest for windows	Configure CMake	2026-01-31T22:05:24.2567979Z -- [download 77% complete]
Build on ubuntu-latest for windows	Configure CMake	2026-01-31T22:05:24.2582791Z -- [download 78% complete]
Build on ubuntu-latest for windows	Configure CMake	2026-01-31T22:05:24.2597860Z -- [download 79% complete]
Build on ubuntu-latest for windows	Configure CMake	2026-01-31T22:05:24.2612699Z -- [download 80% complete]
Build on ubuntu-latest for windows	Configure CMake	2026-01-31T22:05:24.2627670Z -- [download 81% complete]
Build on ubuntu-latest for windows	Configure CMake	2026-01-31T22:05:24.2642164Z -- [download 82% complete]
Build on ubuntu-latest for windows	Configure CMake	2026-01-31T22:05:24.2657388Z -- [download 83% complete]
Build on ubuntu-latest for windows	Configure CMake	2026-01-31T22:05:24.2672004Z -- [download 84% complete]
Build on ubuntu-latest for windows	Configure CMake	2026-01-31T22:05:24.2686429Z -- [download 85% complete]
Build on ubuntu-latest for windows	Configure CMake	2026-01-31T22:05:24.2701206Z -- [download 86% complete]
Build on ubuntu-latest for windows	Configure CMake	2026-01-31T22:05:24.2716680Z -- [download 87% complete]
Build on ubuntu-latest for windows	Configure CMake	2026-01-31T22:05:24.2731232Z -- [download 88% complete]
Build on ubuntu-latest for windows	Configure CMake	2026-01-31T22:05:24.2745773Z -- [download 89% complete]
Build on ubuntu-latest for windows	Configure CMake	2026-01-31T22:05:24.2760526Z -- [download 90% complete]
Build on ubuntu-latest for windows	Configure CMake	2026-01-31T22:05:24.2775020Z -- [download 91% complete]
Build on ubuntu-latest for windows	Configure CMake	2026-01-31T22:05:24.2789602Z -- [download 92% complete]
Build on ubuntu-latest for windows	Configure CMake	2026-01-31T22:05:24.2804045Z -- [download 93% complete]
Build on ubuntu-latest for windows	Configure CMake	2026-01-31T22:05:24.2818724Z -- [download 94% complete]
Build on ubuntu-latest for windows	Configure CMake	2026-01-31T22:05:24.2833161Z -- [download 95% complete]
Build on ubuntu-latest for windows	Configure CMake	2026-01-31T22:05:24.2847707Z -- [download 96% complete]
Build on ubuntu-latest for windows	Configure CMake	2026-01-31T22:05:24.2862448Z -- [download 97% complete]
Build on ubuntu-latest for windows	Configure CMake	2026-01-31T22:05:24.2877048Z -- [download 98% complete]
Build on ubuntu-latest for windows	Configure CMake	2026-01-31T22:05:24.2891191Z -- [download 99% complete]
Build on ubuntu-latest for windows	Configure CMake	2026-01-31T22:05:24.2905736Z -- [download 100% complete]
Build on ubuntu-latest for windows	Configure CMake	2026-01-31T22:05:24.4326000Z -- Found Python3: /usr/bin/python3.12 (found version "3.12.3") found components: Interpreter
Build on ubuntu-latest for windows	Configure CMake	2026-01-31T22:05:34.7616480Z -- Performing Test CMAKE_HAVE_LIBC_PTHREAD
Build on ubuntu-latest for windows	Configure CMake	2026-01-31T22:05:34.8635470Z -- Performing Test CMAKE_HAVE_LIBC_PTHREAD - Failed
Build on ubuntu-latest for windows	Configure CMake	2026-01-31T22:05:34.8636576Z -- Looking for pthread_create in pthreads
Build on ubuntu-latest for windows	Configure CMake	2026-01-31T22:05:34.9628753Z -- Looking for pthread_create in pthreads - not found
Build on ubuntu-latest for windows	Configure CMake	2026-01-31T22:05:34.9629429Z -- Looking for pthread_create in pthread
Build on ubuntu-latest for windows	Configure CMake	2026-01-31T22:05:35.0597014Z -- Looking for pthread_create in pthread - found
Build on ubuntu-latest for windows	Configure CMake	2026-01-31T22:05:35.0607796Z -- Found Threads: TRUE
Build on ubuntu-latest for windows	Configure CMake	2026-01-31T22:05:35.1091381Z -- Could NOT find Doxygen (missing: DOXYGEN_EXECUTABLE) 
Build on ubuntu-latest for windows	Configure CMake	2026-01-31T22:05:35.1098629Z -- Looking for dinput.h
Build on ubuntu-latest for windows	Configure CMake	2026-01-31T22:05:35.7394365Z -- Looking for dinput.h - found
Build on ubuntu-latest for windows	Configure CMake	2026-01-31T22:05:35.7395120Z -- Looking for xinput.h
Build on ubuntu-latest for windows	Configure CMake	2026-01-31T22:05:36.1322589Z -- Looking for xinput.h - found
Build on ubuntu-latest for windows	Configure CMake	2026-01-31T22:05:36.1495541Z -- Performing Test _GLFW_HAS_DEP
Build on ubuntu-latest for windows	Configure CMake	2026-01-31T22:05:36.2436015Z -- Performing Test _GLFW_HAS_DEP - Success
Build on ubuntu-latest for windows	Configure CMake	2026-01-31T22:05:36.2444624Z -- Performing Test _GLFW_HAS_ASLR
Build on ubuntu-latest for windows	Configure CMake	2026-01-31T22:05:36.3382454Z -- Performing Test _GLFW_HAS_ASLR - Success
Build on ubuntu-latest for windows	Configure CMake	2026-01-31T22:05:36.3391276Z -- Performing Test _GLFW_HAS_64ASLR
Build on ubuntu-latest for windows	Configure CMake	2026-01-31T22:05:36.4333311Z -- Performing Test _GLFW_HAS_64ASLR - Success
Build on ubuntu-latest for windows	Configure CMake	2026-01-31T22:05:36.4334038Z -- Using Win32 for window creation
Build on ubuntu-latest for windows	Configure CMake	2026-01-31T22:05:49.7787470Z ##[error]The operation was canceled.
Build on ubuntu-latest for windows	Post Checkout code	ï»¿2026-01-31T22:05:49.7930006Z Post job cleanup.
Build on ubuntu-latest for windows	Post Checkout code	2026-01-31T22:05:49.9270626Z [command]/usr/bin/git version
Build on ubuntu-latest for windows	Post Checkout code	2026-01-31T22:05:49.9328807Z git version 2.52.0
Build on ubuntu-latest for windows	Post Checkout code	2026-01-31T22:05:49.9420869Z Temporarily overriding HOME='/home/runner/work/_temp/e762d077-bbb7-4bd8-88fa-74be44523ceb' before making global git config changes
Build on ubuntu-latest for windows	Post Checkout code	2026-01-31T22:05:49.9422351Z Adding repository directory to the temporary git global config as a safe directory
Build on ubuntu-latest for windows	Post Checkout code	2026-01-31T22:05:49.9423699Z [command]/usr/bin/git config --global --add safe.directory /home/runner/work/motor-curve-control/motor-curve-control
Build on ubuntu-latest for windows	Post Checkout code	2026-01-31T22:05:49.9442185Z [command]/usr/bin/git config --local --name-only --get-regexp core\.sshCommand
Build on ubuntu-latest for windows	Post Checkout code	2026-01-31T22:05:49.9499318Z [command]/usr/bin/git submodule foreach --recursive sh -c "git config --local --name-only --get-regexp 'core\.sshCommand' && git config --local --unset-all 'core.sshCommand' || :"
Build on ubuntu-latest for windows	Post Checkout code	2026-01-31T22:05:49.9827196Z [command]/usr/bin/git config --local --name-only --get-regexp http\.https\:\/\/github\.com\/\.extraheader
Build on ubuntu-latest for windows	Post Checkout code	2026-01-31T22:05:49.9867104Z http.https://github.com/.extraheader
Build on ubuntu-latest for windows	Post Checkout code	2026-01-31T22:05:49.9874537Z [command]/usr/bin/git config --local --unset-all http.https://github.com/.extraheader
Build on ubuntu-latest for windows	Post Checkout code	2026-01-31T22:05:49.9935884Z [command]/usr/bin/git submodule foreach --recursive sh -c "git config --local --name-only --get-regexp 'http\.https\:\/\/github\.com\/\.extraheader' && git config --local --unset-all 'http.https://github.com/.extraheader' || :"
Build on ubuntu-latest for windows	Post Checkout code	2026-01-31T22:05:50.0258825Z [command]/usr/bin/git config --local --name-only --get-regexp ^includeIf\.gitdir:
Build on ubuntu-latest for windows	Post Checkout code	2026-01-31T22:05:50.0307034Z [command]/usr/bin/git submodule foreach --recursive git config --local --show-origin --name-only --get-regexp remote.origin.url
Build on ubuntu-latest for windows	Complete job	ï»¿2026-01-31T22:05:50.0752878Z Cleaning up orphan processes
Build on ubuntu-latest for windows	Complete job	2026-01-31T22:05:50.1097325Z Terminate orphan process: pid (3186) (cmake)
Build on ubuntu-latest for windows	Complete job	2026-01-31T22:05:50.1137510Z Terminate orphan process: pid (3515) (cmake)
Build on ubuntu-latest for windows	Complete job	2026-01-31T22:05:50.1191614Z Terminate orphan process: pid (3516) (gmake)
Build on ubuntu-latest for windows	Complete job	2026-01-31T22:05:50.1225598Z Terminate orphan process: pid (3519) (gmake)
Build on ubuntu-latest for windows	Complete job	2026-01-31T22:05:50.1256810Z Terminate orphan process: pid (3523) (gmake)
Build on ubuntu-latest for windows	Complete job	2026-01-31T22:05:50.1286403Z Terminate orphan process: pid (3530) (sh)
Build on ubuntu-latest for windows	Complete job	2026-01-31T22:05:50.1315069Z Terminate orphan process: pid (3531) (cmake)
Build on ubuntu-latest for windows	Complete job	2026-01-31T22:05:50.1346766Z Terminate orphan process: pid (3533) (git)
Build on ubuntu-latest for windows	Complete job	2026-01-31T22:05:50.1394988Z Terminate orphan process: pid (3538) (git)
