Build on ubuntu-latest for windows	Set up job	ï»¿2026-01-31T22:09:03.4347640Z Current runner version: '2.331.0'
Build on ubuntu-latest for windows	Set up job	2026-01-31T22:09:03.4373466Z ##[group]Runner Image Provisioner
Build on ubuntu-latest for windows	Set up job	2026-01-31T22:09:03.4374314Z Hosted Compute Agent
Build on ubuntu-latest for windows	Set up job	2026-01-31T22:09:03.4374966Z Version: 20260123.484
Build on ubuntu-latest for windows	Set up job	2026-01-31T22:09:03.4375687Z Commit: 6bd6555ca37d84114959e1c76d2c01448ff61c5d
Build on ubuntu-latest for windows	Set up job	2026-01-31T22:09:03.4376390Z Build Date: 2026-01-23T19:41:17Z
Build on ubuntu-latest for windows	Set up job	2026-01-31T22:09:03.4377150Z Worker ID: {36a94aad-d46d-4d6d-97e5-f77c56790d77}
Build on ubuntu-latest for windows	Set up job	2026-01-31T22:09:03.4377860Z Azure Region: northcentralus
Build on ubuntu-latest for windows	Set up job	2026-01-31T22:09:03.4378445Z ##[endgroup]
Build on ubuntu-latest for windows	Set up job	2026-01-31T22:09:03.4379904Z ##[group]Operating System
Build on ubuntu-latest for windows	Set up job	2026-01-31T22:09:03.4380534Z Ubuntu
Build on ubuntu-latest for windows	Set up job	2026-01-31T22:09:03.4380964Z 24.04.3
Build on ubuntu-latest for windows	Set up job	2026-01-31T22:09:03.4381456Z LTS
Build on ubuntu-latest for windows	Set up job	2026-01-31T22:09:03.4381930Z ##[endgroup]
Build on ubuntu-latest for windows	Set up job	2026-01-31T22:09:03.4382429Z ##[group]Runner Image
Build on ubuntu-latest for windows	Set up job	2026-01-31T22:09:03.4382997Z Image: ubuntu-24.04
Build on ubuntu-latest for windows	Set up job	2026-01-31T22:09:03.4383506Z Version: 20260126.10.1
Build on ubuntu-latest for windows	Set up job	2026-01-31T22:09:03.4384500Z Included Software: https://github.com/actions/runner-images/blob/ubuntu24/20260126.10/images/ubuntu/Ubuntu2404-Readme.md
Build on ubuntu-latest for windows	Set up job	2026-01-31T22:09:03.4386678Z Image Release: https://github.com/actions/runner-images/releases/tag/ubuntu24%2F20260126.10
Build on ubuntu-latest for windows	Set up job	2026-01-31T22:09:03.4387603Z ##[endgroup]
Build on ubuntu-latest for windows	Set up job	2026-01-31T22:09:03.4388649Z ##[group]GITHUB_TOKEN Permissions
Build on ubuntu-latest for windows	Set up job	2026-01-31T22:09:03.4390669Z Contents: write
Build on ubuntu-latest for windows	Set up job	2026-01-31T22:09:03.4391313Z Metadata: read
Build on ubuntu-latest for windows	Set up job	2026-01-31T22:09:03.4391813Z ##[endgroup]
Build on ubuntu-latest for windows	Set up job	2026-01-31T22:09:03.4393828Z Secret source: Actions
Build on ubuntu-latest for windows	Set up job	2026-01-31T22:09:03.4394903Z Prepare workflow directory
Build on ubuntu-latest for windows	Set up job	2026-01-31T22:09:03.4723310Z Prepare all required actions
Build on ubuntu-latest for windows	Set up job	2026-01-31T22:09:03.4761250Z Getting action download info
Build on ubuntu-latest for windows	Set up job	2026-01-31T22:09:03.8017646Z Download action repository 'actions/checkout@v4' (SHA:34e114876b0b11c390a56381ad16ebd13914f8d5)
Build on ubuntu-latest for windows	Set up job	2026-01-31T22:09:03.8897193Z Download action repository 'actions/upload-artifact@v4' (SHA:ea165f8d65b6e75b540449e92b4886f43607fa02)
Build on ubuntu-latest for windows	Set up job	2026-01-31T22:09:04.1112525Z Complete job name: Build on ubuntu-latest for windows
Build on ubuntu-latest for windows	Checkout code	ï»¿2026-01-31T22:09:04.1808310Z ##[group]Run actions/checkout@v4
Build on ubuntu-latest for windows	Checkout code	2026-01-31T22:09:04.1809162Z with:
Build on ubuntu-latest for windows	Checkout code	2026-01-31T22:09:04.1809583Z   submodules: recursive
Build on ubuntu-latest for windows	Checkout code	2026-01-31T22:09:04.1810076Z   repository: oudeis01/motor-curve-control
Build on ubuntu-latest for windows	Checkout code	2026-01-31T22:09:04.1810766Z   token: ***
Build on ubuntu-latest for windows	Checkout code	2026-01-31T22:09:04.1811166Z   ssh-strict: true
Build on ubuntu-latest for windows	Checkout code	2026-01-31T22:09:04.1811560Z   ssh-user: git
Build on ubuntu-latest for windows	Checkout code	2026-01-31T22:09:04.1811979Z   persist-credentials: true
Build on ubuntu-latest for windows	Checkout code	2026-01-31T22:09:04.1812428Z   clean: true
Build on ubuntu-latest for windows	Checkout code	2026-01-31T22:09:04.1812849Z   sparse-checkout-cone-mode: true
Build on ubuntu-latest for windows	Checkout code	2026-01-31T22:09:04.1813335Z   fetch-depth: 1
Build on ubuntu-latest for windows	Checkout code	2026-01-31T22:09:04.1813731Z   fetch-tags: false
Build on ubuntu-latest for windows	Checkout code	2026-01-31T22:09:04.1814135Z   show-progress: true
Build on ubuntu-latest for windows	Checkout code	2026-01-31T22:09:04.1814534Z   lfs: false
Build on ubuntu-latest for windows	Checkout code	2026-01-31T22:09:04.1814917Z   set-safe-directory: true
Build on ubuntu-latest for windows	Checkout code	2026-01-31T22:09:04.1815789Z ##[endgroup]
Build on ubuntu-latest for windows	Checkout code	2026-01-31T22:09:04.2876917Z Syncing repository: oudeis01/motor-curve-control
Build on ubuntu-latest for windows	Checkout code	2026-01-31T22:09:04.2878717Z ##[group]Getting Git version info
Build on ubuntu-latest for windows	Checkout code	2026-01-31T22:09:04.2879690Z Working directory is '/home/runner/work/motor-curve-control/motor-curve-control'
Build on ubuntu-latest for windows	Checkout code	2026-01-31T22:09:04.2880845Z [command]/usr/bin/git version
Build on ubuntu-latest for windows	Checkout code	2026-01-31T22:09:04.2963410Z git version 2.52.0
Build on ubuntu-latest for windows	Checkout code	2026-01-31T22:09:04.2989367Z ##[endgroup]
Build on ubuntu-latest for windows	Checkout code	2026-01-31T22:09:04.3003220Z Temporarily overriding HOME='/home/runner/work/_temp/52e7c247-ff67-4024-a93b-126b2d9a5b18' before making global git config changes
Build on ubuntu-latest for windows	Checkout code	2026-01-31T22:09:04.3005608Z Adding repository directory to the temporary git global config as a safe directory
Build on ubuntu-latest for windows	Checkout code	2026-01-31T22:09:04.3015705Z [command]/usr/bin/git config --global --add safe.directory /home/runner/work/motor-curve-control/motor-curve-control
Build on ubuntu-latest for windows	Checkout code	2026-01-31T22:09:04.3053483Z Deleting the contents of '/home/runner/work/motor-curve-control/motor-curve-control'
Build on ubuntu-latest for windows	Checkout code	2026-01-31T22:09:04.3057092Z ##[group]Initializing the repository
Build on ubuntu-latest for windows	Checkout code	2026-01-31T22:09:04.3061040Z [command]/usr/bin/git init /home/runner/work/motor-curve-control/motor-curve-control
Build on ubuntu-latest for windows	Checkout code	2026-01-31T22:09:04.3207208Z hint: Using 'master' as the name for the initial branch. This default branch name
Build on ubuntu-latest for windows	Checkout code	2026-01-31T22:09:04.3208755Z hint: will change to "main" in Git 3.0. To configure the initial branch name
Build on ubuntu-latest for windows	Checkout code	2026-01-31T22:09:04.3210370Z hint: to use in all of your new repositories, which will suppress this warning,
Build on ubuntu-latest for windows	Checkout code	2026-01-31T22:09:04.3211266Z hint: call:
Build on ubuntu-latest for windows	Checkout code	2026-01-31T22:09:04.3211841Z hint:
Build on ubuntu-latest for windows	Checkout code	2026-01-31T22:09:04.3212671Z hint: 	git config --global init.defaultBranch <name>
Build on ubuntu-latest for windows	Checkout code	2026-01-31T22:09:04.3213285Z hint:
Build on ubuntu-latest for windows	Checkout code	2026-01-31T22:09:04.3213840Z hint: Names commonly chosen instead of 'master' are 'main', 'trunk' and
Build on ubuntu-latest for windows	Checkout code	2026-01-31T22:09:04.3214779Z hint: 'development'. The just-created branch can be renamed via this command:
Build on ubuntu-latest for windows	Checkout code	2026-01-31T22:09:04.3215702Z hint:
Build on ubuntu-latest for windows	Checkout code	2026-01-31T22:09:04.3216092Z hint: 	git branch -m <name>
Build on ubuntu-latest for windows	Checkout code	2026-01-31T22:09:04.3216539Z hint:
Build on ubuntu-latest for windows	Checkout code	2026-01-31T22:09:04.3217334Z hint: Disable this message with "git config set advice.defaultBranchName false"
Build on ubuntu-latest for windows	Checkout code	2026-01-31T22:09:04.3218606Z Initialized empty Git repository in /home/runner/work/motor-curve-control/motor-curve-control/.git/
Build on ubuntu-latest for windows	Checkout code	2026-01-31T22:09:04.3222969Z [command]/usr/bin/git remote add origin https://github.com/oudeis01/motor-curve-control
Build on ubuntu-latest for windows	Checkout code	2026-01-31T22:09:04.3258555Z ##[endgroup]
Build on ubuntu-latest for windows	Checkout code	2026-01-31T22:09:04.3259800Z ##[group]Disabling automatic garbage collection
Build on ubuntu-latest for windows	Checkout code	2026-01-31T22:09:04.3263360Z [command]/usr/bin/git config --local gc.auto 0
Build on ubuntu-latest for windows	Checkout code	2026-01-31T22:09:04.3292050Z ##[endgroup]
Build on ubuntu-latest for windows	Checkout code	2026-01-31T22:09:04.3293355Z ##[group]Setting up auth
Build on ubuntu-latest for windows	Checkout code	2026-01-31T22:09:04.3299958Z [command]/usr/bin/git config --local --name-only --get-regexp core\.sshCommand
Build on ubuntu-latest for windows	Checkout code	2026-01-31T22:09:04.3330839Z [command]/usr/bin/git submodule foreach --recursive sh -c "git config --local --name-only --get-regexp 'core\.sshCommand' && git config --local --unset-all 'core.sshCommand' || :"
Build on ubuntu-latest for windows	Checkout code	2026-01-31T22:09:04.3687030Z [command]/usr/bin/git config --local --name-only --get-regexp http\.https\:\/\/github\.com\/\.extraheader
Build on ubuntu-latest for windows	Checkout code	2026-01-31T22:09:04.3717896Z [command]/usr/bin/git submodule foreach --recursive sh -c "git config --local --name-only --get-regexp 'http\.https\:\/\/github\.com\/\.extraheader' && git config --local --unset-all 'http.https://github.com/.extraheader' || :"
Build on ubuntu-latest for windows	Checkout code	2026-01-31T22:09:04.3936450Z [command]/usr/bin/git config --local --name-only --get-regexp ^includeIf\.gitdir:
Build on ubuntu-latest for windows	Checkout code	2026-01-31T22:09:04.3967194Z [command]/usr/bin/git submodule foreach --recursive git config --local --show-origin --name-only --get-regexp remote.origin.url
Build on ubuntu-latest for windows	Checkout code	2026-01-31T22:09:04.4215332Z [command]/usr/bin/git config --local http.https://github.com/.extraheader AUTHORIZATION: basic ***
Build on ubuntu-latest for windows	Checkout code	2026-01-31T22:09:04.4249328Z ##[endgroup]
Build on ubuntu-latest for windows	Checkout code	2026-01-31T22:09:04.4250575Z ##[group]Fetching the repository
Build on ubuntu-latest for windows	Checkout code	2026-01-31T22:09:04.4259353Z [command]/usr/bin/git -c protocol.version=2 fetch --no-tags --prune --no-recurse-submodules --depth=1 origin +a7d89c2e729311321eecdaf652a7ba8ce6028975:refs/tags/v1.0.3
Build on ubuntu-latest for windows	Checkout code	2026-01-31T22:09:04.6709648Z From https://github.com/oudeis01/motor-curve-control
Build on ubuntu-latest for windows	Checkout code	2026-01-31T22:09:04.6710616Z  * [new ref]         a7d89c2e729311321eecdaf652a7ba8ce6028975 -> v1.0.3
Build on ubuntu-latest for windows	Checkout code	2026-01-31T22:09:04.6739912Z ##[endgroup]
Build on ubuntu-latest for windows	Checkout code	2026-01-31T22:09:04.6741085Z ##[group]Determining the checkout info
Build on ubuntu-latest for windows	Checkout code	2026-01-31T22:09:04.6742615Z ##[endgroup]
Build on ubuntu-latest for windows	Checkout code	2026-01-31T22:09:04.6748438Z [command]/usr/bin/git sparse-checkout disable
Build on ubuntu-latest for windows	Checkout code	2026-01-31T22:09:04.6790190Z [command]/usr/bin/git config --local --unset-all extensions.worktreeConfig
Build on ubuntu-latest for windows	Checkout code	2026-01-31T22:09:04.6816257Z ##[group]Checking out the ref
Build on ubuntu-latest for windows	Checkout code	2026-01-31T22:09:04.6821028Z [command]/usr/bin/git checkout --progress --force refs/tags/v1.0.3
Build on ubuntu-latest for windows	Checkout code	2026-01-31T22:09:04.7548544Z Note: switching to 'refs/tags/v1.0.3'.
Build on ubuntu-latest for windows	Checkout code	2026-01-31T22:09:04.7549286Z 
Build on ubuntu-latest for windows	Checkout code	2026-01-31T22:09:04.7549870Z You are in 'detached HEAD' state. You can look around, make experimental
Build on ubuntu-latest for windows	Checkout code	2026-01-31T22:09:04.7551058Z changes and commit them, and you can discard any commits you make in this
Build on ubuntu-latest for windows	Checkout code	2026-01-31T22:09:04.7551935Z state without impacting any branches by switching back to a branch.
Build on ubuntu-latest for windows	Checkout code	2026-01-31T22:09:04.7552429Z 
Build on ubuntu-latest for windows	Checkout code	2026-01-31T22:09:04.7552803Z If you want to create a new branch to retain commits you create, you may
Build on ubuntu-latest for windows	Checkout code	2026-01-31T22:09:04.7553787Z do so (now or later) by using -c with the switch command. Example:
Build on ubuntu-latest for windows	Checkout code	2026-01-31T22:09:04.7554266Z 
Build on ubuntu-latest for windows	Checkout code	2026-01-31T22:09:04.7554500Z   git switch -c <new-branch-name>
Build on ubuntu-latest for windows	Checkout code	2026-01-31T22:09:04.7554944Z 
Build on ubuntu-latest for windows	Checkout code	2026-01-31T22:09:04.7555618Z Or undo this operation with:
Build on ubuntu-latest for windows	Checkout code	2026-01-31T22:09:04.7555947Z 
Build on ubuntu-latest for windows	Checkout code	2026-01-31T22:09:04.7556126Z   git switch -
Build on ubuntu-latest for windows	Checkout code	2026-01-31T22:09:04.7556356Z 
Build on ubuntu-latest for windows	Checkout code	2026-01-31T22:09:04.7556721Z Turn off this advice by setting config variable advice.detachedHead to false
Build on ubuntu-latest for windows	Checkout code	2026-01-31T22:09:04.7557246Z 
Build on ubuntu-latest for windows	Checkout code	2026-01-31T22:09:04.7557706Z HEAD is now at a7d89c2 fix: revert to manual imgui_filedialog population to avoid target conflicts
Build on ubuntu-latest for windows	Checkout code	2026-01-31T22:09:04.7796009Z ##[endgroup]
Build on ubuntu-latest for windows	Checkout code	2026-01-31T22:09:04.7796768Z ##[group]Setting up auth for fetching submodules
Build on ubuntu-latest for windows	Checkout code	2026-01-31T22:09:04.7801381Z [command]/usr/bin/git config --global http.https://github.com/.extraheader AUTHORIZATION: basic ***
Build on ubuntu-latest for windows	Checkout code	2026-01-31T22:09:04.7836651Z [command]/usr/bin/git config --global --unset-all url.https://github.com/.insteadOf
Build on ubuntu-latest for windows	Checkout code	2026-01-31T22:09:04.7865203Z [command]/usr/bin/git config --global --add url.https://github.com/.insteadOf git@github.com:
Build on ubuntu-latest for windows	Checkout code	2026-01-31T22:09:04.7893735Z [command]/usr/bin/git config --global --add url.https://github.com/.insteadOf org-181175220@github.com:
Build on ubuntu-latest for windows	Checkout code	2026-01-31T22:09:04.7920262Z ##[endgroup]
Build on ubuntu-latest for windows	Checkout code	2026-01-31T22:09:04.7921379Z ##[group]Fetching submodules
Build on ubuntu-latest for windows	Checkout code	2026-01-31T22:09:04.7924999Z [command]/usr/bin/git submodule sync --recursive
Build on ubuntu-latest for windows	Checkout code	2026-01-31T22:09:04.8144334Z [command]/usr/bin/git -c protocol.version=2 submodule update --init --force --depth=1 --recursive
Build on ubuntu-latest for windows	Checkout code	2026-01-31T22:09:04.8396362Z [command]/usr/bin/git submodule foreach --recursive git config --local gc.auto 0
Build on ubuntu-latest for windows	Checkout code	2026-01-31T22:09:04.8604273Z ##[endgroup]
Build on ubuntu-latest for windows	Checkout code	2026-01-31T22:09:04.8606032Z ##[group]Persisting credentials for submodules
Build on ubuntu-latest for windows	Checkout code	2026-01-31T22:09:04.8613185Z [command]/usr/bin/git submodule foreach --recursive sh -c "git config --local --name-only --get-regexp 'url\.https\:\/\/github\.com\/\.insteadOf' && git config --local --unset-all 'url.https://github.com/.insteadOf' || :"
Build on ubuntu-latest for windows	Checkout code	2026-01-31T22:09:04.8832243Z [command]/usr/bin/git submodule foreach --recursive sh -c "git config --local 'http.https://github.com/.extraheader' 'AUTHORIZATION: basic ***' && git config --local --show-origin --name-only --get-regexp remote.origin.url"
Build on ubuntu-latest for windows	Checkout code	2026-01-31T22:09:04.9049859Z [command]/usr/bin/git submodule foreach --recursive git config --local --add 'url.https://github.com/.insteadOf' 'git@github.com:'
Build on ubuntu-latest for windows	Checkout code	2026-01-31T22:09:04.9268434Z [command]/usr/bin/git submodule foreach --recursive git config --local --add 'url.https://github.com/.insteadOf' 'org-181175220@github.com:'
Build on ubuntu-latest for windows	Checkout code	2026-01-31T22:09:04.9478869Z ##[endgroup]
Build on ubuntu-latest for windows	Checkout code	2026-01-31T22:09:04.9513538Z [command]/usr/bin/git log -1 --format=%H
Build on ubuntu-latest for windows	Checkout code	2026-01-31T22:09:04.9535259Z a7d89c2e729311321eecdaf652a7ba8ce6028975
Build on ubuntu-latest for windows	Install Dependencies (Windows Cross-compile)	ï»¿2026-01-31T22:09:04.9769812Z ##[group]Run sudo apt-get update
Build on ubuntu-latest for windows	Install Dependencies (Windows Cross-compile)	2026-01-31T22:09:04.9770882Z [36;1msudo apt-get update[0m
Build on ubuntu-latest for windows	Install Dependencies (Windows Cross-compile)	2026-01-31T22:09:04.9771819Z [36;1msudo apt-get install -y mingw-w64[0m
Build on ubuntu-latest for windows	Install Dependencies (Windows Cross-compile)	2026-01-31T22:09:04.9807899Z shell: /usr/bin/bash -e {0}
Build on ubuntu-latest for windows	Install Dependencies (Windows Cross-compile)	2026-01-31T22:09:04.9808784Z ##[endgroup]
Build on ubuntu-latest for windows	Install Dependencies (Windows Cross-compile)	2026-01-31T22:09:05.0538228Z Get:1 file:/etc/apt/apt-mirrors.txt Mirrorlist [144 B]
Build on ubuntu-latest for windows	Install Dependencies (Windows Cross-compile)	2026-01-31T22:09:05.0866599Z Hit:2 http://azure.archive.ubuntu.com/ubuntu noble InRelease
Build on ubuntu-latest for windows	Install Dependencies (Windows Cross-compile)	2026-01-31T22:09:05.0872105Z Hit:6 https://packages.microsoft.com/repos/azure-cli noble InRelease
Build on ubuntu-latest for windows	Install Dependencies (Windows Cross-compile)	2026-01-31T22:09:05.0899262Z Get:7 https://packages.microsoft.com/ubuntu/24.04/prod noble InRelease [3600 B]
Build on ubuntu-latest for windows	Install Dependencies (Windows Cross-compile)	2026-01-31T22:09:05.0923805Z Get:3 http://azure.archive.ubuntu.com/ubuntu noble-updates InRelease [126 kB]
Build on ubuntu-latest for windows	Install Dependencies (Windows Cross-compile)	2026-01-31T22:09:05.0970944Z Get:4 http://azure.archive.ubuntu.com/ubuntu noble-backports InRelease [126 kB]
Build on ubuntu-latest for windows	Install Dependencies (Windows Cross-compile)	2026-01-31T22:09:05.0994445Z Get:5 http://azure.archive.ubuntu.com/ubuntu noble-security InRelease [126 kB]
Build on ubuntu-latest for windows	Install Dependencies (Windows Cross-compile)	2026-01-31T22:09:05.2538707Z Get:8 https://packages.microsoft.com/ubuntu/24.04/prod noble/main arm64 Packages [67.6 kB]
Build on ubuntu-latest for windows	Install Dependencies (Windows Cross-compile)	2026-01-31T22:09:05.2653883Z Get:9 https://packages.microsoft.com/ubuntu/24.04/prod noble/main amd64 Packages [87.8 kB]
Build on ubuntu-latest for windows	Install Dependencies (Windows Cross-compile)	2026-01-31T22:09:05.3039853Z Get:10 http://azure.archive.ubuntu.com/ubuntu noble-updates/main amd64 Packages [1717 kB]
Build on ubuntu-latest for windows	Install Dependencies (Windows Cross-compile)	2026-01-31T22:09:05.3141303Z Get:11 http://azure.archive.ubuntu.com/ubuntu noble-updates/main Translation-en [317 kB]
Build on ubuntu-latest for windows	Install Dependencies (Windows Cross-compile)	2026-01-31T22:09:05.3165133Z Get:12 http://azure.archive.ubuntu.com/ubuntu noble-updates/main amd64 Components [175 kB]
Build on ubuntu-latest for windows	Install Dependencies (Windows Cross-compile)	2026-01-31T22:09:05.3184745Z Get:13 http://azure.archive.ubuntu.com/ubuntu noble-updates/main amd64 c-n-f Metadata [16.0 kB]
Build on ubuntu-latest for windows	Install Dependencies (Windows Cross-compile)	2026-01-31T22:09:05.3194629Z Get:14 http://azure.archive.ubuntu.com/ubuntu noble-updates/universe amd64 Packages [1525 kB]
Build on ubuntu-latest for windows	Install Dependencies (Windows Cross-compile)	2026-01-31T22:09:05.3269343Z Get:15 http://azure.archive.ubuntu.com/ubuntu noble-updates/universe Translation-en [312 kB]
Build on ubuntu-latest for windows	Install Dependencies (Windows Cross-compile)	2026-01-31T22:09:05.3291369Z Get:16 http://azure.archive.ubuntu.com/ubuntu noble-updates/universe amd64 Components [386 kB]
Build on ubuntu-latest for windows	Install Dependencies (Windows Cross-compile)	2026-01-31T22:09:05.3322260Z Get:17 http://azure.archive.ubuntu.com/ubuntu noble-updates/universe amd64 c-n-f Metadata [31.8 kB]
Build on ubuntu-latest for windows	Install Dependencies (Windows Cross-compile)	2026-01-31T22:09:05.3332551Z Get:18 http://azure.archive.ubuntu.com/ubuntu noble-updates/restricted amd64 Packages [2536 kB]
Build on ubuntu-latest for windows	Install Dependencies (Windows Cross-compile)	2026-01-31T22:09:05.3454799Z Get:19 http://azure.archive.ubuntu.com/ubuntu noble-updates/restricted Translation-en [580 kB]
Build on ubuntu-latest for windows	Install Dependencies (Windows Cross-compile)	2026-01-31T22:09:05.3921832Z Get:20 http://azure.archive.ubuntu.com/ubuntu noble-updates/restricted amd64 Components [212 B]
Build on ubuntu-latest for windows	Install Dependencies (Windows Cross-compile)	2026-01-31T22:09:05.3926316Z Get:21 http://azure.archive.ubuntu.com/ubuntu noble-updates/restricted amd64 c-n-f Metadata [556 B]
Build on ubuntu-latest for windows	Install Dependencies (Windows Cross-compile)	2026-01-31T22:09:05.3943992Z Get:22 http://azure.archive.ubuntu.com/ubuntu noble-updates/multiverse amd64 Packages [32.1 kB]
Build on ubuntu-latest for windows	Install Dependencies (Windows Cross-compile)	2026-01-31T22:09:05.3948553Z Get:23 http://azure.archive.ubuntu.com/ubuntu noble-updates/multiverse Translation-en [6816 B]
Build on ubuntu-latest for windows	Install Dependencies (Windows Cross-compile)	2026-01-31T22:09:05.3954847Z Get:24 http://azure.archive.ubuntu.com/ubuntu noble-updates/multiverse amd64 Components [940 B]
Build on ubuntu-latest for windows	Install Dependencies (Windows Cross-compile)	2026-01-31T22:09:05.3966383Z Get:25 http://azure.archive.ubuntu.com/ubuntu noble-updates/multiverse amd64 c-n-f Metadata [496 B]
Build on ubuntu-latest for windows	Install Dependencies (Windows Cross-compile)	2026-01-31T22:09:05.3979555Z Get:26 http://azure.archive.ubuntu.com/ubuntu noble-backports/main amd64 Components [7300 B]
Build on ubuntu-latest for windows	Install Dependencies (Windows Cross-compile)	2026-01-31T22:09:05.4000588Z Get:27 http://azure.archive.ubuntu.com/ubuntu noble-backports/universe amd64 Components [10.5 kB]
Build on ubuntu-latest for windows	Install Dependencies (Windows Cross-compile)	2026-01-31T22:09:05.4010310Z Get:28 http://azure.archive.ubuntu.com/ubuntu noble-backports/restricted amd64 Components [216 B]
Build on ubuntu-latest for windows	Install Dependencies (Windows Cross-compile)	2026-01-31T22:09:05.4027226Z Get:29 http://azure.archive.ubuntu.com/ubuntu noble-backports/multiverse amd64 Components [212 B]
Build on ubuntu-latest for windows	Install Dependencies (Windows Cross-compile)	2026-01-31T22:09:05.4274167Z Get:30 http://azure.archive.ubuntu.com/ubuntu noble-security/main amd64 Packages [1410 kB]
Build on ubuntu-latest for windows	Install Dependencies (Windows Cross-compile)	2026-01-31T22:09:05.4353131Z Get:31 http://azure.archive.ubuntu.com/ubuntu noble-security/main Translation-en [229 kB]
Build on ubuntu-latest for windows	Install Dependencies (Windows Cross-compile)	2026-01-31T22:09:05.4372006Z Get:32 http://azure.archive.ubuntu.com/ubuntu noble-security/main amd64 Components [21.5 kB]
Build on ubuntu-latest for windows	Install Dependencies (Windows Cross-compile)	2026-01-31T22:09:05.4381037Z Get:33 http://azure.archive.ubuntu.com/ubuntu noble-security/main amd64 c-n-f Metadata [9820 B]
Build on ubuntu-latest for windows	Install Dependencies (Windows Cross-compile)	2026-01-31T22:09:05.4836288Z Get:34 http://azure.archive.ubuntu.com/ubuntu noble-security/universe amd64 Packages [925 kB]
Build on ubuntu-latest for windows	Install Dependencies (Windows Cross-compile)	2026-01-31T22:09:05.4896315Z Get:35 http://azure.archive.ubuntu.com/ubuntu noble-security/universe Translation-en [209 kB]
Build on ubuntu-latest for windows	Install Dependencies (Windows Cross-compile)	2026-01-31T22:09:05.4917726Z Get:36 http://azure.archive.ubuntu.com/ubuntu noble-security/universe amd64 Components [74.2 kB]
Build on ubuntu-latest for windows	Install Dependencies (Windows Cross-compile)	2026-01-31T22:09:05.4928023Z Get:37 http://azure.archive.ubuntu.com/ubuntu noble-security/universe amd64 c-n-f Metadata [19.7 kB]
Build on ubuntu-latest for windows	Install Dependencies (Windows Cross-compile)	2026-01-31T22:09:05.4940089Z Get:38 http://azure.archive.ubuntu.com/ubuntu noble-security/restricted amd64 Packages [2369 kB]
Build on ubuntu-latest for windows	Install Dependencies (Windows Cross-compile)	2026-01-31T22:09:05.5082873Z Get:39 http://azure.archive.ubuntu.com/ubuntu noble-security/restricted Translation-en [543 kB]
Build on ubuntu-latest for windows	Install Dependencies (Windows Cross-compile)	2026-01-31T22:09:05.5111295Z Get:40 http://azure.archive.ubuntu.com/ubuntu noble-security/restricted amd64 Components [208 B]
Build on ubuntu-latest for windows	Install Dependencies (Windows Cross-compile)	2026-01-31T22:09:05.5119529Z Get:41 http://azure.archive.ubuntu.com/ubuntu noble-security/restricted amd64 c-n-f Metadata [536 B]
Build on ubuntu-latest for windows	Install Dependencies (Windows Cross-compile)	2026-01-31T22:09:05.5129248Z Get:42 http://azure.archive.ubuntu.com/ubuntu noble-security/multiverse amd64 Packages [28.8 kB]
Build on ubuntu-latest for windows	Install Dependencies (Windows Cross-compile)	2026-01-31T22:09:05.5138647Z Get:43 http://azure.archive.ubuntu.com/ubuntu noble-security/multiverse Translation-en [6492 B]
Build on ubuntu-latest for windows	Install Dependencies (Windows Cross-compile)	2026-01-31T22:09:05.5148172Z Get:44 http://azure.archive.ubuntu.com/ubuntu noble-security/multiverse amd64 Components [212 B]
Build on ubuntu-latest for windows	Install Dependencies (Windows Cross-compile)	2026-01-31T22:09:05.5156756Z Get:45 http://azure.archive.ubuntu.com/ubuntu noble-security/multiverse amd64 c-n-f Metadata [396 B]
Build on ubuntu-latest for windows	Install Dependencies (Windows Cross-compile)	2026-01-31T22:09:14.2228453Z Fetched 14.0 MB in 2s (8433 kB/s)
Build on ubuntu-latest for windows	Install Dependencies (Windows Cross-compile)	2026-01-31T22:09:14.9813962Z Reading package lists...
Build on ubuntu-latest for windows	Install Dependencies (Windows Cross-compile)	2026-01-31T22:09:15.0137916Z Reading package lists...
Build on ubuntu-latest for windows	Install Dependencies (Windows Cross-compile)	2026-01-31T22:09:15.1907631Z Building dependency tree...
Build on ubuntu-latest for windows	Install Dependencies (Windows Cross-compile)	2026-01-31T22:09:15.1915610Z Reading state information...
Build on ubuntu-latest for windows	Install Dependencies (Windows Cross-compile)	2026-01-31T22:09:15.3386548Z The following additional packages will be installed:
Build on ubuntu-latest for windows	Install Dependencies (Windows Cross-compile)	2026-01-31T22:09:15.3387789Z   binutils-mingw-w64-i686 binutils-mingw-w64-x86-64 g++-mingw-w64
Build on ubuntu-latest for windows	Install Dependencies (Windows Cross-compile)	2026-01-31T22:09:15.3388865Z   g++-mingw-w64-i686 g++-mingw-w64-i686-posix g++-mingw-w64-i686-win32
Build on ubuntu-latest for windows	Install Dependencies (Windows Cross-compile)	2026-01-31T22:09:15.3389840Z   g++-mingw-w64-x86-64 g++-mingw-w64-x86-64-posix g++-mingw-w64-x86-64-win32
Build on ubuntu-latest for windows	Install Dependencies (Windows Cross-compile)	2026-01-31T22:09:15.3391116Z   gcc-mingw-w64 gcc-mingw-w64-base gcc-mingw-w64-i686 gcc-mingw-w64-i686-posix
Build on ubuntu-latest for windows	Install Dependencies (Windows Cross-compile)	2026-01-31T22:09:15.3392235Z   gcc-mingw-w64-i686-posix-runtime gcc-mingw-w64-i686-win32
Build on ubuntu-latest for windows	Install Dependencies (Windows Cross-compile)	2026-01-31T22:09:15.3393188Z   gcc-mingw-w64-i686-win32-runtime gcc-mingw-w64-x86-64
Build on ubuntu-latest for windows	Install Dependencies (Windows Cross-compile)	2026-01-31T22:09:15.3394247Z   gcc-mingw-w64-x86-64-posix gcc-mingw-w64-x86-64-posix-runtime
Build on ubuntu-latest for windows	Install Dependencies (Windows Cross-compile)	2026-01-31T22:09:15.3395304Z   gcc-mingw-w64-x86-64-win32 gcc-mingw-w64-x86-64-win32-runtime
Build on ubuntu-latest for windows	Install Dependencies (Windows Cross-compile)	2026-01-31T22:09:15.3396732Z   mingw-w64-common mingw-w64-i686-dev mingw-w64-x86-64-dev
Build on ubuntu-latest for windows	Install Dependencies (Windows Cross-compile)	2026-01-31T22:09:15.3399476Z Suggested packages:
Build on ubuntu-latest for windows	Install Dependencies (Windows Cross-compile)	2026-01-31T22:09:15.3400045Z   gcc-13-locales wine wine64
Build on ubuntu-latest for windows	Install Dependencies (Windows Cross-compile)	2026-01-31T22:09:15.3608530Z The following NEW packages will be installed:
Build on ubuntu-latest for windows	Install Dependencies (Windows Cross-compile)	2026-01-31T22:09:15.3609412Z   binutils-mingw-w64-i686 binutils-mingw-w64-x86-64 g++-mingw-w64
Build on ubuntu-latest for windows	Install Dependencies (Windows Cross-compile)	2026-01-31T22:09:15.3610301Z   g++-mingw-w64-i686 g++-mingw-w64-i686-posix g++-mingw-w64-i686-win32
Build on ubuntu-latest for windows	Install Dependencies (Windows Cross-compile)	2026-01-31T22:09:15.3611205Z   g++-mingw-w64-x86-64 g++-mingw-w64-x86-64-posix g++-mingw-w64-x86-64-win32
Build on ubuntu-latest for windows	Install Dependencies (Windows Cross-compile)	2026-01-31T22:09:15.3612249Z   gcc-mingw-w64 gcc-mingw-w64-base gcc-mingw-w64-i686 gcc-mingw-w64-i686-posix
Build on ubuntu-latest for windows	Install Dependencies (Windows Cross-compile)	2026-01-31T22:09:15.3613107Z   gcc-mingw-w64-i686-posix-runtime gcc-mingw-w64-i686-win32
Build on ubuntu-latest for windows	Install Dependencies (Windows Cross-compile)	2026-01-31T22:09:15.3613928Z   gcc-mingw-w64-i686-win32-runtime gcc-mingw-w64-x86-64
Build on ubuntu-latest for windows	Install Dependencies (Windows Cross-compile)	2026-01-31T22:09:15.3614721Z   gcc-mingw-w64-x86-64-posix gcc-mingw-w64-x86-64-posix-runtime
Build on ubuntu-latest for windows	Install Dependencies (Windows Cross-compile)	2026-01-31T22:09:15.3615802Z   gcc-mingw-w64-x86-64-win32 gcc-mingw-w64-x86-64-win32-runtime mingw-w64
Build on ubuntu-latest for windows	Install Dependencies (Windows Cross-compile)	2026-01-31T22:09:15.3616698Z   mingw-w64-common mingw-w64-i686-dev mingw-w64-x86-64-dev
Build on ubuntu-latest for windows	Install Dependencies (Windows Cross-compile)	2026-01-31T22:09:15.3798944Z 0 upgraded, 25 newly installed, 0 to remove and 86 not upgraded.
Build on ubuntu-latest for windows	Install Dependencies (Windows Cross-compile)	2026-01-31T22:09:15.3799772Z Need to get 277 MB of archives.
Build on ubuntu-latest for windows	Install Dependencies (Windows Cross-compile)	2026-01-31T22:09:15.3800539Z After this operation, 1293 MB of additional disk space will be used.
Build on ubuntu-latest for windows	Install Dependencies (Windows Cross-compile)	2026-01-31T22:09:15.3801828Z Get:1 file:/etc/apt/apt-mirrors.txt Mirrorlist [144 B]
Build on ubuntu-latest for windows	Install Dependencies (Windows Cross-compile)	2026-01-31T22:09:15.4203093Z Get:2 http://azure.archive.ubuntu.com/ubuntu noble/universe amd64 binutils-mingw-w64-i686 amd64 2.41.90.20240122-1ubuntu1+11.4 [2975 kB]
Build on ubuntu-latest for windows	Install Dependencies (Windows Cross-compile)	2026-01-31T22:09:15.4994410Z Get:3 http://azure.archive.ubuntu.com/ubuntu noble/universe amd64 mingw-w64-common all 11.0.1-3build1 [5580 kB]
Build on ubuntu-latest for windows	Install Dependencies (Windows Cross-compile)	2026-01-31T22:09:15.6022891Z Get:4 http://azure.archive.ubuntu.com/ubuntu noble/universe amd64 mingw-w64-i686-dev all 11.0.1-3build1 [3153 kB]
Build on ubuntu-latest for windows	Install Dependencies (Windows Cross-compile)	2026-01-31T22:09:15.6664035Z Get:5 http://azure.archive.ubuntu.com/ubuntu noble/universe amd64 gcc-mingw-w64-base amd64 13.2.0-6ubuntu1+26.1 [188 kB]
Build on ubuntu-latest for windows	Install Dependencies (Windows Cross-compile)	2026-01-31T22:09:15.6908308Z Get:6 http://azure.archive.ubuntu.com/ubuntu noble/universe amd64 gcc-mingw-w64-i686-posix-runtime amd64 13.2.0-6ubuntu1+26.1 [13.1 MB]
Build on ubuntu-latest for windows	Install Dependencies (Windows Cross-compile)	2026-01-31T22:09:15.9093837Z Get:7 http://azure.archive.ubuntu.com/ubuntu noble/universe amd64 gcc-mingw-w64-i686-posix amd64 13.2.0-6ubuntu1+26.1 [35.2 MB]
Build on ubuntu-latest for windows	Install Dependencies (Windows Cross-compile)	2026-01-31T22:09:16.5222072Z Get:8 http://azure.archive.ubuntu.com/ubuntu noble/universe amd64 g++-mingw-w64-i686-posix amd64 13.2.0-6ubuntu1+26.1 [14.5 MB]
Build on ubuntu-latest for windows	Install Dependencies (Windows Cross-compile)	2026-01-31T22:09:16.7908629Z Get:9 http://azure.archive.ubuntu.com/ubuntu noble/universe amd64 gcc-mingw-w64-i686-win32-runtime amd64 13.2.0-6ubuntu1+26.1 [13.3 MB]
Build on ubuntu-latest for windows	Install Dependencies (Windows Cross-compile)	2026-01-31T22:09:17.0373948Z Get:10 http://azure.archive.ubuntu.com/ubuntu noble/universe amd64 gcc-mingw-w64-i686-win32 amd64 13.2.0-6ubuntu1+26.1 [35.2 MB]
Build on ubuntu-latest for windows	Install Dependencies (Windows Cross-compile)	2026-01-31T22:09:18.3471476Z Get:11 http://azure.archive.ubuntu.com/ubuntu noble/universe amd64 g++-mingw-w64-i686-win32 amd64 13.2.0-6ubuntu1+26.1 [14.5 MB]
Build on ubuntu-latest for windows	Install Dependencies (Windows Cross-compile)	2026-01-31T22:09:18.7290407Z Get:12 http://azure.archive.ubuntu.com/ubuntu noble/universe amd64 binutils-mingw-w64-x86-64 amd64 2.41.90.20240122-1ubuntu1+11.4 [6053 kB]
Build on ubuntu-latest for windows	Install Dependencies (Windows Cross-compile)	2026-01-31T22:09:18.8938932Z Get:13 http://azure.archive.ubuntu.com/ubuntu noble/universe amd64 mingw-w64-x86-64-dev all 11.0.1-3build1 [3786 kB]
Build on ubuntu-latest for windows	Install Dependencies (Windows Cross-compile)	2026-01-31T22:09:19.0182928Z Get:14 http://azure.archive.ubuntu.com/ubuntu noble/universe amd64 gcc-mingw-w64-x86-64-posix-runtime amd64 13.2.0-6ubuntu1+26.1 [14.0 MB]
Build on ubuntu-latest for windows	Install Dependencies (Windows Cross-compile)	2026-01-31T22:09:19.3726808Z Get:15 http://azure.archive.ubuntu.com/ubuntu noble/universe amd64 gcc-mingw-w64-x86-64-posix amd64 13.2.0-6ubuntu1+26.1 [35.4 MB]
Build on ubuntu-latest for windows	Install Dependencies (Windows Cross-compile)	2026-01-31T22:09:20.2424142Z Get:16 http://azure.archive.ubuntu.com/ubuntu noble/universe amd64 g++-mingw-w64-x86-64-posix amd64 13.2.0-6ubuntu1+26.1 [14.7 MB]
Build on ubuntu-latest for windows	Install Dependencies (Windows Cross-compile)	2026-01-31T22:09:20.5982099Z Get:17 http://azure.archive.ubuntu.com/ubuntu noble/universe amd64 gcc-mingw-w64-x86-64-win32-runtime amd64 13.2.0-6ubuntu1+26.1 [14.2 MB]
Build on ubuntu-latest for windows	Install Dependencies (Windows Cross-compile)	2026-01-31T22:09:21.0053236Z Get:18 http://azure.archive.ubuntu.com/ubuntu noble/universe amd64 gcc-mingw-w64-x86-64-win32 amd64 13.2.0-6ubuntu1+26.1 [35.4 MB]
Build on ubuntu-latest for windows	Install Dependencies (Windows Cross-compile)	2026-01-31T22:09:22.0213511Z Get:19 http://azure.archive.ubuntu.com/ubuntu noble/universe amd64 g++-mingw-w64-x86-64-win32 amd64 13.2.0-6ubuntu1+26.1 [14.7 MB]
Build on ubuntu-latest for windows	Install Dependencies (Windows Cross-compile)	2026-01-31T22:09:22.7086204Z Get:20 http://azure.archive.ubuntu.com/ubuntu noble/universe amd64 g++-mingw-w64-i686 all 13.2.0-6ubuntu1+26.1 [187 kB]
Build on ubuntu-latest for windows	Install Dependencies (Windows Cross-compile)	2026-01-31T22:09:22.7378668Z Get:21 http://azure.archive.ubuntu.com/ubuntu noble/universe amd64 g++-mingw-w64-x86-64 all 13.2.0-6ubuntu1+26.1 [187 kB]
Build on ubuntu-latest for windows	Install Dependencies (Windows Cross-compile)	2026-01-31T22:09:22.7665797Z Get:22 http://azure.archive.ubuntu.com/ubuntu noble/universe amd64 g++-mingw-w64 all 13.2.0-6ubuntu1+26.1 [187 kB]
Build on ubuntu-latest for windows	Install Dependencies (Windows Cross-compile)	2026-01-31T22:09:23.0367137Z Get:23 http://azure.archive.ubuntu.com/ubuntu noble/universe amd64 gcc-mingw-w64-i686 all 13.2.0-6ubuntu1+26.1 [187 kB]
Build on ubuntu-latest for windows	Install Dependencies (Windows Cross-compile)	2026-01-31T22:09:23.0656595Z Get:24 http://azure.archive.ubuntu.com/ubuntu noble/universe amd64 gcc-mingw-w64-x86-64 all 13.2.0-6ubuntu1+26.1 [187 kB]
Build on ubuntu-latest for windows	Install Dependencies (Windows Cross-compile)	2026-01-31T22:09:23.3699656Z Get:25 http://azure.archive.ubuntu.com/ubuntu noble/universe amd64 gcc-mingw-w64 all 13.2.0-6ubuntu1+26.1 [187 kB]
Build on ubuntu-latest for windows	Install Dependencies (Windows Cross-compile)	2026-01-31T22:09:23.4003660Z Get:26 http://azure.archive.ubuntu.com/ubuntu noble/universe amd64 mingw-w64 all 11.0.1-3build1 [11.0 kB]
Build on ubuntu-latest for windows	Install Dependencies (Windows Cross-compile)	2026-01-31T22:09:23.6633006Z Fetched 277 MB in 8s (34.5 MB/s)
Build on ubuntu-latest for windows	Install Dependencies (Windows Cross-compile)	2026-01-31T22:09:23.6853045Z Selecting previously unselected package binutils-mingw-w64-i686.
Build on ubuntu-latest for windows	Install Dependencies (Windows Cross-compile)	2026-01-31T22:09:23.7128589Z (Reading database ... 
Build on ubuntu-latest for windows	Install Dependencies (Windows Cross-compile)	2026-01-31T22:09:23.7129032Z (Reading database ... 5%
Build on ubuntu-latest for windows	Install Dependencies (Windows Cross-compile)	2026-01-31T22:09:23.7129404Z (Reading database ... 10%
Build on ubuntu-latest for windows	Install Dependencies (Windows Cross-compile)	2026-01-31T22:09:23.7129793Z (Reading database ... 15%
Build on ubuntu-latest for windows	Install Dependencies (Windows Cross-compile)	2026-01-31T22:09:23.7130163Z (Reading database ... 20%
Build on ubuntu-latest for windows	Install Dependencies (Windows Cross-compile)	2026-01-31T22:09:23.7130587Z (Reading database ... 25%
Build on ubuntu-latest for windows	Install Dependencies (Windows Cross-compile)	2026-01-31T22:09:23.7130978Z (Reading database ... 30%
Build on ubuntu-latest for windows	Install Dependencies (Windows Cross-compile)	2026-01-31T22:09:23.7131367Z (Reading database ... 35%
Build on ubuntu-latest for windows	Install Dependencies (Windows Cross-compile)	2026-01-31T22:09:23.7131727Z (Reading database ... 40%
Build on ubuntu-latest for windows	Install Dependencies (Windows Cross-compile)	2026-01-31T22:09:23.7132100Z (Reading database ... 45%
Build on ubuntu-latest for windows	Install Dependencies (Windows Cross-compile)	2026-01-31T22:09:23.7132483Z (Reading database ... 50%
Build on ubuntu-latest for windows	Install Dependencies (Windows Cross-compile)	2026-01-31T22:09:23.7226471Z (Reading database ... 55%
Build on ubuntu-latest for windows	Install Dependencies (Windows Cross-compile)	2026-01-31T22:09:23.8746595Z (Reading database ... 60%
Build on ubuntu-latest for windows	Install Dependencies (Windows Cross-compile)	2026-01-31T22:09:23.9691197Z (Reading database ... 65%
Build on ubuntu-latest for windows	Install Dependencies (Windows Cross-compile)	2026-01-31T22:09:24.0336140Z (Reading database ... 70%
Build on ubuntu-latest for windows	Install Dependencies (Windows Cross-compile)	2026-01-31T22:09:24.1428087Z (Reading database ... 75%
Build on ubuntu-latest for windows	Install Dependencies (Windows Cross-compile)	2026-01-31T22:09:24.3764430Z (Reading database ... 80%
Build on ubuntu-latest for windows	Install Dependencies (Windows Cross-compile)	2026-01-31T22:09:24.4987405Z (Reading database ... 85%
Build on ubuntu-latest for windows	Install Dependencies (Windows Cross-compile)	2026-01-31T22:09:24.6864816Z (Reading database ... 90%
Build on ubuntu-latest for windows	Install Dependencies (Windows Cross-compile)	2026-01-31T22:09:24.8979244Z (Reading database ... 95%
Build on ubuntu-latest for windows	Install Dependencies (Windows Cross-compile)	2026-01-31T22:09:24.8979724Z (Reading database ... 100%
Build on ubuntu-latest for windows	Install Dependencies (Windows Cross-compile)	2026-01-31T22:09:24.8980250Z (Reading database ... 217639 files and directories currently installed.)
Build on ubuntu-latest for windows	Install Dependencies (Windows Cross-compile)	2026-01-31T22:09:24.9024570Z Preparing to unpack .../00-binutils-mingw-w64-i686_2.41.90.20240122-1ubuntu1+11.4_amd64.deb ...
Build on ubuntu-latest for windows	Install Dependencies (Windows Cross-compile)	2026-01-31T22:09:24.9050488Z Unpacking binutils-mingw-w64-i686 (2.41.90.20240122-1ubuntu1+11.4) ...
Build on ubuntu-latest for windows	Install Dependencies (Windows Cross-compile)	2026-01-31T22:09:25.0212388Z Selecting previously unselected package mingw-w64-common.
Build on ubuntu-latest for windows	Install Dependencies (Windows Cross-compile)	2026-01-31T22:09:25.0347500Z Preparing to unpack .../01-mingw-w64-common_11.0.1-3build1_all.deb ...
Build on ubuntu-latest for windows	Install Dependencies (Windows Cross-compile)	2026-01-31T22:09:25.0357590Z Unpacking mingw-w64-common (11.0.1-3build1) ...
Build on ubuntu-latest for windows	Install Dependencies (Windows Cross-compile)	2026-01-31T22:09:25.5466808Z Selecting previously unselected package mingw-w64-i686-dev.
Build on ubuntu-latest for windows	Install Dependencies (Windows Cross-compile)	2026-01-31T22:09:25.5606376Z Preparing to unpack .../02-mingw-w64-i686-dev_11.0.1-3build1_all.deb ...
Build on ubuntu-latest for windows	Install Dependencies (Windows Cross-compile)	2026-01-31T22:09:25.5615519Z Unpacking mingw-w64-i686-dev (11.0.1-3build1) ...
Build on ubuntu-latest for windows	Install Dependencies (Windows Cross-compile)	2026-01-31T22:09:25.9954638Z Selecting previously unselected package gcc-mingw-w64-base:amd64.
Build on ubuntu-latest for windows	Install Dependencies (Windows Cross-compile)	2026-01-31T22:09:26.0096454Z Preparing to unpack .../03-gcc-mingw-w64-base_13.2.0-6ubuntu1+26.1_amd64.deb ...
Build on ubuntu-latest for windows	Install Dependencies (Windows Cross-compile)	2026-01-31T22:09:26.0107846Z Unpacking gcc-mingw-w64-base:amd64 (13.2.0-6ubuntu1+26.1) ...
Build on ubuntu-latest for windows	Install Dependencies (Windows Cross-compile)	2026-01-31T22:09:26.0321794Z Selecting previously unselected package gcc-mingw-w64-i686-posix-runtime.
Build on ubuntu-latest for windows	Install Dependencies (Windows Cross-compile)	2026-01-31T22:09:26.0458505Z Preparing to unpack .../04-gcc-mingw-w64-i686-posix-runtime_13.2.0-6ubuntu1+26.1_amd64.deb ...
Build on ubuntu-latest for windows	Install Dependencies (Windows Cross-compile)	2026-01-31T22:09:26.0468537Z Unpacking gcc-mingw-w64-i686-posix-runtime (13.2.0-6ubuntu1+26.1) ...
Build on ubuntu-latest for windows	Install Dependencies (Windows Cross-compile)	2026-01-31T22:09:26.2553064Z Selecting previously unselected package gcc-mingw-w64-i686-posix.
Build on ubuntu-latest for windows	Install Dependencies (Windows Cross-compile)	2026-01-31T22:09:26.2689138Z Preparing to unpack .../05-gcc-mingw-w64-i686-posix_13.2.0-6ubuntu1+26.1_amd64.deb ...
Build on ubuntu-latest for windows	Install Dependencies (Windows Cross-compile)	2026-01-31T22:09:26.2701573Z Unpacking gcc-mingw-w64-i686-posix (13.2.0-6ubuntu1+26.1) ...
Build on ubuntu-latest for windows	Install Dependencies (Windows Cross-compile)	2026-01-31T22:09:26.8150544Z Selecting previously unselected package g++-mingw-w64-i686-posix.
Build on ubuntu-latest for windows	Install Dependencies (Windows Cross-compile)	2026-01-31T22:09:26.8291335Z Preparing to unpack .../06-g++-mingw-w64-i686-posix_13.2.0-6ubuntu1+26.1_amd64.deb ...
Build on ubuntu-latest for windows	Install Dependencies (Windows Cross-compile)	2026-01-31T22:09:26.8300827Z Unpacking g++-mingw-w64-i686-posix (13.2.0-6ubuntu1+26.1) ...
Build on ubuntu-latest for windows	Install Dependencies (Windows Cross-compile)	2026-01-31T22:09:27.1811033Z Selecting previously unselected package gcc-mingw-w64-i686-win32-runtime.
Build on ubuntu-latest for windows	Install Dependencies (Windows Cross-compile)	2026-01-31T22:09:27.1953213Z Preparing to unpack .../07-gcc-mingw-w64-i686-win32-runtime_13.2.0-6ubuntu1+26.1_amd64.deb ...
Build on ubuntu-latest for windows	Install Dependencies (Windows Cross-compile)	2026-01-31T22:09:27.1964365Z Unpacking gcc-mingw-w64-i686-win32-runtime (13.2.0-6ubuntu1+26.1) ...
Build on ubuntu-latest for windows	Install Dependencies (Windows Cross-compile)	2026-01-31T22:09:27.4060133Z Selecting previously unselected package gcc-mingw-w64-i686-win32.
Build on ubuntu-latest for windows	Install Dependencies (Windows Cross-compile)	2026-01-31T22:09:27.4197427Z Preparing to unpack .../08-gcc-mingw-w64-i686-win32_13.2.0-6ubuntu1+26.1_amd64.deb ...
Build on ubuntu-latest for windows	Install Dependencies (Windows Cross-compile)	2026-01-31T22:09:27.4207957Z Unpacking gcc-mingw-w64-i686-win32 (13.2.0-6ubuntu1+26.1) ...
Build on ubuntu-latest for windows	Install Dependencies (Windows Cross-compile)	2026-01-31T22:09:27.9847481Z Selecting previously unselected package g++-mingw-w64-i686-win32.
Build on ubuntu-latest for windows	Install Dependencies (Windows Cross-compile)	2026-01-31T22:09:27.9985896Z Preparing to unpack .../09-g++-mingw-w64-i686-win32_13.2.0-6ubuntu1+26.1_amd64.deb ...
Build on ubuntu-latest for windows	Install Dependencies (Windows Cross-compile)	2026-01-31T22:09:27.9994488Z Unpacking g++-mingw-w64-i686-win32 (13.2.0-6ubuntu1+26.1) ...
Build on ubuntu-latest for windows	Install Dependencies (Windows Cross-compile)	2026-01-31T22:09:28.3603281Z Selecting previously unselected package binutils-mingw-w64-x86-64.
Build on ubuntu-latest for windows	Install Dependencies (Windows Cross-compile)	2026-01-31T22:09:28.3743720Z Preparing to unpack .../10-binutils-mingw-w64-x86-64_2.41.90.20240122-1ubuntu1+11.4_amd64.deb ...
Build on ubuntu-latest for windows	Install Dependencies (Windows Cross-compile)	2026-01-31T22:09:28.3753554Z Unpacking binutils-mingw-w64-x86-64 (2.41.90.20240122-1ubuntu1+11.4) ...
Build on ubuntu-latest for windows	Install Dependencies (Windows Cross-compile)	2026-01-31T22:09:28.5951900Z Selecting previously unselected package mingw-w64-x86-64-dev.
Build on ubuntu-latest for windows	Install Dependencies (Windows Cross-compile)	2026-01-31T22:09:28.6090205Z Preparing to unpack .../11-mingw-w64-x86-64-dev_11.0.1-3build1_all.deb ...
Build on ubuntu-latest for windows	Install Dependencies (Windows Cross-compile)	2026-01-31T22:09:28.6100261Z Unpacking mingw-w64-x86-64-dev (11.0.1-3build1) ...
Build on ubuntu-latest for windows	Install Dependencies (Windows Cross-compile)	2026-01-31T22:09:29.1642422Z Selecting previously unselected package gcc-mingw-w64-x86-64-posix-runtime.
Build on ubuntu-latest for windows	Install Dependencies (Windows Cross-compile)	2026-01-31T22:09:29.1789205Z Preparing to unpack .../12-gcc-mingw-w64-x86-64-posix-runtime_13.2.0-6ubuntu1+26.1_amd64.deb ...
Build on ubuntu-latest for windows	Install Dependencies (Windows Cross-compile)	2026-01-31T22:09:29.1799186Z Unpacking gcc-mingw-w64-x86-64-posix-runtime (13.2.0-6ubuntu1+26.1) ...
Build on ubuntu-latest for windows	Install Dependencies (Windows Cross-compile)	2026-01-31T22:09:29.4076295Z Selecting previously unselected package gcc-mingw-w64-x86-64-posix.
Build on ubuntu-latest for windows	Install Dependencies (Windows Cross-compile)	2026-01-31T22:09:29.4214539Z Preparing to unpack .../13-gcc-mingw-w64-x86-64-posix_13.2.0-6ubuntu1+26.1_amd64.deb ...
Build on ubuntu-latest for windows	Install Dependencies (Windows Cross-compile)	2026-01-31T22:09:29.4224888Z Unpacking gcc-mingw-w64-x86-64-posix (13.2.0-6ubuntu1+26.1) ...
Build on ubuntu-latest for windows	Install Dependencies (Windows Cross-compile)	2026-01-31T22:09:29.9792499Z Selecting previously unselected package g++-mingw-w64-x86-64-posix.
Build on ubuntu-latest for windows	Install Dependencies (Windows Cross-compile)	2026-01-31T22:09:29.9933421Z Preparing to unpack .../14-g++-mingw-w64-x86-64-posix_13.2.0-6ubuntu1+26.1_amd64.deb ...
Build on ubuntu-latest for windows	Install Dependencies (Windows Cross-compile)	2026-01-31T22:09:29.9943640Z Unpacking g++-mingw-w64-x86-64-posix (13.2.0-6ubuntu1+26.1) ...
Build on ubuntu-latest for windows	Install Dependencies (Windows Cross-compile)	2026-01-31T22:09:30.3553624Z Selecting previously unselected package gcc-mingw-w64-x86-64-win32-runtime.
Build on ubuntu-latest for windows	Install Dependencies (Windows Cross-compile)	2026-01-31T22:09:30.3697688Z Preparing to unpack .../15-gcc-mingw-w64-x86-64-win32-runtime_13.2.0-6ubuntu1+26.1_amd64.deb ...
Build on ubuntu-latest for windows	Install Dependencies (Windows Cross-compile)	2026-01-31T22:09:30.3706851Z Unpacking gcc-mingw-w64-x86-64-win32-runtime (13.2.0-6ubuntu1+26.1) ...
Build on ubuntu-latest for windows	Install Dependencies (Windows Cross-compile)	2026-01-31T22:09:30.5982419Z Selecting previously unselected package gcc-mingw-w64-x86-64-win32.
Build on ubuntu-latest for windows	Install Dependencies (Windows Cross-compile)	2026-01-31T22:09:30.6122429Z Preparing to unpack .../16-gcc-mingw-w64-x86-64-win32_13.2.0-6ubuntu1+26.1_amd64.deb ...
Build on ubuntu-latest for windows	Install Dependencies (Windows Cross-compile)	2026-01-31T22:09:30.6132489Z Unpacking gcc-mingw-w64-x86-64-win32 (13.2.0-6ubuntu1+26.1) ...
Build on ubuntu-latest for windows	Install Dependencies (Windows Cross-compile)	2026-01-31T22:09:31.1628338Z Selecting previously unselected package g++-mingw-w64-x86-64-win32.
Build on ubuntu-latest for windows	Install Dependencies (Windows Cross-compile)	2026-01-31T22:09:31.1771780Z Preparing to unpack .../17-g++-mingw-w64-x86-64-win32_13.2.0-6ubuntu1+26.1_amd64.deb ...
Build on ubuntu-latest for windows	Install Dependencies (Windows Cross-compile)	2026-01-31T22:09:31.1783003Z Unpacking g++-mingw-w64-x86-64-win32 (13.2.0-6ubuntu1+26.1) ...
Build on ubuntu-latest for windows	Install Dependencies (Windows Cross-compile)	2026-01-31T22:09:31.5316823Z Selecting previously unselected package g++-mingw-w64-i686.
Build on ubuntu-latest for windows	Install Dependencies (Windows Cross-compile)	2026-01-31T22:09:31.5461354Z Preparing to unpack .../18-g++-mingw-w64-i686_13.2.0-6ubuntu1+26.1_all.deb ...
Build on ubuntu-latest for windows	Install Dependencies (Windows Cross-compile)	2026-01-31T22:09:31.5519608Z Unpacking g++-mingw-w64-i686 (13.2.0-6ubuntu1+26.1) ...
Build on ubuntu-latest for windows	Install Dependencies (Windows Cross-compile)	2026-01-31T22:09:31.5761555Z Selecting previously unselected package g++-mingw-w64-x86-64.
Build on ubuntu-latest for windows	Install Dependencies (Windows Cross-compile)	2026-01-31T22:09:31.5903150Z Preparing to unpack .../19-g++-mingw-w64-x86-64_13.2.0-6ubuntu1+26.1_all.deb ...
Build on ubuntu-latest for windows	Install Dependencies (Windows Cross-compile)	2026-01-31T22:09:31.5957453Z Unpacking g++-mingw-w64-x86-64 (13.2.0-6ubuntu1+26.1) ...
Build on ubuntu-latest for windows	Install Dependencies (Windows Cross-compile)	2026-01-31T22:09:31.6245867Z Selecting previously unselected package g++-mingw-w64.
Build on ubuntu-latest for windows	Install Dependencies (Windows Cross-compile)	2026-01-31T22:09:31.6386457Z Preparing to unpack .../20-g++-mingw-w64_13.2.0-6ubuntu1+26.1_all.deb ...
Build on ubuntu-latest for windows	Install Dependencies (Windows Cross-compile)	2026-01-31T22:09:31.6437912Z Unpacking g++-mingw-w64 (13.2.0-6ubuntu1+26.1) ...
Build on ubuntu-latest for windows	Install Dependencies (Windows Cross-compile)	2026-01-31T22:09:31.6687257Z Selecting previously unselected package gcc-mingw-w64-i686.
Build on ubuntu-latest for windows	Install Dependencies (Windows Cross-compile)	2026-01-31T22:09:31.6828929Z Preparing to unpack .../21-gcc-mingw-w64-i686_13.2.0-6ubuntu1+26.1_all.deb ...
Build on ubuntu-latest for windows	Install Dependencies (Windows Cross-compile)	2026-01-31T22:09:31.6880528Z Unpacking gcc-mingw-w64-i686 (13.2.0-6ubuntu1+26.1) ...
Build on ubuntu-latest for windows	Install Dependencies (Windows Cross-compile)	2026-01-31T22:09:31.7119075Z Selecting previously unselected package gcc-mingw-w64-x86-64.
Build on ubuntu-latest for windows	Install Dependencies (Windows Cross-compile)	2026-01-31T22:09:31.7260201Z Preparing to unpack .../22-gcc-mingw-w64-x86-64_13.2.0-6ubuntu1+26.1_all.deb ...
Build on ubuntu-latest for windows	Install Dependencies (Windows Cross-compile)	2026-01-31T22:09:31.7312136Z Unpacking gcc-mingw-w64-x86-64 (13.2.0-6ubuntu1+26.1) ...
Build on ubuntu-latest for windows	Install Dependencies (Windows Cross-compile)	2026-01-31T22:09:31.7545815Z Selecting previously unselected package gcc-mingw-w64.
Build on ubuntu-latest for windows	Install Dependencies (Windows Cross-compile)	2026-01-31T22:09:31.7686423Z Preparing to unpack .../23-gcc-mingw-w64_13.2.0-6ubuntu1+26.1_all.deb ...
Build on ubuntu-latest for windows	Install Dependencies (Windows Cross-compile)	2026-01-31T22:09:31.7738108Z Unpacking gcc-mingw-w64 (13.2.0-6ubuntu1+26.1) ...
Build on ubuntu-latest for windows	Install Dependencies (Windows Cross-compile)	2026-01-31T22:09:31.7952247Z Selecting previously unselected package mingw-w64.
Build on ubuntu-latest for windows	Install Dependencies (Windows Cross-compile)	2026-01-31T22:09:31.8091039Z Preparing to unpack .../24-mingw-w64_11.0.1-3build1_all.deb ...
Build on ubuntu-latest for windows	Install Dependencies (Windows Cross-compile)	2026-01-31T22:09:31.8100544Z Unpacking mingw-w64 (11.0.1-3build1) ...
Build on ubuntu-latest for windows	Install Dependencies (Windows Cross-compile)	2026-01-31T22:09:31.8498191Z Setting up binutils-mingw-w64-x86-64 (2.41.90.20240122-1ubuntu1+11.4) ...
Build on ubuntu-latest for windows	Install Dependencies (Windows Cross-compile)	2026-01-31T22:09:31.8525618Z Setting up gcc-mingw-w64-base:amd64 (13.2.0-6ubuntu1+26.1) ...
Build on ubuntu-latest for windows	Install Dependencies (Windows Cross-compile)	2026-01-31T22:09:31.8549009Z Setting up gcc-mingw-w64-i686-posix-runtime (13.2.0-6ubuntu1+26.1) ...
Build on ubuntu-latest for windows	Install Dependencies (Windows Cross-compile)	2026-01-31T22:09:31.8577301Z Setting up binutils-mingw-w64-i686 (2.41.90.20240122-1ubuntu1+11.4) ...
Build on ubuntu-latest for windows	Install Dependencies (Windows Cross-compile)	2026-01-31T22:09:31.8602179Z Setting up gcc-mingw-w64-x86-64-win32-runtime (13.2.0-6ubuntu1+26.1) ...
Build on ubuntu-latest for windows	Install Dependencies (Windows Cross-compile)	2026-01-31T22:09:31.8629206Z Setting up gcc-mingw-w64-i686-win32-runtime (13.2.0-6ubuntu1+26.1) ...
Build on ubuntu-latest for windows	Install Dependencies (Windows Cross-compile)	2026-01-31T22:09:31.8653979Z Setting up mingw-w64-common (11.0.1-3build1) ...
Build on ubuntu-latest for windows	Install Dependencies (Windows Cross-compile)	2026-01-31T22:09:31.8680003Z Setting up mingw-w64-x86-64-dev (11.0.1-3build1) ...
Build on ubuntu-latest for windows	Install Dependencies (Windows Cross-compile)	2026-01-31T22:09:31.8705960Z Setting up gcc-mingw-w64-x86-64-posix-runtime (13.2.0-6ubuntu1+26.1) ...
Build on ubuntu-latest for windows	Install Dependencies (Windows Cross-compile)	2026-01-31T22:09:31.8736287Z Setting up gcc-mingw-w64-x86-64-posix (13.2.0-6ubuntu1+26.1) ...
Build on ubuntu-latest for windows	Install Dependencies (Windows Cross-compile)	2026-01-31T22:09:31.8797979Z update-alternatives: using /usr/bin/x86_64-w64-mingw32-gcc-posix to provide /usr/bin/x86_64-w64-mingw32-gcc (x86_64-w64-mingw32-gcc) in auto mode
Build on ubuntu-latest for windows	Install Dependencies (Windows Cross-compile)	2026-01-31T22:09:31.8831343Z Setting up gcc-mingw-w64-x86-64-win32 (13.2.0-6ubuntu1+26.1) ...
Build on ubuntu-latest for windows	Install Dependencies (Windows Cross-compile)	2026-01-31T22:09:31.8893044Z update-alternatives: using /usr/bin/x86_64-w64-mingw32-gcc-win32 to provide /usr/bin/x86_64-w64-mingw32-gcc (x86_64-w64-mingw32-gcc) in auto mode
Build on ubuntu-latest for windows	Install Dependencies (Windows Cross-compile)	2026-01-31T22:09:31.8918497Z Setting up gcc-mingw-w64-x86-64 (13.2.0-6ubuntu1+26.1) ...
Build on ubuntu-latest for windows	Install Dependencies (Windows Cross-compile)	2026-01-31T22:09:31.8974840Z Setting up mingw-w64-i686-dev (11.0.1-3build1) ...
Build on ubuntu-latest for windows	Install Dependencies (Windows Cross-compile)	2026-01-31T22:09:31.9000347Z Setting up gcc-mingw-w64-i686-win32 (13.2.0-6ubuntu1+26.1) ...
Build on ubuntu-latest for windows	Install Dependencies (Windows Cross-compile)	2026-01-31T22:09:31.9061059Z update-alternatives: using /usr/bin/i686-w64-mingw32-gcc-win32 to provide /usr/bin/i686-w64-mingw32-gcc (i686-w64-mingw32-gcc) in auto mode
Build on ubuntu-latest for windows	Install Dependencies (Windows Cross-compile)	2026-01-31T22:09:31.9092750Z Setting up g++-mingw-w64-i686-win32 (13.2.0-6ubuntu1+26.1) ...
Build on ubuntu-latest for windows	Install Dependencies (Windows Cross-compile)	2026-01-31T22:09:31.9154068Z update-alternatives: using /usr/bin/i686-w64-mingw32-g++-win32 to provide /usr/bin/i686-w64-mingw32-g++ (i686-w64-mingw32-g++) in auto mode
Build on ubuntu-latest for windows	Install Dependencies (Windows Cross-compile)	2026-01-31T22:09:31.9180569Z Setting up g++-mingw-w64-x86-64-win32 (13.2.0-6ubuntu1+26.1) ...
Build on ubuntu-latest for windows	Install Dependencies (Windows Cross-compile)	2026-01-31T22:09:31.9247748Z update-alternatives: using /usr/bin/x86_64-w64-mingw32-g++-win32 to provide /usr/bin/x86_64-w64-mingw32-g++ (x86_64-w64-mingw32-g++) in auto mode
Build on ubuntu-latest for windows	Install Dependencies (Windows Cross-compile)	2026-01-31T22:09:31.9269870Z Setting up gcc-mingw-w64-i686-posix (13.2.0-6ubuntu1+26.1) ...
Build on ubuntu-latest for windows	Install Dependencies (Windows Cross-compile)	2026-01-31T22:09:31.9356559Z Setting up g++-mingw-w64-x86-64-posix (13.2.0-6ubuntu1+26.1) ...
Build on ubuntu-latest for windows	Install Dependencies (Windows Cross-compile)	2026-01-31T22:09:31.9438933Z Setting up gcc-mingw-w64-i686 (13.2.0-6ubuntu1+26.1) ...
Build on ubuntu-latest for windows	Install Dependencies (Windows Cross-compile)	2026-01-31T22:09:31.9495273Z Setting up g++-mingw-w64-x86-64 (13.2.0-6ubuntu1+26.1) ...
Build on ubuntu-latest for windows	Install Dependencies (Windows Cross-compile)	2026-01-31T22:09:31.9594064Z Setting up gcc-mingw-w64 (13.2.0-6ubuntu1+26.1) ...
Build on ubuntu-latest for windows	Install Dependencies (Windows Cross-compile)	2026-01-31T22:09:31.9651012Z Setting up g++-mingw-w64-i686-posix (13.2.0-6ubuntu1+26.1) ...
Build on ubuntu-latest for windows	Install Dependencies (Windows Cross-compile)	2026-01-31T22:09:31.9737285Z Setting up g++-mingw-w64-i686 (13.2.0-6ubuntu1+26.1) ...
Build on ubuntu-latest for windows	Install Dependencies (Windows Cross-compile)	2026-01-31T22:09:31.9793930Z Setting up g++-mingw-w64 (13.2.0-6ubuntu1+26.1) ...
Build on ubuntu-latest for windows	Install Dependencies (Windows Cross-compile)	2026-01-31T22:09:31.9849650Z Setting up mingw-w64 (11.0.1-3build1) ...
Build on ubuntu-latest for windows	Install Dependencies (Windows Cross-compile)	2026-01-31T22:09:31.9880459Z Processing triggers for man-db (2.12.0-4build2) ...
Build on ubuntu-latest for windows	Install Dependencies (Windows Cross-compile)	2026-01-31T22:09:31.9907685Z Not building database; man-db/auto-update is not 'true'.
Build on ubuntu-latest for windows	Install Dependencies (Windows Cross-compile)	2026-01-31T22:09:32.6367309Z 
Build on ubuntu-latest for windows	Install Dependencies (Windows Cross-compile)	2026-01-31T22:09:32.6367782Z Running kernel seems to be up-to-date.
Build on ubuntu-latest for windows	Install Dependencies (Windows Cross-compile)	2026-01-31T22:09:32.6368161Z 
Build on ubuntu-latest for windows	Install Dependencies (Windows Cross-compile)	2026-01-31T22:09:32.6368309Z No services need to be restarted.
Build on ubuntu-latest for windows	Install Dependencies (Windows Cross-compile)	2026-01-31T22:09:32.6368644Z 
Build on ubuntu-latest for windows	Install Dependencies (Windows Cross-compile)	2026-01-31T22:09:32.6368789Z No containers need to be restarted.
Build on ubuntu-latest for windows	Install Dependencies (Windows Cross-compile)	2026-01-31T22:09:32.6369071Z 
Build on ubuntu-latest for windows	Install Dependencies (Windows Cross-compile)	2026-01-31T22:09:32.6369253Z No user sessions are running outdated binaries.
Build on ubuntu-latest for windows	Install Dependencies (Windows Cross-compile)	2026-01-31T22:09:32.6370025Z 
Build on ubuntu-latest for windows	Install Dependencies (Windows Cross-compile)	2026-01-31T22:09:32.6370337Z No VM guests are running outdated hypervisor (qemu) binaries on this host.
Build on ubuntu-latest for windows	Configure CMake	ï»¿2026-01-31T22:09:33.5626039Z ##[group]Run cmake -B build-windows -S . -DCMAKE_TOOLCHAIN_FILE=windows_toolchain.cmake -DBUILD_STATIC_WIN=ON -DCMAKE_BUILD_TYPE=Release
Build on ubuntu-latest for windows	Configure CMake	2026-01-31T22:09:33.5627074Z [36;1mcmake -B build-windows -S . -DCMAKE_TOOLCHAIN_FILE=windows_toolchain.cmake -DBUILD_STATIC_WIN=ON -DCMAKE_BUILD_TYPE=Release[0m
Build on ubuntu-latest for windows	Configure CMake	2026-01-31T22:09:33.5660740Z shell: /usr/bin/bash -e {0}
Build on ubuntu-latest for windows	Configure CMake	2026-01-31T22:09:33.5660984Z ##[endgroup]
Build on ubuntu-latest for windows	Configure CMake	2026-01-31T22:09:34.6262314Z -- The C compiler identification is GNU 13.0.0
Build on ubuntu-latest for windows	Configure CMake	2026-01-31T22:09:34.7577020Z -- The CXX compiler identification is GNU 13.0.0
Build on ubuntu-latest for windows	Configure CMake	2026-01-31T22:09:35.0139997Z -- Detecting C compiler ABI info
Build on ubuntu-latest for windows	Configure CMake	2026-01-31T22:09:44.1293508Z -- Detecting C compiler ABI info - done
Build on ubuntu-latest for windows	Configure CMake	2026-01-31T22:09:44.1470248Z -- Check for working C compiler: /usr/bin/x86_64-w64-mingw32-gcc - skipped
Build on ubuntu-latest for windows	Configure CMake	2026-01-31T22:09:44.1533787Z -- Detecting C compile features
Build on ubuntu-latest for windows	Configure CMake	2026-01-31T22:09:44.1583546Z -- Detecting C compile features - done
Build on ubuntu-latest for windows	Configure CMake	2026-01-31T22:09:44.1786126Z -- Detecting CXX compiler ABI info
Build on ubuntu-latest for windows	Configure CMake	2026-01-31T22:09:44.2845878Z -- Detecting CXX compiler ABI info - done
Build on ubuntu-latest for windows	Configure CMake	2026-01-31T22:09:44.3021438Z -- Check for working CXX compiler: /usr/bin/x86_64-w64-mingw32-g++ - skipped
Build on ubuntu-latest for windows	Configure CMake	2026-01-31T22:09:44.3025328Z -- Detecting CXX compile features
Build on ubuntu-latest for windows	Configure CMake	2026-01-31T22:09:44.3032029Z -- Detecting CXX compile features - done
Build on ubuntu-latest for windows	Configure CMake	2026-01-31T22:09:44.3708865Z -- Downloading Korean font...
Build on ubuntu-latest for windows	Configure CMake	2026-01-31T22:09:44.7551043Z -- [download 0% complete]
Build on ubuntu-latest for windows	Configure CMake	2026-01-31T22:09:44.7569176Z -- [download 1% complete]
Build on ubuntu-latest for windows	Configure CMake	2026-01-31T22:09:44.7591724Z -- [download 2% complete]
Build on ubuntu-latest for windows	Configure CMake	2026-01-31T22:09:44.7611699Z -- [download 3% complete]
Build on ubuntu-latest for windows	Configure CMake	2026-01-31T22:09:44.7628105Z -- [download 4% complete]
Build on ubuntu-latest for windows	Configure CMake	2026-01-31T22:09:44.7644927Z -- [download 5% complete]
Build on ubuntu-latest for windows	Configure CMake	2026-01-31T22:09:44.7660591Z -- [download 6% complete]
Build on ubuntu-latest for windows	Configure CMake	2026-01-31T22:09:44.7677945Z -- [download 7% complete]
Build on ubuntu-latest for windows	Configure CMake	2026-01-31T22:09:44.7693300Z -- [download 8% complete]
Build on ubuntu-latest for windows	Configure CMake	2026-01-31T22:09:44.7709705Z -- [download 9% complete]
Build on ubuntu-latest for windows	Configure CMake	2026-01-31T22:09:44.7725593Z -- [download 10% complete]
Build on ubuntu-latest for windows	Configure CMake	2026-01-31T22:09:44.7740629Z -- [download 11% complete]
Build on ubuntu-latest for windows	Configure CMake	2026-01-31T22:09:44.7757461Z -- [download 12% complete]
Build on ubuntu-latest for windows	Configure CMake	2026-01-31T22:09:44.7773486Z -- [download 13% complete]
Build on ubuntu-latest for windows	Configure CMake	2026-01-31T22:09:44.7791274Z -- [download 14% complete]
Build on ubuntu-latest for windows	Configure CMake	2026-01-31T22:09:44.7805589Z -- [download 15% complete]
Build on ubuntu-latest for windows	Configure CMake	2026-01-31T22:09:44.7821200Z -- [download 16% complete]
Build on ubuntu-latest for windows	Configure CMake	2026-01-31T22:09:44.7836561Z -- [download 17% complete]
Build on ubuntu-latest for windows	Configure CMake	2026-01-31T22:09:44.7854332Z -- [download 18% complete]
Build on ubuntu-latest for windows	Configure CMake	2026-01-31T22:09:44.7870744Z -- [download 19% complete]
Build on ubuntu-latest for windows	Configure CMake	2026-01-31T22:09:44.7884593Z -- [download 20% complete]
Build on ubuntu-latest for windows	Configure CMake	2026-01-31T22:09:44.7901965Z -- [download 21% complete]
Build on ubuntu-latest for windows	Configure CMake	2026-01-31T22:09:44.7916804Z -- [download 22% complete]
Build on ubuntu-latest for windows	Configure CMake	2026-01-31T22:09:44.7931699Z -- [download 23% complete]
Build on ubuntu-latest for windows	Configure CMake	2026-01-31T22:09:44.7949360Z -- [download 24% complete]
Build on ubuntu-latest for windows	Configure CMake	2026-01-31T22:09:44.7966056Z -- [download 25% complete]
Build on ubuntu-latest for windows	Configure CMake	2026-01-31T22:09:44.7982759Z -- [download 26% complete]
Build on ubuntu-latest for windows	Configure CMake	2026-01-31T22:09:44.7998466Z -- [download 27% complete]
Build on ubuntu-latest for windows	Configure CMake	2026-01-31T22:09:44.8015892Z -- [download 28% complete]
Build on ubuntu-latest for windows	Configure CMake	2026-01-31T22:09:44.8031396Z -- [download 29% complete]
Build on ubuntu-latest for windows	Configure CMake	2026-01-31T22:09:44.8048744Z -- [download 30% complete]
Build on ubuntu-latest for windows	Configure CMake	2026-01-31T22:09:44.8064916Z -- [download 31% complete]
Build on ubuntu-latest for windows	Configure CMake	2026-01-31T22:09:44.8082864Z -- [download 32% complete]
Build on ubuntu-latest for windows	Configure CMake	2026-01-31T22:09:44.8097423Z -- [download 33% complete]
Build on ubuntu-latest for windows	Configure CMake	2026-01-31T22:09:44.8113820Z -- [download 34% complete]
Build on ubuntu-latest for windows	Configure CMake	2026-01-31T22:09:44.8130073Z -- [download 35% complete]
Build on ubuntu-latest for windows	Configure CMake	2026-01-31T22:09:44.8146689Z -- [download 36% complete]
Build on ubuntu-latest for windows	Configure CMake	2026-01-31T22:09:44.8164113Z -- [download 37% complete]
Build on ubuntu-latest for windows	Configure CMake	2026-01-31T22:09:44.8178363Z -- [download 38% complete]
Build on ubuntu-latest for windows	Configure CMake	2026-01-31T22:09:44.8194316Z -- [download 39% complete]
Build on ubuntu-latest for windows	Configure CMake	2026-01-31T22:09:44.8211093Z -- [download 40% complete]
Build on ubuntu-latest for windows	Configure CMake	2026-01-31T22:09:44.8226628Z -- [download 41% complete]
Build on ubuntu-latest for windows	Configure CMake	2026-01-31T22:09:44.8242229Z -- [download 42% complete]
Build on ubuntu-latest for windows	Configure CMake	2026-01-31T22:09:44.8259050Z -- [download 43% complete]
Build on ubuntu-latest for windows	Configure CMake	2026-01-31T22:09:44.8275117Z -- [download 44% complete]
Build on ubuntu-latest for windows	Configure CMake	2026-01-31T22:09:44.8291603Z -- [download 45% complete]
Build on ubuntu-latest for windows	Configure CMake	2026-01-31T22:09:44.8308012Z -- [download 46% complete]
Build on ubuntu-latest for windows	Configure CMake	2026-01-31T22:09:44.8324161Z -- [download 47% complete]
Build on ubuntu-latest for windows	Configure CMake	2026-01-31T22:09:44.8340658Z -- [download 48% complete]
Build on ubuntu-latest for windows	Configure CMake	2026-01-31T22:09:44.8357476Z -- [download 49% complete]
Build on ubuntu-latest for windows	Configure CMake	2026-01-31T22:09:44.8375719Z -- [download 50% complete]
Build on ubuntu-latest for windows	Configure CMake	2026-01-31T22:09:44.8392691Z -- [download 51% complete]
Build on ubuntu-latest for windows	Configure CMake	2026-01-31T22:09:44.8408928Z -- [download 52% complete]
Build on ubuntu-latest for windows	Configure CMake	2026-01-31T22:09:44.8425842Z -- [download 53% complete]
Build on ubuntu-latest for windows	Configure CMake	2026-01-31T22:09:44.8442554Z -- [download 54% complete]
Build on ubuntu-latest for windows	Configure CMake	2026-01-31T22:09:44.8459632Z -- [download 55% complete]
Build on ubuntu-latest for windows	Configure CMake	2026-01-31T22:09:44.8475831Z -- [download 56% complete]
Build on ubuntu-latest for windows	Configure CMake	2026-01-31T22:09:44.8492487Z -- [download 57% complete]
Build on ubuntu-latest for windows	Configure CMake	2026-01-31T22:09:44.8509093Z -- [download 58% complete]
Build on ubuntu-latest for windows	Configure CMake	2026-01-31T22:09:44.8526016Z -- [download 59% complete]
Build on ubuntu-latest for windows	Configure CMake	2026-01-31T22:09:44.8542180Z -- [download 60% complete]
Build on ubuntu-latest for windows	Configure CMake	2026-01-31T22:09:44.8559415Z -- [download 61% complete]
Build on ubuntu-latest for windows	Configure CMake	2026-01-31T22:09:44.8575915Z -- [download 62% complete]
Build on ubuntu-latest for windows	Configure CMake	2026-01-31T22:09:44.8592477Z -- [download 63% complete]
Build on ubuntu-latest for windows	Configure CMake	2026-01-31T22:09:44.8609497Z -- [download 64% complete]
Build on ubuntu-latest for windows	Configure CMake	2026-01-31T22:09:44.8626335Z -- [download 65% complete]
Build on ubuntu-latest for windows	Configure CMake	2026-01-31T22:09:44.8642648Z -- [download 66% complete]
Build on ubuntu-latest for windows	Configure CMake	2026-01-31T22:09:44.8658416Z -- [download 67% complete]
Build on ubuntu-latest for windows	Configure CMake	2026-01-31T22:09:44.8674831Z -- [download 68% complete]
Build on ubuntu-latest for windows	Configure CMake	2026-01-31T22:09:44.8691786Z -- [download 69% complete]
Build on ubuntu-latest for windows	Configure CMake	2026-01-31T22:09:44.8707978Z -- [download 70% complete]
Build on ubuntu-latest for windows	Configure CMake	2026-01-31T22:09:44.8724671Z -- [download 71% complete]
Build on ubuntu-latest for windows	Configure CMake	2026-01-31T22:09:44.8739874Z -- [download 72% complete]
Build on ubuntu-latest for windows	Configure CMake	2026-01-31T22:09:44.8755774Z -- [download 73% complete]
Build on ubuntu-latest for windows	Configure CMake	2026-01-31T22:09:44.8772988Z -- [download 74% complete]
Build on ubuntu-latest for windows	Configure CMake	2026-01-31T22:09:44.8789014Z -- [download 75% complete]
Build on ubuntu-latest for windows	Configure CMake	2026-01-31T22:09:44.8804984Z -- [download 76% complete]
Build on ubuntu-latest for windows	Configure CMake	2026-01-31T22:09:44.8821719Z -- [download 77% complete]
Build on ubuntu-latest for windows	Configure CMake	2026-01-31T22:09:44.8838302Z -- [download 78% complete]
Build on ubuntu-latest for windows	Configure CMake	2026-01-31T22:09:44.8854274Z -- [download 79% complete]
Build on ubuntu-latest for windows	Configure CMake	2026-01-31T22:09:44.8870641Z -- [download 80% complete]
Build on ubuntu-latest for windows	Configure CMake	2026-01-31T22:09:44.8887391Z -- [download 81% complete]
Build on ubuntu-latest for windows	Configure CMake	2026-01-31T22:09:44.8902801Z -- [download 82% complete]
Build on ubuntu-latest for windows	Configure CMake	2026-01-31T22:09:44.8918564Z -- [download 83% complete]
Build on ubuntu-latest for windows	Configure CMake	2026-01-31T22:09:44.8935020Z -- [download 84% complete]
Build on ubuntu-latest for windows	Configure CMake	2026-01-31T22:09:44.8951247Z -- [download 85% complete]
Build on ubuntu-latest for windows	Configure CMake	2026-01-31T22:09:44.8967699Z -- [download 86% complete]
Build on ubuntu-latest for windows	Configure CMake	2026-01-31T22:09:44.8984168Z -- [download 87% complete]
Build on ubuntu-latest for windows	Configure CMake	2026-01-31T22:09:44.9000728Z -- [download 88% complete]
Build on ubuntu-latest for windows	Configure CMake	2026-01-31T22:09:44.9016549Z -- [download 89% complete]
Build on ubuntu-latest for windows	Configure CMake	2026-01-31T22:09:44.9030981Z -- [download 90% complete]
Build on ubuntu-latest for windows	Configure CMake	2026-01-31T22:09:44.9046630Z -- [download 91% complete]
Build on ubuntu-latest for windows	Configure CMake	2026-01-31T22:09:44.9063606Z -- [download 92% complete]
Build on ubuntu-latest for windows	Configure CMake	2026-01-31T22:09:44.9079562Z -- [download 93% complete]
Build on ubuntu-latest for windows	Configure CMake	2026-01-31T22:09:44.9095328Z -- [download 94% complete]
Build on ubuntu-latest for windows	Configure CMake	2026-01-31T22:09:44.9111722Z -- [download 95% complete]
Build on ubuntu-latest for windows	Configure CMake	2026-01-31T22:09:44.9128061Z -- [download 96% complete]
Build on ubuntu-latest for windows	Configure CMake	2026-01-31T22:09:44.9144533Z -- [download 97% complete]
Build on ubuntu-latest for windows	Configure CMake	2026-01-31T22:09:44.9160259Z -- [download 98% complete]
Build on ubuntu-latest for windows	Configure CMake	2026-01-31T22:09:44.9175098Z -- [download 99% complete]
Build on ubuntu-latest for windows	Configure CMake	2026-01-31T22:09:44.9190208Z -- [download 100% complete]
Build on ubuntu-latest for windows	Configure CMake	2026-01-31T22:09:44.9216266Z -- Downloading Chinese font...
Build on ubuntu-latest for windows	Configure CMake	2026-01-31T22:09:45.1375926Z -- [download 0% complete]
Build on ubuntu-latest for windows	Configure CMake	2026-01-31T22:09:45.1393411Z -- [download 1% complete]
Build on ubuntu-latest for windows	Configure CMake	2026-01-31T22:09:45.1420148Z -- [download 2% complete]
Build on ubuntu-latest for windows	Configure CMake	2026-01-31T22:09:45.1438971Z -- [download 3% complete]
Build on ubuntu-latest for windows	Configure CMake	2026-01-31T22:09:45.1456980Z -- [download 4% complete]
Build on ubuntu-latest for windows	Configure CMake	2026-01-31T22:09:45.1475852Z -- [download 5% complete]
Build on ubuntu-latest for windows	Configure CMake	2026-01-31T22:09:45.1491394Z -- [download 6% complete]
Build on ubuntu-latest for windows	Configure CMake	2026-01-31T22:09:45.1509315Z -- [download 7% complete]
Build on ubuntu-latest for windows	Configure CMake	2026-01-31T22:09:45.1527830Z -- [download 8% complete]
Build on ubuntu-latest for windows	Configure CMake	2026-01-31T22:09:45.1544628Z -- [download 9% complete]
Build on ubuntu-latest for windows	Configure CMake	2026-01-31T22:09:45.1562442Z -- [download 10% complete]
Build on ubuntu-latest for windows	Configure CMake	2026-01-31T22:09:45.1579357Z -- [download 11% complete]
Build on ubuntu-latest for windows	Configure CMake	2026-01-31T22:09:45.1596300Z -- [download 12% complete]
Build on ubuntu-latest for windows	Configure CMake	2026-01-31T22:09:45.1613440Z -- [download 13% complete]
Build on ubuntu-latest for windows	Configure CMake	2026-01-31T22:09:45.1631247Z -- [download 14% complete]
Build on ubuntu-latest for windows	Configure CMake	2026-01-31T22:09:45.1649259Z -- [download 15% complete]
Build on ubuntu-latest for windows	Configure CMake	2026-01-31T22:09:45.1666994Z -- [download 16% complete]
Build on ubuntu-latest for windows	Configure CMake	2026-01-31T22:09:45.1683181Z -- [download 17% complete]
Build on ubuntu-latest for windows	Configure CMake	2026-01-31T22:09:45.1701134Z -- [download 18% complete]
Build on ubuntu-latest for windows	Configure CMake	2026-01-31T22:09:45.1718113Z -- [download 19% complete]
Build on ubuntu-latest for windows	Configure CMake	2026-01-31T22:09:45.1735845Z -- [download 20% complete]
Build on ubuntu-latest for windows	Configure CMake	2026-01-31T22:09:45.1753637Z -- [download 21% complete]
Build on ubuntu-latest for windows	Configure CMake	2026-01-31T22:09:45.1770809Z -- [download 22% complete]
Build on ubuntu-latest for windows	Configure CMake	2026-01-31T22:09:45.1790096Z -- [download 23% complete]
Build on ubuntu-latest for windows	Configure CMake	2026-01-31T22:09:45.1805764Z -- [download 24% complete]
Build on ubuntu-latest for windows	Configure CMake	2026-01-31T22:09:45.1823120Z -- [download 25% complete]
Build on ubuntu-latest for windows	Configure CMake	2026-01-31T22:09:45.1840227Z -- [download 26% complete]
Build on ubuntu-latest for windows	Configure CMake	2026-01-31T22:09:45.1857854Z -- [download 27% complete]
Build on ubuntu-latest for windows	Configure CMake	2026-01-31T22:09:45.1874434Z -- [download 28% complete]
Build on ubuntu-latest for windows	Configure CMake	2026-01-31T22:09:45.1892610Z -- [download 29% complete]
Build on ubuntu-latest for windows	Configure CMake	2026-01-31T22:09:45.1909145Z -- [download 30% complete]
Build on ubuntu-latest for windows	Configure CMake	2026-01-31T22:09:45.1926830Z -- [download 31% complete]
Build on ubuntu-latest for windows	Configure CMake	2026-01-31T22:09:45.1943797Z -- [download 32% complete]
Build on ubuntu-latest for windows	Configure CMake	2026-01-31T22:09:45.1961701Z -- [download 33% complete]
Build on ubuntu-latest for windows	Configure CMake	2026-01-31T22:09:45.1979410Z -- [download 34% complete]
Build on ubuntu-latest for windows	Configure CMake	2026-01-31T22:09:45.1996173Z -- [download 35% complete]
Build on ubuntu-latest for windows	Configure CMake	2026-01-31T22:09:45.2014769Z -- [download 36% complete]
Build on ubuntu-latest for windows	Configure CMake	2026-01-31T22:09:45.2031583Z -- [download 37% complete]
Build on ubuntu-latest for windows	Configure CMake	2026-01-31T22:09:45.2048884Z -- [download 38% complete]
Build on ubuntu-latest for windows	Configure CMake	2026-01-31T22:09:45.2065773Z -- [download 39% complete]
Build on ubuntu-latest for windows	Configure CMake	2026-01-31T22:09:45.2083288Z -- [download 40% complete]
Build on ubuntu-latest for windows	Configure CMake	2026-01-31T22:09:45.2101159Z -- [download 41% complete]
Build on ubuntu-latest for windows	Configure CMake	2026-01-31T22:09:45.2119351Z -- [download 42% complete]
Build on ubuntu-latest for windows	Configure CMake	2026-01-31T22:09:45.2136326Z -- [download 43% complete]
Build on ubuntu-latest for windows	Configure CMake	2026-01-31T22:09:45.2153642Z -- [download 44% complete]
Build on ubuntu-latest for windows	Configure CMake	2026-01-31T22:09:45.2171015Z -- [download 45% complete]
Build on ubuntu-latest for windows	Configure CMake	2026-01-31T22:09:45.2188386Z -- [download 46% complete]
Build on ubuntu-latest for windows	Configure CMake	2026-01-31T22:09:45.2207112Z -- [download 47% complete]
Build on ubuntu-latest for windows	Configure CMake	2026-01-31T22:09:45.2224367Z -- [download 48% complete]
Build on ubuntu-latest for windows	Configure CMake	2026-01-31T22:09:45.2242779Z -- [download 49% complete]
Build on ubuntu-latest for windows	Configure CMake	2026-01-31T22:09:45.2260367Z -- [download 50% complete]
Build on ubuntu-latest for windows	Configure CMake	2026-01-31T22:09:45.2278152Z -- [download 51% complete]
Build on ubuntu-latest for windows	Configure CMake	2026-01-31T22:09:45.2294627Z -- [download 52% complete]
Build on ubuntu-latest for windows	Configure CMake	2026-01-31T22:09:45.2311362Z -- [download 53% complete]
Build on ubuntu-latest for windows	Configure CMake	2026-01-31T22:09:45.2329959Z -- [download 54% complete]
Build on ubuntu-latest for windows	Configure CMake	2026-01-31T22:09:45.2344777Z -- [download 55% complete]
Build on ubuntu-latest for windows	Configure CMake	2026-01-31T22:09:45.2362941Z -- [download 56% complete]
Build on ubuntu-latest for windows	Configure CMake	2026-01-31T22:09:45.2380688Z -- [download 57% complete]
Build on ubuntu-latest for windows	Configure CMake	2026-01-31T22:09:45.2398165Z -- [download 58% complete]
Build on ubuntu-latest for windows	Configure CMake	2026-01-31T22:09:45.2415788Z -- [download 59% complete]
Build on ubuntu-latest for windows	Configure CMake	2026-01-31T22:09:45.2432655Z -- [download 60% complete]
Build on ubuntu-latest for windows	Configure CMake	2026-01-31T22:09:45.2450081Z -- [download 61% complete]
Build on ubuntu-latest for windows	Configure CMake	2026-01-31T22:09:45.2467241Z -- [download 62% complete]
Build on ubuntu-latest for windows	Configure CMake	2026-01-31T22:09:45.2485148Z -- [download 63% complete]
Build on ubuntu-latest for windows	Configure CMake	2026-01-31T22:09:45.2500686Z -- [download 64% complete]
Build on ubuntu-latest for windows	Configure CMake	2026-01-31T22:09:45.2518451Z -- [download 65% complete]
Build on ubuntu-latest for windows	Configure CMake	2026-01-31T22:09:45.2535244Z -- [download 66% complete]
Build on ubuntu-latest for windows	Configure CMake	2026-01-31T22:09:45.2553230Z -- [download 67% complete]
Build on ubuntu-latest for windows	Configure CMake	2026-01-31T22:09:45.2569965Z -- [download 68% complete]
Build on ubuntu-latest for windows	Configure CMake	2026-01-31T22:09:45.2587338Z -- [download 69% complete]
Build on ubuntu-latest for windows	Configure CMake	2026-01-31T22:09:45.2605124Z -- [download 70% complete]
Build on ubuntu-latest for windows	Configure CMake	2026-01-31T22:09:45.2622489Z -- [download 71% complete]
Build on ubuntu-latest for windows	Configure CMake	2026-01-31T22:09:45.2640128Z -- [download 72% complete]
Build on ubuntu-latest for windows	Configure CMake	2026-01-31T22:09:45.2656564Z -- [download 73% complete]
Build on ubuntu-latest for windows	Configure CMake	2026-01-31T22:09:45.2673252Z -- [download 74% complete]
Build on ubuntu-latest for windows	Configure CMake	2026-01-31T22:09:45.2691260Z -- [download 75% complete]
Build on ubuntu-latest for windows	Configure CMake	2026-01-31T22:09:45.2707583Z -- [download 76% complete]
Build on ubuntu-latest for windows	Configure CMake	2026-01-31T22:09:45.2724653Z -- [download 77% complete]
Build on ubuntu-latest for windows	Configure CMake	2026-01-31T22:09:45.2742799Z -- [download 78% complete]
Build on ubuntu-latest for windows	Configure CMake	2026-01-31T22:09:45.2760486Z -- [download 79% complete]
Build on ubuntu-latest for windows	Configure CMake	2026-01-31T22:09:45.2777390Z -- [download 80% complete]
Build on ubuntu-latest for windows	Configure CMake	2026-01-31T22:09:45.2795282Z -- [download 81% complete]
Build on ubuntu-latest for windows	Configure CMake	2026-01-31T22:09:45.2812536Z -- [download 82% complete]
Build on ubuntu-latest for windows	Configure CMake	2026-01-31T22:09:45.2829645Z -- [download 83% complete]
Build on ubuntu-latest for windows	Configure CMake	2026-01-31T22:09:45.2846319Z -- [download 84% complete]
Build on ubuntu-latest for windows	Configure CMake	2026-01-31T22:09:45.2863572Z -- [download 85% complete]
Build on ubuntu-latest for windows	Configure CMake	2026-01-31T22:09:45.2881594Z -- [download 86% complete]
Build on ubuntu-latest for windows	Configure CMake	2026-01-31T22:09:45.2898959Z -- [download 87% complete]
Build on ubuntu-latest for windows	Configure CMake	2026-01-31T22:09:45.2916956Z -- [download 88% complete]
Build on ubuntu-latest for windows	Configure CMake	2026-01-31T22:09:45.2934061Z -- [download 89% complete]
Build on ubuntu-latest for windows	Configure CMake	2026-01-31T22:09:45.2951821Z -- [download 90% complete]
Build on ubuntu-latest for windows	Configure CMake	2026-01-31T22:09:45.2969972Z -- [download 91% complete]
Build on ubuntu-latest for windows	Configure CMake	2026-01-31T22:09:45.2987152Z -- [download 92% complete]
Build on ubuntu-latest for windows	Configure CMake	2026-01-31T22:09:45.3004888Z -- [download 93% complete]
Build on ubuntu-latest for windows	Configure CMake	2026-01-31T22:09:45.3023301Z -- [download 94% complete]
Build on ubuntu-latest for windows	Configure CMake	2026-01-31T22:09:45.3040577Z -- [download 95% complete]
Build on ubuntu-latest for windows	Configure CMake	2026-01-31T22:09:45.3058026Z -- [download 96% complete]
Build on ubuntu-latest for windows	Configure CMake	2026-01-31T22:09:45.3075805Z -- [download 97% complete]
Build on ubuntu-latest for windows	Configure CMake	2026-01-31T22:09:45.3092011Z -- [download 98% complete]
Build on ubuntu-latest for windows	Configure CMake	2026-01-31T22:09:45.3107116Z -- [download 99% complete]
Build on ubuntu-latest for windows	Configure CMake	2026-01-31T22:09:45.3122506Z -- [download 100% complete]
Build on ubuntu-latest for windows	Configure CMake	2026-01-31T22:09:45.5004057Z -- Found Python3: /usr/bin/python3.12 (found version "3.12.3") found components: Interpreter
Build on ubuntu-latest for windows	Configure CMake	2026-01-31T22:09:55.7499782Z -- Performing Test CMAKE_HAVE_LIBC_PTHREAD
Build on ubuntu-latest for windows	Configure CMake	2026-01-31T22:09:55.8531139Z -- Performing Test CMAKE_HAVE_LIBC_PTHREAD - Failed
Build on ubuntu-latest for windows	Configure CMake	2026-01-31T22:09:55.8531847Z -- Looking for pthread_create in pthreads
Build on ubuntu-latest for windows	Configure CMake	2026-01-31T22:09:55.9529690Z -- Looking for pthread_create in pthreads - not found
Build on ubuntu-latest for windows	Configure CMake	2026-01-31T22:09:55.9530243Z -- Looking for pthread_create in pthread
Build on ubuntu-latest for windows	Configure CMake	2026-01-31T22:09:56.0516495Z -- Looking for pthread_create in pthread - found
Build on ubuntu-latest for windows	Configure CMake	2026-01-31T22:09:56.0526672Z -- Found Threads: TRUE
Build on ubuntu-latest for windows	Configure CMake	2026-01-31T22:09:56.0704874Z -- Could NOT find Doxygen (missing: DOXYGEN_EXECUTABLE) 
Build on ubuntu-latest for windows	Configure CMake	2026-01-31T22:09:56.0710373Z -- Looking for dinput.h
Build on ubuntu-latest for windows	Configure CMake	2026-01-31T22:09:56.6964355Z -- Looking for dinput.h - found
Build on ubuntu-latest for windows	Configure CMake	2026-01-31T22:09:56.6965196Z -- Looking for xinput.h
Build on ubuntu-latest for windows	Configure CMake	2026-01-31T22:09:57.0912600Z -- Looking for xinput.h - found
Build on ubuntu-latest for windows	Configure CMake	2026-01-31T22:09:57.1074880Z -- Performing Test _GLFW_HAS_DEP
Build on ubuntu-latest for windows	Configure CMake	2026-01-31T22:09:57.2034039Z -- Performing Test _GLFW_HAS_DEP - Success
Build on ubuntu-latest for windows	Configure CMake	2026-01-31T22:09:57.2042113Z -- Performing Test _GLFW_HAS_ASLR
Build on ubuntu-latest for windows	Configure CMake	2026-01-31T22:09:57.3006323Z -- Performing Test _GLFW_HAS_ASLR - Success
Build on ubuntu-latest for windows	Configure CMake	2026-01-31T22:09:57.3014187Z -- Performing Test _GLFW_HAS_64ASLR
Build on ubuntu-latest for windows	Configure CMake	2026-01-31T22:09:57.3995130Z -- Performing Test _GLFW_HAS_64ASLR - Success
Build on ubuntu-latest for windows	Configure CMake	2026-01-31T22:09:57.3996029Z -- Using Win32 for window creation
Build on ubuntu-latest for windows	Configure CMake	2026-01-31T22:10:13.4227593Z CMake Warning (dev) at /usr/local/share/cmake-3.31/Modules/FetchContent.cmake:1953 (message):
Build on ubuntu-latest for windows	Configure CMake	2026-01-31T22:10:13.4228640Z   Calling FetchContent_Populate(imgui_filedialog) is deprecated, call
Build on ubuntu-latest for windows	Configure CMake	2026-01-31T22:10:13.4229619Z   FetchContent_MakeAvailable(imgui_filedialog) instead.  Policy CMP0169 can
Build on ubuntu-latest for windows	Configure CMake	2026-01-31T22:10:13.4230528Z   be set to OLD to allow FetchContent_Populate(imgui_filedialog) to be called
Build on ubuntu-latest for windows	Configure CMake	2026-01-31T22:10:13.4231425Z   directly for now, but the ability to call it with declared details will be
Build on ubuntu-latest for windows	Configure CMake	2026-01-31T22:10:13.4232173Z   removed completely in a future version.
Build on ubuntu-latest for windows	Configure CMake	2026-01-31T22:10:13.4232659Z Call Stack (most recent call first):
Build on ubuntu-latest for windows	Configure CMake	2026-01-31T22:10:13.4233177Z   CMakeLists.txt:102 (FetchContent_Populate)
Build on ubuntu-latest for windows	Configure CMake	2026-01-31T22:10:13.4233820Z This warning is for project developers.  Use -Wno-dev to suppress it.
Build on ubuntu-latest for windows	Configure CMake	2026-01-31T22:10:13.4234291Z 
Build on ubuntu-latest for windows	Configure CMake	2026-01-31T22:10:14.3690716Z -- Found OpenGL: opengl32
Build on ubuntu-latest for windows	Configure CMake	2026-01-31T22:10:14.3697721Z -- Configuring done (40.2s)
Build on ubuntu-latest for windows	Configure CMake	2026-01-31T22:10:14.3981258Z CMake Warning:
Build on ubuntu-latest for windows	Configure CMake	2026-01-31T22:10:14.3981830Z   Manually-specified variables were not used by the project:
Build on ubuntu-latest for windows	Configure CMake	2026-01-31T22:10:14.3982354Z 
Build on ubuntu-latest for windows	Configure CMake	2026-01-31T22:10:14.3982493Z     BUILD_STATIC_WIN
Build on ubuntu-latest for windows	Configure CMake	2026-01-31T22:10:14.3982652Z 
Build on ubuntu-latest for windows	Configure CMake	2026-01-31T22:10:14.3982684Z 
Build on ubuntu-latest for windows	Configure CMake	2026-01-31T22:10:14.3982786Z -- Generating done (0.0s)
Build on ubuntu-latest for windows	Configure CMake	2026-01-31T22:10:14.3985761Z -- Build files have been written to: /home/runner/work/motor-curve-control/motor-curve-control/build-windows
Build on ubuntu-latest for windows	Configure CMake	2026-01-31T22:10:14.4155070Z ##[error]The operation was canceled.
Build on ubuntu-latest for windows	Post Checkout code	ï»¿2026-01-31T22:10:14.4252680Z Post job cleanup.
Build on ubuntu-latest for windows	Post Checkout code	2026-01-31T22:10:14.5195192Z [command]/usr/bin/git version
Build on ubuntu-latest for windows	Post Checkout code	2026-01-31T22:10:14.5230703Z git version 2.52.0
Build on ubuntu-latest for windows	Post Checkout code	2026-01-31T22:10:14.5275187Z Temporarily overriding HOME='/home/runner/work/_temp/c09ee6b3-bcc5-41c9-b0df-2cc10a283e7a' before making global git config changes
Build on ubuntu-latest for windows	Post Checkout code	2026-01-31T22:10:14.5276701Z Adding repository directory to the temporary git global config as a safe directory
Build on ubuntu-latest for windows	Post Checkout code	2026-01-31T22:10:14.5281976Z [command]/usr/bin/git config --global --add safe.directory /home/runner/work/motor-curve-control/motor-curve-control
Build on ubuntu-latest for windows	Post Checkout code	2026-01-31T22:10:14.5317493Z [command]/usr/bin/git config --local --name-only --get-regexp core\.sshCommand
Build on ubuntu-latest for windows	Post Checkout code	2026-01-31T22:10:14.5349718Z [command]/usr/bin/git submodule foreach --recursive sh -c "git config --local --name-only --get-regexp 'core\.sshCommand' && git config --local --unset-all 'core.sshCommand' || :"
Build on ubuntu-latest for windows	Post Checkout code	2026-01-31T22:10:14.5571982Z [command]/usr/bin/git config --local --name-only --get-regexp http\.https\:\/\/github\.com\/\.extraheader
Build on ubuntu-latest for windows	Post Checkout code	2026-01-31T22:10:14.5592415Z http.https://github.com/.extraheader
Build on ubuntu-latest for windows	Post Checkout code	2026-01-31T22:10:14.5605909Z [command]/usr/bin/git config --local --unset-all http.https://github.com/.extraheader
Build on ubuntu-latest for windows	Post Checkout code	2026-01-31T22:10:14.5636059Z [command]/usr/bin/git submodule foreach --recursive sh -c "git config --local --name-only --get-regexp 'http\.https\:\/\/github\.com\/\.extraheader' && git config --local --unset-all 'http.https://github.com/.extraheader' || :"
Build on ubuntu-latest for windows	Post Checkout code	2026-01-31T22:10:14.5852242Z [command]/usr/bin/git config --local --name-only --get-regexp ^includeIf\.gitdir:
Build on ubuntu-latest for windows	Post Checkout code	2026-01-31T22:10:14.5882068Z [command]/usr/bin/git submodule foreach --recursive git config --local --show-origin --name-only --get-regexp remote.origin.url
Build on ubuntu-latest for windows	Complete job	ï»¿2026-01-31T22:10:14.6220569Z Cleaning up orphan processes
Build on ubuntu-latest for linux	Set up job	ï»¿2026-01-31T22:09:04.1858540Z Current runner version: '2.331.0'
Build on ubuntu-latest for linux	Set up job	2026-01-31T22:09:04.1882064Z ##[group]Runner Image Provisioner
Build on ubuntu-latest for linux	Set up job	2026-01-31T22:09:04.1883073Z Hosted Compute Agent
Build on ubuntu-latest for linux	Set up job	2026-01-31T22:09:04.1883774Z Version: 20260123.484
Build on ubuntu-latest for linux	Set up job	2026-01-31T22:09:04.1884361Z Commit: 6bd6555ca37d84114959e1c76d2c01448ff61c5d
Build on ubuntu-latest for linux	Set up job	2026-01-31T22:09:04.1885052Z Build Date: 2026-01-23T19:41:17Z
Build on ubuntu-latest for linux	Set up job	2026-01-31T22:09:04.1885741Z Worker ID: {eb255e34-a960-4139-a4b6-43981a86b2ee}
Build on ubuntu-latest for linux	Set up job	2026-01-31T22:09:04.1886440Z Azure Region: westus
Build on ubuntu-latest for linux	Set up job	2026-01-31T22:09:04.1886971Z ##[endgroup]
Build on ubuntu-latest for linux	Set up job	2026-01-31T22:09:04.1888293Z ##[group]Operating System
Build on ubuntu-latest for linux	Set up job	2026-01-31T22:09:04.1888998Z Ubuntu
Build on ubuntu-latest for linux	Set up job	2026-01-31T22:09:04.1889427Z 24.04.3
Build on ubuntu-latest for linux	Set up job	2026-01-31T22:09:04.1889867Z LTS
Build on ubuntu-latest for linux	Set up job	2026-01-31T22:09:04.1890391Z ##[endgroup]
Build on ubuntu-latest for linux	Set up job	2026-01-31T22:09:04.1890882Z ##[group]Runner Image
Build on ubuntu-latest for linux	Set up job	2026-01-31T22:09:04.1891382Z Image: ubuntu-24.04
Build on ubuntu-latest for linux	Set up job	2026-01-31T22:09:04.1891935Z Version: 20260126.10.1
Build on ubuntu-latest for linux	Set up job	2026-01-31T22:09:04.1893282Z Included Software: https://github.com/actions/runner-images/blob/ubuntu24/20260126.10/images/ubuntu/Ubuntu2404-Readme.md
Build on ubuntu-latest for linux	Set up job	2026-01-31T22:09:04.1895023Z Image Release: https://github.com/actions/runner-images/releases/tag/ubuntu24%2F20260126.10
Build on ubuntu-latest for linux	Set up job	2026-01-31T22:09:04.1895879Z ##[endgroup]
Build on ubuntu-latest for linux	Set up job	2026-01-31T22:09:04.1896874Z ##[group]GITHUB_TOKEN Permissions
Build on ubuntu-latest for linux	Set up job	2026-01-31T22:09:04.1898650Z Contents: write
Build on ubuntu-latest for linux	Set up job	2026-01-31T22:09:04.1899260Z Metadata: read
Build on ubuntu-latest for linux	Set up job	2026-01-31T22:09:04.1899821Z ##[endgroup]
Build on ubuntu-latest for linux	Set up job	2026-01-31T22:09:04.1901884Z Secret source: Actions
Build on ubuntu-latest for linux	Set up job	2026-01-31T22:09:04.1902789Z Prepare workflow directory
Build on ubuntu-latest for linux	Set up job	2026-01-31T22:09:04.2223976Z Prepare all required actions
Build on ubuntu-latest for linux	Set up job	2026-01-31T22:09:04.2282551Z Getting action download info
Build on ubuntu-latest for linux	Set up job	2026-01-31T22:09:04.6386632Z Download action repository 'actions/checkout@v4' (SHA:34e114876b0b11c390a56381ad16ebd13914f8d5)
Build on ubuntu-latest for linux	Set up job	2026-01-31T22:09:05.0049372Z Download action repository 'actions/upload-artifact@v4' (SHA:ea165f8d65b6e75b540449e92b4886f43607fa02)
Build on ubuntu-latest for linux	Set up job	2026-01-31T22:09:05.2592967Z Complete job name: Build on ubuntu-latest for linux
Build on ubuntu-latest for linux	Checkout code	ï»¿2026-01-31T22:09:05.3287552Z ##[group]Run actions/checkout@v4
Build on ubuntu-latest for linux	Checkout code	2026-01-31T22:09:05.3288814Z with:
Build on ubuntu-latest for linux	Checkout code	2026-01-31T22:09:05.3289260Z   submodules: recursive
Build on ubuntu-latest for linux	Checkout code	2026-01-31T22:09:05.3290014Z   repository: oudeis01/motor-curve-control
Build on ubuntu-latest for linux	Checkout code	2026-01-31T22:09:05.3290947Z   token: ***
Build on ubuntu-latest for linux	Checkout code	2026-01-31T22:09:05.3291353Z   ssh-strict: true
Build on ubuntu-latest for linux	Checkout code	2026-01-31T22:09:05.3292001Z   ssh-user: git
Build on ubuntu-latest for linux	Checkout code	2026-01-31T22:09:05.3292725Z   persist-credentials: true
Build on ubuntu-latest for linux	Checkout code	2026-01-31T22:09:05.3293345Z   clean: true
Build on ubuntu-latest for linux	Checkout code	2026-01-31T22:09:05.3293851Z   sparse-checkout-cone-mode: true
Build on ubuntu-latest for linux	Checkout code	2026-01-31T22:09:05.3294375Z   fetch-depth: 1
Build on ubuntu-latest for linux	Checkout code	2026-01-31T22:09:05.3294781Z   fetch-tags: false
Build on ubuntu-latest for linux	Checkout code	2026-01-31T22:09:05.3295182Z   show-progress: true
Build on ubuntu-latest for linux	Checkout code	2026-01-31T22:09:05.3295580Z   lfs: false
Build on ubuntu-latest for linux	Checkout code	2026-01-31T22:09:05.3295978Z   set-safe-directory: true
Build on ubuntu-latest for linux	Checkout code	2026-01-31T22:09:05.3296739Z ##[endgroup]
Build on ubuntu-latest for linux	Checkout code	2026-01-31T22:09:05.4353478Z Syncing repository: oudeis01/motor-curve-control
Build on ubuntu-latest for linux	Checkout code	2026-01-31T22:09:05.4355331Z ##[group]Getting Git version info
Build on ubuntu-latest for linux	Checkout code	2026-01-31T22:09:05.4356131Z Working directory is '/home/runner/work/motor-curve-control/motor-curve-control'
Build on ubuntu-latest for linux	Checkout code	2026-01-31T22:09:05.4357235Z [command]/usr/bin/git version
Build on ubuntu-latest for linux	Checkout code	2026-01-31T22:09:05.5278532Z git version 2.52.0
Build on ubuntu-latest for linux	Checkout code	2026-01-31T22:09:05.5306214Z ##[endgroup]
Build on ubuntu-latest for linux	Checkout code	2026-01-31T22:09:05.5320366Z Temporarily overriding HOME='/home/runner/work/_temp/50e02cca-2450-44ba-9252-0b3964ce6c2b' before making global git config changes
Build on ubuntu-latest for linux	Checkout code	2026-01-31T22:09:05.5321762Z Adding repository directory to the temporary git global config as a safe directory
Build on ubuntu-latest for linux	Checkout code	2026-01-31T22:09:05.5333716Z [command]/usr/bin/git config --global --add safe.directory /home/runner/work/motor-curve-control/motor-curve-control
Build on ubuntu-latest for linux	Checkout code	2026-01-31T22:09:05.5417792Z Deleting the contents of '/home/runner/work/motor-curve-control/motor-curve-control'
Build on ubuntu-latest for linux	Checkout code	2026-01-31T22:09:05.5421486Z ##[group]Initializing the repository
Build on ubuntu-latest for linux	Checkout code	2026-01-31T22:09:05.5426712Z [command]/usr/bin/git init /home/runner/work/motor-curve-control/motor-curve-control
Build on ubuntu-latest for linux	Checkout code	2026-01-31T22:09:05.5924493Z hint: Using 'master' as the name for the initial branch. This default branch name
Build on ubuntu-latest for linux	Checkout code	2026-01-31T22:09:05.5926465Z hint: will change to "main" in Git 3.0. To configure the initial branch name
Build on ubuntu-latest for linux	Checkout code	2026-01-31T22:09:05.5928115Z hint: to use in all of your new repositories, which will suppress this warning,
Build on ubuntu-latest for linux	Checkout code	2026-01-31T22:09:05.5929142Z hint: call:
Build on ubuntu-latest for linux	Checkout code	2026-01-31T22:09:05.5929591Z hint:
Build on ubuntu-latest for linux	Checkout code	2026-01-31T22:09:05.5930127Z hint: 	git config --global init.defaultBranch <name>
Build on ubuntu-latest for linux	Checkout code	2026-01-31T22:09:05.5930820Z hint:
Build on ubuntu-latest for linux	Checkout code	2026-01-31T22:09:05.5931458Z hint: Names commonly chosen instead of 'master' are 'main', 'trunk' and
Build on ubuntu-latest for linux	Checkout code	2026-01-31T22:09:05.5932848Z hint: 'development'. The just-created branch can be renamed via this command:
Build on ubuntu-latest for linux	Checkout code	2026-01-31T22:09:05.5933705Z hint:
Build on ubuntu-latest for linux	Checkout code	2026-01-31T22:09:05.5934146Z hint: 	git branch -m <name>
Build on ubuntu-latest for linux	Checkout code	2026-01-31T22:09:05.5934658Z hint:
Build on ubuntu-latest for linux	Checkout code	2026-01-31T22:09:05.5935363Z hint: Disable this message with "git config set advice.defaultBranchName false"
Build on ubuntu-latest for linux	Checkout code	2026-01-31T22:09:05.5971363Z Initialized empty Git repository in /home/runner/work/motor-curve-control/motor-curve-control/.git/
Build on ubuntu-latest for linux	Checkout code	2026-01-31T22:09:05.5984111Z [command]/usr/bin/git remote add origin https://github.com/oudeis01/motor-curve-control
Build on ubuntu-latest for linux	Checkout code	2026-01-31T22:09:05.6057751Z ##[endgroup]
Build on ubuntu-latest for linux	Checkout code	2026-01-31T22:09:05.6059083Z ##[group]Disabling automatic garbage collection
Build on ubuntu-latest for linux	Checkout code	2026-01-31T22:09:05.6062973Z [command]/usr/bin/git config --local gc.auto 0
Build on ubuntu-latest for linux	Checkout code	2026-01-31T22:09:05.6092000Z ##[endgroup]
Build on ubuntu-latest for linux	Checkout code	2026-01-31T22:09:05.6093417Z ##[group]Setting up auth
Build on ubuntu-latest for linux	Checkout code	2026-01-31T22:09:05.6099645Z [command]/usr/bin/git config --local --name-only --get-regexp core\.sshCommand
Build on ubuntu-latest for linux	Checkout code	2026-01-31T22:09:05.6130843Z [command]/usr/bin/git submodule foreach --recursive sh -c "git config --local --name-only --get-regexp 'core\.sshCommand' && git config --local --unset-all 'core.sshCommand' || :"
Build on ubuntu-latest for linux	Checkout code	2026-01-31T22:09:05.7629994Z [command]/usr/bin/git config --local --name-only --get-regexp http\.https\:\/\/github\.com\/\.extraheader
Build on ubuntu-latest for linux	Checkout code	2026-01-31T22:09:05.7662071Z [command]/usr/bin/git submodule foreach --recursive sh -c "git config --local --name-only --get-regexp 'http\.https\:\/\/github\.com\/\.extraheader' && git config --local --unset-all 'http.https://github.com/.extraheader' || :"
Build on ubuntu-latest for linux	Checkout code	2026-01-31T22:09:05.7884383Z [command]/usr/bin/git config --local --name-only --get-regexp ^includeIf\.gitdir:
Build on ubuntu-latest for linux	Checkout code	2026-01-31T22:09:05.7915811Z [command]/usr/bin/git submodule foreach --recursive git config --local --show-origin --name-only --get-regexp remote.origin.url
Build on ubuntu-latest for linux	Checkout code	2026-01-31T22:09:05.8165395Z [command]/usr/bin/git config --local http.https://github.com/.extraheader AUTHORIZATION: basic ***
Build on ubuntu-latest for linux	Checkout code	2026-01-31T22:09:05.8198292Z ##[endgroup]
Build on ubuntu-latest for linux	Checkout code	2026-01-31T22:09:05.8199473Z ##[group]Fetching the repository
Build on ubuntu-latest for linux	Checkout code	2026-01-31T22:09:05.8207330Z [command]/usr/bin/git -c protocol.version=2 fetch --no-tags --prune --no-recurse-submodules --depth=1 origin +a7d89c2e729311321eecdaf652a7ba8ce6028975:refs/tags/v1.0.3
Build on ubuntu-latest for linux	Checkout code	2026-01-31T22:09:06.3784886Z From https://github.com/oudeis01/motor-curve-control
Build on ubuntu-latest for linux	Checkout code	2026-01-31T22:09:06.3786061Z  * [new ref]         a7d89c2e729311321eecdaf652a7ba8ce6028975 -> v1.0.3
Build on ubuntu-latest for linux	Checkout code	2026-01-31T22:09:06.3861206Z ##[endgroup]
Build on ubuntu-latest for linux	Checkout code	2026-01-31T22:09:06.3862102Z ##[group]Determining the checkout info
Build on ubuntu-latest for linux	Checkout code	2026-01-31T22:09:06.3863919Z ##[endgroup]
Build on ubuntu-latest for linux	Checkout code	2026-01-31T22:09:06.3868670Z [command]/usr/bin/git sparse-checkout disable
Build on ubuntu-latest for linux	Checkout code	2026-01-31T22:09:06.3971940Z [command]/usr/bin/git config --local --unset-all extensions.worktreeConfig
Build on ubuntu-latest for linux	Checkout code	2026-01-31T22:09:06.3996908Z ##[group]Checking out the ref
Build on ubuntu-latest for linux	Checkout code	2026-01-31T22:09:06.4000414Z [command]/usr/bin/git checkout --progress --force refs/tags/v1.0.3
Build on ubuntu-latest for linux	Checkout code	2026-01-31T22:09:06.9366647Z Note: switching to 'refs/tags/v1.0.3'.
Build on ubuntu-latest for linux	Checkout code	2026-01-31T22:09:06.9367777Z 
Build on ubuntu-latest for linux	Checkout code	2026-01-31T22:09:06.9368454Z You are in 'detached HEAD' state. You can look around, make experimental
Build on ubuntu-latest for linux	Checkout code	2026-01-31T22:09:06.9369442Z changes and commit them, and you can discard any commits you make in this
Build on ubuntu-latest for linux	Checkout code	2026-01-31T22:09:06.9370344Z state without impacting any branches by switching back to a branch.
Build on ubuntu-latest for linux	Checkout code	2026-01-31T22:09:06.9370884Z 
Build on ubuntu-latest for linux	Checkout code	2026-01-31T22:09:06.9371317Z If you want to create a new branch to retain commits you create, you may
Build on ubuntu-latest for linux	Checkout code	2026-01-31T22:09:06.9372420Z do so (now or later) by using -c with the switch command. Example:
Build on ubuntu-latest for linux	Checkout code	2026-01-31T22:09:06.9372984Z 
Build on ubuntu-latest for linux	Checkout code	2026-01-31T22:09:06.9373248Z   git switch -c <new-branch-name>
Build on ubuntu-latest for linux	Checkout code	2026-01-31T22:09:06.9373591Z 
Build on ubuntu-latest for linux	Checkout code	2026-01-31T22:09:06.9374108Z Or undo this operation with:
Build on ubuntu-latest for linux	Checkout code	2026-01-31T22:09:06.9374430Z 
Build on ubuntu-latest for linux	Checkout code	2026-01-31T22:09:06.9374599Z   git switch -
Build on ubuntu-latest for linux	Checkout code	2026-01-31T22:09:06.9374870Z 
Build on ubuntu-latest for linux	Checkout code	2026-01-31T22:09:06.9375325Z Turn off this advice by setting config variable advice.detachedHead to false
Build on ubuntu-latest for linux	Checkout code	2026-01-31T22:09:06.9375896Z 
Build on ubuntu-latest for linux	Checkout code	2026-01-31T22:09:06.9376318Z HEAD is now at a7d89c2 fix: revert to manual imgui_filedialog population to avoid target conflicts
Build on ubuntu-latest for linux	Checkout code	2026-01-31T22:09:06.9697970Z ##[endgroup]
Build on ubuntu-latest for linux	Checkout code	2026-01-31T22:09:06.9698870Z ##[group]Setting up auth for fetching submodules
Build on ubuntu-latest for linux	Checkout code	2026-01-31T22:09:06.9704463Z [command]/usr/bin/git config --global http.https://github.com/.extraheader AUTHORIZATION: basic ***
Build on ubuntu-latest for linux	Checkout code	2026-01-31T22:09:06.9739498Z [command]/usr/bin/git config --global --unset-all url.https://github.com/.insteadOf
Build on ubuntu-latest for linux	Checkout code	2026-01-31T22:09:06.9766520Z [command]/usr/bin/git config --global --add url.https://github.com/.insteadOf git@github.com:
Build on ubuntu-latest for linux	Checkout code	2026-01-31T22:09:06.9793974Z [command]/usr/bin/git config --global --add url.https://github.com/.insteadOf org-181175220@github.com:
Build on ubuntu-latest for linux	Checkout code	2026-01-31T22:09:06.9819559Z ##[endgroup]
Build on ubuntu-latest for linux	Checkout code	2026-01-31T22:09:06.9820270Z ##[group]Fetching submodules
Build on ubuntu-latest for linux	Checkout code	2026-01-31T22:09:06.9824552Z [command]/usr/bin/git submodule sync --recursive
Build on ubuntu-latest for linux	Checkout code	2026-01-31T22:09:07.0042427Z [command]/usr/bin/git -c protocol.version=2 submodule update --init --force --depth=1 --recursive
Build on ubuntu-latest for linux	Checkout code	2026-01-31T22:09:07.0257766Z [command]/usr/bin/git submodule foreach --recursive git config --local gc.auto 0
Build on ubuntu-latest for linux	Checkout code	2026-01-31T22:09:07.0467843Z ##[endgroup]
Build on ubuntu-latest for linux	Checkout code	2026-01-31T22:09:07.0468427Z ##[group]Persisting credentials for submodules
Build on ubuntu-latest for linux	Checkout code	2026-01-31T22:09:07.0474186Z [command]/usr/bin/git submodule foreach --recursive sh -c "git config --local --name-only --get-regexp 'url\.https\:\/\/github\.com\/\.insteadOf' && git config --local --unset-all 'url.https://github.com/.insteadOf' || :"
Build on ubuntu-latest for linux	Checkout code	2026-01-31T22:09:07.0689866Z [command]/usr/bin/git submodule foreach --recursive sh -c "git config --local 'http.https://github.com/.extraheader' 'AUTHORIZATION: basic ***' && git config --local --show-origin --name-only --get-regexp remote.origin.url"
Build on ubuntu-latest for linux	Checkout code	2026-01-31T22:09:07.0906115Z [command]/usr/bin/git submodule foreach --recursive git config --local --add 'url.https://github.com/.insteadOf' 'git@github.com:'
Build on ubuntu-latest for linux	Checkout code	2026-01-31T22:09:07.1124183Z [command]/usr/bin/git submodule foreach --recursive git config --local --add 'url.https://github.com/.insteadOf' 'org-181175220@github.com:'
Build on ubuntu-latest for linux	Checkout code	2026-01-31T22:09:07.1336141Z ##[endgroup]
Build on ubuntu-latest for linux	Checkout code	2026-01-31T22:09:07.1370373Z [command]/usr/bin/git log -1 --format=%H
Build on ubuntu-latest for linux	Checkout code	2026-01-31T22:09:07.1391410Z a7d89c2e729311321eecdaf652a7ba8ce6028975
Build on ubuntu-latest for linux	Install Dependencies (Linux)	ï»¿2026-01-31T22:09:07.1587855Z ##[group]Run sudo apt-get update
Build on ubuntu-latest for linux	Install Dependencies (Linux)	2026-01-31T22:09:07.1588267Z [36;1msudo apt-get update[0m
Build on ubuntu-latest for linux	Install Dependencies (Linux)	2026-01-31T22:09:07.1589016Z [36;1msudo apt-get install -y libglfw3-dev libglew-dev libglu1-mesa-dev mesa-common-dev libx11-dev libxrandr-dev libxinerama-dev libxcursor-dev libxi-dev[0m
Build on ubuntu-latest for linux	Install Dependencies (Linux)	2026-01-31T22:09:07.1625315Z shell: /usr/bin/bash -e {0}
Build on ubuntu-latest for linux	Install Dependencies (Linux)	2026-01-31T22:09:07.1625639Z ##[endgroup]
Build on ubuntu-latest for linux	Install Dependencies (Linux)	2026-01-31T22:09:07.2728389Z Get:1 file:/etc/apt/apt-mirrors.txt Mirrorlist [144 B]
Build on ubuntu-latest for linux	Install Dependencies (Linux)	2026-01-31T22:09:07.3055977Z Hit:6 https://packages.microsoft.com/repos/azure-cli noble InRelease
Build on ubuntu-latest for linux	Install Dependencies (Linux)	2026-01-31T22:09:07.3063481Z Hit:2 http://azure.archive.ubuntu.com/ubuntu noble InRelease
Build on ubuntu-latest for linux	Install Dependencies (Linux)	2026-01-31T22:09:07.3064971Z Get:7 https://packages.microsoft.com/ubuntu/24.04/prod noble InRelease [3600 B]
Build on ubuntu-latest for linux	Install Dependencies (Linux)	2026-01-31T22:09:07.3078493Z Get:3 http://azure.archive.ubuntu.com/ubuntu noble-updates InRelease [126 kB]
Build on ubuntu-latest for linux	Install Dependencies (Linux)	2026-01-31T22:09:07.3111224Z Get:4 http://azure.archive.ubuntu.com/ubuntu noble-backports InRelease [126 kB]
Build on ubuntu-latest for linux	Install Dependencies (Linux)	2026-01-31T22:09:07.3131442Z Get:5 http://azure.archive.ubuntu.com/ubuntu noble-security InRelease [126 kB]
Build on ubuntu-latest for linux	Install Dependencies (Linux)	2026-01-31T22:09:07.5143053Z Get:8 https://packages.microsoft.com/ubuntu/24.04/prod noble/main arm64 Packages [67.6 kB]
Build on ubuntu-latest for linux	Install Dependencies (Linux)	2026-01-31T22:09:07.5297328Z Get:9 https://packages.microsoft.com/ubuntu/24.04/prod noble/main amd64 Packages [87.8 kB]
Build on ubuntu-latest for linux	Install Dependencies (Linux)	2026-01-31T22:09:07.5630567Z Get:10 http://azure.archive.ubuntu.com/ubuntu noble-updates/main amd64 Packages [1717 kB]
Build on ubuntu-latest for linux	Install Dependencies (Linux)	2026-01-31T22:09:07.5721577Z Get:11 http://azure.archive.ubuntu.com/ubuntu noble-updates/main Translation-en [317 kB]
Build on ubuntu-latest for linux	Install Dependencies (Linux)	2026-01-31T22:09:07.5746352Z Get:12 http://azure.archive.ubuntu.com/ubuntu noble-updates/main amd64 Components [175 kB]
Build on ubuntu-latest for linux	Install Dependencies (Linux)	2026-01-31T22:09:07.5763890Z Get:13 http://azure.archive.ubuntu.com/ubuntu noble-updates/main amd64 c-n-f Metadata [16.0 kB]
Build on ubuntu-latest for linux	Install Dependencies (Linux)	2026-01-31T22:09:07.5775856Z Get:14 http://azure.archive.ubuntu.com/ubuntu noble-updates/universe amd64 Packages [1525 kB]
Build on ubuntu-latest for linux	Install Dependencies (Linux)	2026-01-31T22:09:07.5862088Z Get:15 http://azure.archive.ubuntu.com/ubuntu noble-updates/universe Translation-en [312 kB]
Build on ubuntu-latest for linux	Install Dependencies (Linux)	2026-01-31T22:09:07.5885500Z Get:16 http://azure.archive.ubuntu.com/ubuntu noble-updates/universe amd64 Components [386 kB]
Build on ubuntu-latest for linux	Install Dependencies (Linux)	2026-01-31T22:09:07.5915509Z Get:17 http://azure.archive.ubuntu.com/ubuntu noble-updates/universe amd64 c-n-f Metadata [31.8 kB]
Build on ubuntu-latest for linux	Install Dependencies (Linux)	2026-01-31T22:09:07.5929796Z Get:18 http://azure.archive.ubuntu.com/ubuntu noble-updates/restricted amd64 Packages [2536 kB]
Build on ubuntu-latest for linux	Install Dependencies (Linux)	2026-01-31T22:09:07.6053433Z Get:19 http://azure.archive.ubuntu.com/ubuntu noble-updates/restricted Translation-en [580 kB]
Build on ubuntu-latest for linux	Install Dependencies (Linux)	2026-01-31T22:09:07.6541930Z Get:20 http://azure.archive.ubuntu.com/ubuntu noble-updates/restricted amd64 Components [212 B]
Build on ubuntu-latest for linux	Install Dependencies (Linux)	2026-01-31T22:09:07.6553278Z Get:21 http://azure.archive.ubuntu.com/ubuntu noble-updates/restricted amd64 c-n-f Metadata [556 B]
Build on ubuntu-latest for linux	Install Dependencies (Linux)	2026-01-31T22:09:07.6561539Z Get:22 http://azure.archive.ubuntu.com/ubuntu noble-updates/multiverse amd64 Packages [32.1 kB]
Build on ubuntu-latest for linux	Install Dependencies (Linux)	2026-01-31T22:09:07.6587679Z Get:23 http://azure.archive.ubuntu.com/ubuntu noble-updates/multiverse Translation-en [6816 B]
Build on ubuntu-latest for linux	Install Dependencies (Linux)	2026-01-31T22:09:07.6598079Z Get:24 http://azure.archive.ubuntu.com/ubuntu noble-updates/multiverse amd64 Components [940 B]
Build on ubuntu-latest for linux	Install Dependencies (Linux)	2026-01-31T22:09:07.6607718Z Get:25 http://azure.archive.ubuntu.com/ubuntu noble-updates/multiverse amd64 c-n-f Metadata [496 B]
Build on ubuntu-latest for linux	Install Dependencies (Linux)	2026-01-31T22:09:07.6619512Z Get:26 http://azure.archive.ubuntu.com/ubuntu noble-backports/main amd64 Components [7300 B]
Build on ubuntu-latest for linux	Install Dependencies (Linux)	2026-01-31T22:09:07.6627451Z Get:27 http://azure.archive.ubuntu.com/ubuntu noble-backports/universe amd64 Components [10.5 kB]
Build on ubuntu-latest for linux	Install Dependencies (Linux)	2026-01-31T22:09:07.6638484Z Get:28 http://azure.archive.ubuntu.com/ubuntu noble-backports/restricted amd64 Components [216 B]
Build on ubuntu-latest for linux	Install Dependencies (Linux)	2026-01-31T22:09:07.6655947Z Get:29 http://azure.archive.ubuntu.com/ubuntu noble-backports/multiverse amd64 Components [212 B]
Build on ubuntu-latest for linux	Install Dependencies (Linux)	2026-01-31T22:09:07.6775346Z Get:30 http://azure.archive.ubuntu.com/ubuntu noble-security/main amd64 Packages [1410 kB]
Build on ubuntu-latest for linux	Install Dependencies (Linux)	2026-01-31T22:09:07.6858614Z Get:31 http://azure.archive.ubuntu.com/ubuntu noble-security/main Translation-en [229 kB]
Build on ubuntu-latest for linux	Install Dependencies (Linux)	2026-01-31T22:09:07.6874982Z Get:32 http://azure.archive.ubuntu.com/ubuntu noble-security/main amd64 Components [21.5 kB]
Build on ubuntu-latest for linux	Install Dependencies (Linux)	2026-01-31T22:09:07.6884123Z Get:33 http://azure.archive.ubuntu.com/ubuntu noble-security/main amd64 c-n-f Metadata [9820 B]
Build on ubuntu-latest for linux	Install Dependencies (Linux)	2026-01-31T22:09:07.7308406Z Get:34 http://azure.archive.ubuntu.com/ubuntu noble-security/universe amd64 Packages [925 kB]
Build on ubuntu-latest for linux	Install Dependencies (Linux)	2026-01-31T22:09:07.7358830Z Get:35 http://azure.archive.ubuntu.com/ubuntu noble-security/universe Translation-en [209 kB]
Build on ubuntu-latest for linux	Install Dependencies (Linux)	2026-01-31T22:09:07.7376374Z Get:36 http://azure.archive.ubuntu.com/ubuntu noble-security/universe amd64 Components [74.2 kB]
Build on ubuntu-latest for linux	Install Dependencies (Linux)	2026-01-31T22:09:07.7391390Z Get:37 http://azure.archive.ubuntu.com/ubuntu noble-security/universe amd64 c-n-f Metadata [19.7 kB]
Build on ubuntu-latest for linux	Install Dependencies (Linux)	2026-01-31T22:09:07.7403956Z Get:38 http://azure.archive.ubuntu.com/ubuntu noble-security/restricted amd64 Packages [2369 kB]
Build on ubuntu-latest for linux	Install Dependencies (Linux)	2026-01-31T22:09:07.7518372Z Get:39 http://azure.archive.ubuntu.com/ubuntu noble-security/restricted Translation-en [543 kB]
Build on ubuntu-latest for linux	Install Dependencies (Linux)	2026-01-31T22:09:07.7552036Z Get:40 http://azure.archive.ubuntu.com/ubuntu noble-security/restricted amd64 Components [208 B]
Build on ubuntu-latest for linux	Install Dependencies (Linux)	2026-01-31T22:09:07.7560299Z Get:41 http://azure.archive.ubuntu.com/ubuntu noble-security/restricted amd64 c-n-f Metadata [536 B]
Build on ubuntu-latest for linux	Install Dependencies (Linux)	2026-01-31T22:09:07.7569680Z Get:42 http://azure.archive.ubuntu.com/ubuntu noble-security/multiverse amd64 Packages [28.8 kB]
Build on ubuntu-latest for linux	Install Dependencies (Linux)	2026-01-31T22:09:07.7579635Z Get:43 http://azure.archive.ubuntu.com/ubuntu noble-security/multiverse Translation-en [6492 B]
Build on ubuntu-latest for linux	Install Dependencies (Linux)	2026-01-31T22:09:07.7587889Z Get:44 http://azure.archive.ubuntu.com/ubuntu noble-security/multiverse amd64 Components [212 B]
Build on ubuntu-latest for linux	Install Dependencies (Linux)	2026-01-31T22:09:07.7596069Z Get:45 http://azure.archive.ubuntu.com/ubuntu noble-security/multiverse amd64 c-n-f Metadata [396 B]
Build on ubuntu-latest for linux	Install Dependencies (Linux)	2026-01-31T22:09:16.7670429Z Fetched 14.0 MB in 2s (8231 kB/s)
Build on ubuntu-latest for linux	Install Dependencies (Linux)	2026-01-31T22:09:17.5258845Z Reading package lists...
Build on ubuntu-latest for linux	Install Dependencies (Linux)	2026-01-31T22:09:17.5584554Z Reading package lists...
Build on ubuntu-latest for linux	Install Dependencies (Linux)	2026-01-31T22:09:17.7298985Z Building dependency tree...
Build on ubuntu-latest for linux	Install Dependencies (Linux)	2026-01-31T22:09:17.7307001Z Reading state information...
Build on ubuntu-latest for linux	Install Dependencies (Linux)	2026-01-31T22:09:17.8818523Z The following additional packages will be installed:
Build on ubuntu-latest for linux	Install Dependencies (Linux)	2026-01-31T22:09:17.8819506Z   libdrm-amdgpu1 libdrm-common libdrm-dev libdrm-intel1 libdrm-nouveau2
Build on ubuntu-latest for linux	Install Dependencies (Linux)	2026-01-31T22:09:17.8820394Z   libdrm-radeon1 libdrm2 libegl-dev libegl-mesa0 libegl1 libegl1-mesa-dev
Build on ubuntu-latest for linux	Install Dependencies (Linux)	2026-01-31T22:09:17.8821642Z   libgbm1 libgl-dev libgl1-mesa-dri libgles-dev libgles1 libgles2 libglew2.2
Build on ubuntu-latest for linux	Install Dependencies (Linux)	2026-01-31T22:09:17.8822807Z   libglfw3 libglu1-mesa libglvnd-core-dev libglvnd-dev libglx-dev libglx-mesa0
Build on ubuntu-latest for linux	Install Dependencies (Linux)	2026-01-31T22:09:17.8823648Z   libopengl-dev libopengl0 libpciaccess-dev libpthread-stubs0-dev
Build on ubuntu-latest for linux	Install Dependencies (Linux)	2026-01-31T22:09:17.8824419Z   libvulkan-dev libwayland-bin libwayland-dev libxau-dev libxcb1-dev
Build on ubuntu-latest for linux	Install Dependencies (Linux)	2026-01-31T22:09:17.8826599Z   libxdmcp-dev libxext-dev libxfixes-dev libxrender-dev mesa-libgallium
Build on ubuntu-latest for linux	Install Dependencies (Linux)	2026-01-31T22:09:17.8827512Z   x11proto-dev xorg-sgml-doctools xtrans-dev
Build on ubuntu-latest for linux	Install Dependencies (Linux)	2026-01-31T22:09:17.8830869Z Suggested packages:
Build on ubuntu-latest for linux	Install Dependencies (Linux)	2026-01-31T22:09:17.8831458Z   glew-utils libosmesa6 libglfw3-doc libwayland-doc libx11-doc libxcb-doc
Build on ubuntu-latest for linux	Install Dependencies (Linux)	2026-01-31T22:09:17.8832363Z   libxext-doc
Build on ubuntu-latest for linux	Install Dependencies (Linux)	2026-01-31T22:09:17.9394178Z The following NEW packages will be installed:
Build on ubuntu-latest for linux	Install Dependencies (Linux)	2026-01-31T22:09:17.9395088Z   libdrm-dev libdrm-nouveau2 libdrm-radeon1 libegl-dev libegl-mesa0 libegl1
Build on ubuntu-latest for linux	Install Dependencies (Linux)	2026-01-31T22:09:17.9396107Z   libegl1-mesa-dev libgl-dev libgles-dev libgles1 libgles2 libglew-dev
Build on ubuntu-latest for linux	Install Dependencies (Linux)	2026-01-31T22:09:17.9397138Z   libglew2.2 libglfw3 libglfw3-dev libglu1-mesa libglu1-mesa-dev
Build on ubuntu-latest for linux	Install Dependencies (Linux)	2026-01-31T22:09:17.9398162Z   libglvnd-core-dev libglvnd-dev libglx-dev libopengl-dev libopengl0
Build on ubuntu-latest for linux	Install Dependencies (Linux)	2026-01-31T22:09:17.9399329Z   libpciaccess-dev libpthread-stubs0-dev libvulkan-dev libwayland-bin
Build on ubuntu-latest for linux	Install Dependencies (Linux)	2026-01-31T22:09:17.9400463Z   libwayland-dev libx11-dev libxau-dev libxcb1-dev libxcursor-dev libxdmcp-dev
Build on ubuntu-latest for linux	Install Dependencies (Linux)	2026-01-31T22:09:17.9401582Z   libxext-dev libxfixes-dev libxi-dev libxinerama-dev libxrandr-dev
Build on ubuntu-latest for linux	Install Dependencies (Linux)	2026-01-31T22:09:17.9402739Z   libxrender-dev mesa-common-dev x11proto-dev xorg-sgml-doctools xtrans-dev
Build on ubuntu-latest for linux	Install Dependencies (Linux)	2026-01-31T22:09:17.9404528Z The following packages will be upgraded:
Build on ubuntu-latest for linux	Install Dependencies (Linux)	2026-01-31T22:09:17.9405883Z   libdrm-amdgpu1 libdrm-common libdrm-intel1 libdrm2 libgbm1 libgl1-mesa-dri
Build on ubuntu-latest for linux	Install Dependencies (Linux)	2026-01-31T22:09:17.9410386Z   libglx-mesa0 mesa-libgallium
Build on ubuntu-latest for linux	Install Dependencies (Linux)	2026-01-31T22:09:17.9586811Z 8 upgraded, 42 newly installed, 0 to remove and 78 not upgraded.
Build on ubuntu-latest for linux	Install Dependencies (Linux)	2026-01-31T22:09:17.9587432Z Need to get 19.3 MB of archives.
Build on ubuntu-latest for linux	Install Dependencies (Linux)	2026-01-31T22:09:17.9587782Z After this operation, 50.4 MB of additional disk space will be used.
Build on ubuntu-latest for linux	Install Dependencies (Linux)	2026-01-31T22:09:17.9588202Z Get:1 file:/etc/apt/apt-mirrors.txt Mirrorlist [144 B]
Build on ubuntu-latest for linux	Install Dependencies (Linux)	2026-01-31T22:09:18.0413563Z Get:2 http://azure.archive.ubuntu.com/ubuntu noble-updates/main amd64 libdrm-common all 2.4.125-1ubuntu0.1~24.04.1 [9174 B]
Build on ubuntu-latest for linux	Install Dependencies (Linux)	2026-01-31T22:09:18.1070523Z Get:3 http://azure.archive.ubuntu.com/ubuntu noble-updates/main amd64 libdrm2 amd64 2.4.125-1ubuntu0.1~24.04.1 [41.3 kB]
Build on ubuntu-latest for linux	Install Dependencies (Linux)	2026-01-31T22:09:18.1726995Z Get:4 http://azure.archive.ubuntu.com/ubuntu noble-updates/main amd64 libdrm-amdgpu1 amd64 2.4.125-1ubuntu0.1~24.04.1 [21.4 kB]
Build on ubuntu-latest for linux	Install Dependencies (Linux)	2026-01-31T22:09:18.2381786Z Get:5 http://azure.archive.ubuntu.com/ubuntu noble-updates/main amd64 libdrm-intel1 amd64 2.4.125-1ubuntu0.1~24.04.1 [63.8 kB]
Build on ubuntu-latest for linux	Install Dependencies (Linux)	2026-01-31T22:09:18.3032757Z Get:6 http://azure.archive.ubuntu.com/ubuntu noble-updates/main amd64 libdrm-radeon1 amd64 2.4.125-1ubuntu0.1~24.04.1 [20.8 kB]
Build on ubuntu-latest for linux	Install Dependencies (Linux)	2026-01-31T22:09:18.3688697Z Get:7 http://azure.archive.ubuntu.com/ubuntu noble-updates/main amd64 libdrm-nouveau2 amd64 2.4.125-1ubuntu0.1~24.04.1 [17.7 kB]
Build on ubuntu-latest for linux	Install Dependencies (Linux)	2026-01-31T22:09:18.4338469Z Get:8 http://azure.archive.ubuntu.com/ubuntu noble-updates/main amd64 libpciaccess-dev amd64 0.17-3ubuntu0.24.04.2 [22.0 kB]
Build on ubuntu-latest for linux	Install Dependencies (Linux)	2026-01-31T22:09:18.4990019Z Get:9 http://azure.archive.ubuntu.com/ubuntu noble-updates/main amd64 libdrm-dev amd64 2.4.125-1ubuntu0.1~24.04.1 [314 kB]
Build on ubuntu-latest for linux	Install Dependencies (Linux)	2026-01-31T22:09:18.5689884Z Get:10 http://azure.archive.ubuntu.com/ubuntu noble-updates/main amd64 libgl1-mesa-dri amd64 25.2.8-0ubuntu0.24.04.1 [37.9 kB]
Build on ubuntu-latest for linux	Install Dependencies (Linux)	2026-01-31T22:09:18.6464018Z Get:11 http://azure.archive.ubuntu.com/ubuntu noble-updates/main amd64 libglx-mesa0 amd64 25.2.8-0ubuntu0.24.04.1 [110 kB]
Build on ubuntu-latest for linux	Install Dependencies (Linux)	2026-01-31T22:09:18.7148222Z Get:12 http://azure.archive.ubuntu.com/ubuntu noble-updates/main amd64 libgbm1 amd64 25.2.8-0ubuntu0.24.04.1 [34.2 kB]
Build on ubuntu-latest for linux	Install Dependencies (Linux)	2026-01-31T22:09:18.7809816Z Get:13 http://azure.archive.ubuntu.com/ubuntu noble-updates/main amd64 mesa-libgallium amd64 25.2.8-0ubuntu0.24.04.1 [10.8 MB]
Build on ubuntu-latest for linux	Install Dependencies (Linux)	2026-01-31T22:09:19.0635739Z Get:14 http://azure.archive.ubuntu.com/ubuntu noble-updates/main amd64 libegl-mesa0 amd64 25.2.8-0ubuntu0.24.04.1 [117 kB]
Build on ubuntu-latest for linux	Install Dependencies (Linux)	2026-01-31T22:09:19.1295261Z Get:15 http://azure.archive.ubuntu.com/ubuntu noble/main amd64 libegl1 amd64 1.7.0-1build1 [28.7 kB]
Build on ubuntu-latest for linux	Install Dependencies (Linux)	2026-01-31T22:09:19.1948082Z Get:16 http://azure.archive.ubuntu.com/ubuntu noble/main amd64 xorg-sgml-doctools all 1:1.11-1.1 [10.9 kB]
Build on ubuntu-latest for linux	Install Dependencies (Linux)	2026-01-31T22:09:19.2597611Z Get:17 http://azure.archive.ubuntu.com/ubuntu noble/main amd64 x11proto-dev all 2023.2-1 [602 kB]
Build on ubuntu-latest for linux	Install Dependencies (Linux)	2026-01-31T22:09:19.3425401Z Get:18 http://azure.archive.ubuntu.com/ubuntu noble/main amd64 libxau-dev amd64 1:1.0.9-1build6 [9570 B]
Build on ubuntu-latest for linux	Install Dependencies (Linux)	2026-01-31T22:09:19.4076308Z Get:19 http://azure.archive.ubuntu.com/ubuntu noble/main amd64 libxdmcp-dev amd64 1:1.1.3-0ubuntu6 [26.5 kB]
Build on ubuntu-latest for linux	Install Dependencies (Linux)	2026-01-31T22:09:19.4735382Z Get:20 http://azure.archive.ubuntu.com/ubuntu noble/main amd64 xtrans-dev all 1.4.0-1 [68.9 kB]
Build on ubuntu-latest for linux	Install Dependencies (Linux)	2026-01-31T22:09:19.5394900Z Get:21 http://azure.archive.ubuntu.com/ubuntu noble/main amd64 libpthread-stubs0-dev amd64 0.4-1build3 [4746 B]
Build on ubuntu-latest for linux	Install Dependencies (Linux)	2026-01-31T22:09:19.6048945Z Get:22 http://azure.archive.ubuntu.com/ubuntu noble/main amd64 libxcb1-dev amd64 1.15-1ubuntu2 [85.8 kB]
Build on ubuntu-latest for linux	Install Dependencies (Linux)	2026-01-31T22:09:19.6716027Z Get:23 http://azure.archive.ubuntu.com/ubuntu noble/main amd64 libx11-dev amd64 2:1.8.7-1build1 [732 kB]
Build on ubuntu-latest for linux	Install Dependencies (Linux)	2026-01-31T22:09:19.7500570Z Get:24 http://azure.archive.ubuntu.com/ubuntu noble/main amd64 libglx-dev amd64 1.7.0-1build1 [14.2 kB]
Build on ubuntu-latest for linux	Install Dependencies (Linux)	2026-01-31T22:09:19.8146085Z Get:25 http://azure.archive.ubuntu.com/ubuntu noble/main amd64 libgl-dev amd64 1.7.0-1build1 [102 kB]
Build on ubuntu-latest for linux	Install Dependencies (Linux)	2026-01-31T22:09:19.8802819Z Get:26 http://azure.archive.ubuntu.com/ubuntu noble/main amd64 libegl-dev amd64 1.7.0-1build1 [18.2 kB]
Build on ubuntu-latest for linux	Install Dependencies (Linux)	2026-01-31T22:09:19.9455224Z Get:27 http://azure.archive.ubuntu.com/ubuntu noble/main amd64 libglvnd-core-dev amd64 1.7.0-1build1 [13.6 kB]
Build on ubuntu-latest for linux	Install Dependencies (Linux)	2026-01-31T22:09:20.0102750Z Get:28 http://azure.archive.ubuntu.com/ubuntu noble/main amd64 libgles1 amd64 1.7.0-1build1 [11.6 kB]
Build on ubuntu-latest for linux	Install Dependencies (Linux)	2026-01-31T22:09:20.0749645Z Get:29 http://azure.archive.ubuntu.com/ubuntu noble/main amd64 libgles2 amd64 1.7.0-1build1 [17.1 kB]
Build on ubuntu-latest for linux	Install Dependencies (Linux)	2026-01-31T22:09:20.1408592Z Get:30 http://azure.archive.ubuntu.com/ubuntu noble/main amd64 libgles-dev amd64 1.7.0-1build1 [50.5 kB]
Build on ubuntu-latest for linux	Install Dependencies (Linux)	2026-01-31T22:09:20.2061103Z Get:31 http://azure.archive.ubuntu.com/ubuntu noble/main amd64 libopengl0 amd64 1.7.0-1build1 [32.8 kB]
Build on ubuntu-latest for linux	Install Dependencies (Linux)	2026-01-31T22:09:20.2713740Z Get:32 http://azure.archive.ubuntu.com/ubuntu noble/main amd64 libopengl-dev amd64 1.7.0-1build1 [3454 B]
Build on ubuntu-latest for linux	Install Dependencies (Linux)	2026-01-31T22:09:20.3362812Z Get:33 http://azure.archive.ubuntu.com/ubuntu noble/main amd64 libglvnd-dev amd64 1.7.0-1build1 [3198 B]
Build on ubuntu-latest for linux	Install Dependencies (Linux)	2026-01-31T22:09:20.4013335Z Get:34 http://azure.archive.ubuntu.com/ubuntu noble-updates/main amd64 libegl1-mesa-dev amd64 25.2.8-0ubuntu0.24.04.1 [26.4 kB]
Build on ubuntu-latest for linux	Install Dependencies (Linux)	2026-01-31T22:09:20.4666141Z Get:35 http://azure.archive.ubuntu.com/ubuntu noble/universe amd64 libglew2.2 amd64 2.2.0-4build1 [187 kB]
Build on ubuntu-latest for linux	Install Dependencies (Linux)	2026-01-31T22:09:20.5338305Z Get:36 http://azure.archive.ubuntu.com/ubuntu noble/main amd64 libglu1-mesa amd64 9.0.2-1.1build1 [152 kB]
Build on ubuntu-latest for linux	Install Dependencies (Linux)	2026-01-31T22:09:20.6101013Z Get:37 http://azure.archive.ubuntu.com/ubuntu noble/main amd64 libglu1-mesa-dev amd64 9.0.2-1.1build1 [237 kB]
Build on ubuntu-latest for linux	Install Dependencies (Linux)	2026-01-31T22:09:20.6937672Z Get:38 http://azure.archive.ubuntu.com/ubuntu noble/universe amd64 libglew-dev amd64 2.2.0-4build1 [280 kB]
Build on ubuntu-latest for linux	Install Dependencies (Linux)	2026-01-31T22:09:20.7823446Z Get:39 http://azure.archive.ubuntu.com/ubuntu noble/universe amd64 libglfw3 amd64 3.3.10-1build1 [80.5 kB]
Build on ubuntu-latest for linux	Install Dependencies (Linux)	2026-01-31T22:09:20.8525686Z Get:40 http://azure.archive.ubuntu.com/ubuntu noble/universe amd64 libglfw3-dev amd64 3.3.10-1build1 [41.5 kB]
Build on ubuntu-latest for linux	Install Dependencies (Linux)	2026-01-31T22:09:20.9196658Z Get:41 http://azure.archive.ubuntu.com/ubuntu noble/main amd64 libvulkan-dev amd64 1.3.275.0-1build1 [1239 kB]
Build on ubuntu-latest for linux	Install Dependencies (Linux)	2026-01-31T22:09:21.0892005Z Get:42 http://azure.archive.ubuntu.com/ubuntu noble/main amd64 libxrender-dev amd64 1:0.9.10-1.1build1 [26.3 kB]
Build on ubuntu-latest for linux	Install Dependencies (Linux)	2026-01-31T22:09:21.1546373Z Get:43 http://azure.archive.ubuntu.com/ubuntu noble/main amd64 libxfixes-dev amd64 1:6.0.0-2build1 [12.1 kB]
Build on ubuntu-latest for linux	Install Dependencies (Linux)	2026-01-31T22:09:21.2154807Z Get:44 http://azure.archive.ubuntu.com/ubuntu noble/main amd64 libxcursor-dev amd64 1:1.2.1-1build1 [31.8 kB]
Build on ubuntu-latest for linux	Install Dependencies (Linux)	2026-01-31T22:09:21.2769312Z Get:45 http://azure.archive.ubuntu.com/ubuntu noble/main amd64 libxext-dev amd64 2:1.3.4-1build2 [83.5 kB]
Build on ubuntu-latest for linux	Install Dependencies (Linux)	2026-01-31T22:09:21.3385979Z Get:46 http://azure.archive.ubuntu.com/ubuntu noble/main amd64 libxi-dev amd64 2:1.8.1-1build1 [194 kB]
Build on ubuntu-latest for linux	Install Dependencies (Linux)	2026-01-31T22:09:21.4012974Z Get:47 http://azure.archive.ubuntu.com/ubuntu noble/main amd64 libxinerama-dev amd64 2:1.1.4-3build1 [7988 B]
Build on ubuntu-latest for linux	Install Dependencies (Linux)	2026-01-31T22:09:21.4623281Z Get:48 http://azure.archive.ubuntu.com/ubuntu noble/main amd64 libxrandr-dev amd64 2:1.5.2-2build1 [26.4 kB]
Build on ubuntu-latest for linux	Install Dependencies (Linux)	2026-01-31T22:09:21.5230457Z Get:49 http://azure.archive.ubuntu.com/ubuntu noble-updates/main amd64 mesa-common-dev amd64 25.2.8-0ubuntu0.24.04.1 [3133 kB]
Build on ubuntu-latest for linux	Install Dependencies (Linux)	2026-01-31T22:09:21.6425006Z Get:50 http://azure.archive.ubuntu.com/ubuntu noble/main amd64 libwayland-bin amd64 1.22.0-2.1build1 [20.6 kB]
Build on ubuntu-latest for linux	Install Dependencies (Linux)	2026-01-31T22:09:21.7034936Z Get:51 http://azure.archive.ubuntu.com/ubuntu noble/main amd64 libwayland-dev amd64 1.22.0-2.1build1 [71.3 kB]
Build on ubuntu-latest for linux	Install Dependencies (Linux)	2026-01-31T22:09:21.9987620Z Fetched 19.3 MB in 4s (5132 kB/s)
Build on ubuntu-latest for linux	Install Dependencies (Linux)	2026-01-31T22:09:22.1423607Z (Reading database ... 
Build on ubuntu-latest for linux	Install Dependencies (Linux)	2026-01-31T22:09:22.1423955Z (Reading database ... 5%
Build on ubuntu-latest for linux	Install Dependencies (Linux)	2026-01-31T22:09:22.1424208Z (Reading database ... 10%
Build on ubuntu-latest for linux	Install Dependencies (Linux)	2026-01-31T22:09:22.1424814Z (Reading database ... 15%
Build on ubuntu-latest for linux	Install Dependencies (Linux)	2026-01-31T22:09:22.1425093Z (Reading database ... 20%
Build on ubuntu-latest for linux	Install Dependencies (Linux)	2026-01-31T22:09:22.1425610Z (Reading database ... 25%
Build on ubuntu-latest for linux	Install Dependencies (Linux)	2026-01-31T22:09:22.1425951Z (Reading database ... 30%
Build on ubuntu-latest for linux	Install Dependencies (Linux)	2026-01-31T22:09:22.1426291Z (Reading database ... 35%
Build on ubuntu-latest for linux	Install Dependencies (Linux)	2026-01-31T22:09:22.1426622Z (Reading database ... 40%
Build on ubuntu-latest for linux	Install Dependencies (Linux)	2026-01-31T22:09:22.1426988Z (Reading database ... 45%
Build on ubuntu-latest for linux	Install Dependencies (Linux)	2026-01-31T22:09:22.1427202Z (Reading database ... 50%
Build on ubuntu-latest for linux	Install Dependencies (Linux)	2026-01-31T22:09:22.2320924Z (Reading database ... 55%
Build on ubuntu-latest for linux	Install Dependencies (Linux)	2026-01-31T22:09:22.5727717Z (Reading database ... 60%
Build on ubuntu-latest for linux	Install Dependencies (Linux)	2026-01-31T22:09:22.7242106Z (Reading database ... 65%
Build on ubuntu-latest for linux	Install Dependencies (Linux)	2026-01-31T22:09:22.8351427Z (Reading database ... 70%
Build on ubuntu-latest for linux	Install Dependencies (Linux)	2026-01-31T22:09:23.0051095Z (Reading database ... 75%
Build on ubuntu-latest for linux	Install Dependencies (Linux)	2026-01-31T22:09:23.5522692Z (Reading database ... 80%
Build on ubuntu-latest for linux	Install Dependencies (Linux)	2026-01-31T22:09:24.1876156Z (Reading database ... 85%
Build on ubuntu-latest for linux	Install Dependencies (Linux)	2026-01-31T22:09:24.7542621Z (Reading database ... 90%
Build on ubuntu-latest for linux	Install Dependencies (Linux)	2026-01-31T22:09:25.3703686Z (Reading database ... 95%
Build on ubuntu-latest for linux	Install Dependencies (Linux)	2026-01-31T22:09:25.3704082Z (Reading database ... 100%
Build on ubuntu-latest for linux	Install Dependencies (Linux)	2026-01-31T22:09:25.3704539Z (Reading database ... 217639 files and directories currently installed.)
Build on ubuntu-latest for linux	Install Dependencies (Linux)	2026-01-31T22:09:25.3751196Z Preparing to unpack .../00-libdrm-common_2.4.125-1ubuntu0.1~24.04.1_all.deb ...
Build on ubuntu-latest for linux	Install Dependencies (Linux)	2026-01-31T22:09:25.3816431Z Unpacking libdrm-common (2.4.125-1ubuntu0.1~24.04.1) over (2.4.122-1~ubuntu0.24.04.2) ...
Build on ubuntu-latest for linux	Install Dependencies (Linux)	2026-01-31T22:09:25.4326173Z Preparing to unpack .../01-libdrm2_2.4.125-1ubuntu0.1~24.04.1_amd64.deb ...
Build on ubuntu-latest for linux	Install Dependencies (Linux)	2026-01-31T22:09:25.4379650Z Unpacking libdrm2:amd64 (2.4.125-1ubuntu0.1~24.04.1) over (2.4.122-1~ubuntu0.24.04.2) ...
Build on ubuntu-latest for linux	Install Dependencies (Linux)	2026-01-31T22:09:25.4793591Z Preparing to unpack .../02-libdrm-amdgpu1_2.4.125-1ubuntu0.1~24.04.1_amd64.deb ...
Build on ubuntu-latest for linux	Install Dependencies (Linux)	2026-01-31T22:09:25.4917248Z Unpacking libdrm-amdgpu1:amd64 (2.4.125-1ubuntu0.1~24.04.1) over (2.4.122-1~ubuntu0.24.04.2) ...
Build on ubuntu-latest for linux	Install Dependencies (Linux)	2026-01-31T22:09:25.5361154Z Preparing to unpack .../03-libdrm-intel1_2.4.125-1ubuntu0.1~24.04.1_amd64.deb ...
Build on ubuntu-latest for linux	Install Dependencies (Linux)	2026-01-31T22:09:25.5394756Z Unpacking libdrm-intel1:amd64 (2.4.125-1ubuntu0.1~24.04.1) over (2.4.122-1~ubuntu0.24.04.2) ...
Build on ubuntu-latest for linux	Install Dependencies (Linux)	2026-01-31T22:09:25.5639758Z Selecting previously unselected package libdrm-radeon1:amd64.
Build on ubuntu-latest for linux	Install Dependencies (Linux)	2026-01-31T22:09:25.5778197Z Preparing to unpack .../04-libdrm-radeon1_2.4.125-1ubuntu0.1~24.04.1_amd64.deb ...
Build on ubuntu-latest for linux	Install Dependencies (Linux)	2026-01-31T22:09:25.5792369Z Unpacking libdrm-radeon1:amd64 (2.4.125-1ubuntu0.1~24.04.1) ...
Build on ubuntu-latest for linux	Install Dependencies (Linux)	2026-01-31T22:09:25.6092628Z Selecting previously unselected package libdrm-nouveau2:amd64.
Build on ubuntu-latest for linux	Install Dependencies (Linux)	2026-01-31T22:09:25.6224435Z Preparing to unpack .../05-libdrm-nouveau2_2.4.125-1ubuntu0.1~24.04.1_amd64.deb ...
Build on ubuntu-latest for linux	Install Dependencies (Linux)	2026-01-31T22:09:25.6238536Z Unpacking libdrm-nouveau2:amd64 (2.4.125-1ubuntu0.1~24.04.1) ...
Build on ubuntu-latest for linux	Install Dependencies (Linux)	2026-01-31T22:09:25.6439911Z Selecting previously unselected package libpciaccess-dev:amd64.
Build on ubuntu-latest for linux	Install Dependencies (Linux)	2026-01-31T22:09:25.6572081Z Preparing to unpack .../06-libpciaccess-dev_0.17-3ubuntu0.24.04.2_amd64.deb ...
Build on ubuntu-latest for linux	Install Dependencies (Linux)	2026-01-31T22:09:25.6582394Z Unpacking libpciaccess-dev:amd64 (0.17-3ubuntu0.24.04.2) ...
Build on ubuntu-latest for linux	Install Dependencies (Linux)	2026-01-31T22:09:25.6888541Z Selecting previously unselected package libdrm-dev:amd64.
Build on ubuntu-latest for linux	Install Dependencies (Linux)	2026-01-31T22:09:25.7018707Z Preparing to unpack .../07-libdrm-dev_2.4.125-1ubuntu0.1~24.04.1_amd64.deb ...
Build on ubuntu-latest for linux	Install Dependencies (Linux)	2026-01-31T22:09:25.7048639Z Unpacking libdrm-dev:amd64 (2.4.125-1ubuntu0.1~24.04.1) ...
Build on ubuntu-latest for linux	Install Dependencies (Linux)	2026-01-31T22:09:25.7665616Z Preparing to unpack .../08-libgl1-mesa-dri_25.2.8-0ubuntu0.24.04.1_amd64.deb ...
Build on ubuntu-latest for linux	Install Dependencies (Linux)	2026-01-31T22:09:25.7856736Z Unpacking libgl1-mesa-dri:amd64 (25.2.8-0ubuntu0.24.04.1) over (25.0.7-0ubuntu0.24.04.2) ...
Build on ubuntu-latest for linux	Install Dependencies (Linux)	2026-01-31T22:09:25.8468072Z Preparing to unpack .../09-libglx-mesa0_25.2.8-0ubuntu0.24.04.1_amd64.deb ...
Build on ubuntu-latest for linux	Install Dependencies (Linux)	2026-01-31T22:09:25.8543255Z Unpacking libglx-mesa0:amd64 (25.2.8-0ubuntu0.24.04.1) over (25.0.7-0ubuntu0.24.04.2) ...
Build on ubuntu-latest for linux	Install Dependencies (Linux)	2026-01-31T22:09:25.8948066Z Preparing to unpack .../10-libgbm1_25.2.8-0ubuntu0.24.04.1_amd64.deb ...
Build on ubuntu-latest for linux	Install Dependencies (Linux)	2026-01-31T22:09:25.9027237Z Unpacking libgbm1:amd64 (25.2.8-0ubuntu0.24.04.1) over (25.0.7-0ubuntu0.24.04.2) ...
Build on ubuntu-latest for linux	Install Dependencies (Linux)	2026-01-31T22:09:25.9529919Z Preparing to unpack .../11-mesa-libgallium_25.2.8-0ubuntu0.24.04.1_amd64.deb ...
Build on ubuntu-latest for linux	Install Dependencies (Linux)	2026-01-31T22:09:25.9605124Z Unpacking mesa-libgallium:amd64 (25.2.8-0ubuntu0.24.04.1) over (25.0.7-0ubuntu0.24.04.2) ...
Build on ubuntu-latest for linux	Install Dependencies (Linux)	2026-01-31T22:09:26.1407541Z Selecting previously unselected package libegl-mesa0:amd64.
Build on ubuntu-latest for linux	Install Dependencies (Linux)	2026-01-31T22:09:26.1543669Z Preparing to unpack .../12-libegl-mesa0_25.2.8-0ubuntu0.24.04.1_amd64.deb ...
Build on ubuntu-latest for linux	Install Dependencies (Linux)	2026-01-31T22:09:26.1554214Z Unpacking libegl-mesa0:amd64 (25.2.8-0ubuntu0.24.04.1) ...
Build on ubuntu-latest for linux	Install Dependencies (Linux)	2026-01-31T22:09:26.1809636Z Selecting previously unselected package libegl1:amd64.
Build on ubuntu-latest for linux	Install Dependencies (Linux)	2026-01-31T22:09:26.1943341Z Preparing to unpack .../13-libegl1_1.7.0-1build1_amd64.deb ...
Build on ubuntu-latest for linux	Install Dependencies (Linux)	2026-01-31T22:09:26.1954052Z Unpacking libegl1:amd64 (1.7.0-1build1) ...
Build on ubuntu-latest for linux	Install Dependencies (Linux)	2026-01-31T22:09:26.2172789Z Selecting previously unselected package xorg-sgml-doctools.
Build on ubuntu-latest for linux	Install Dependencies (Linux)	2026-01-31T22:09:26.2306129Z Preparing to unpack .../14-xorg-sgml-doctools_1%3a1.11-1.1_all.deb ...
Build on ubuntu-latest for linux	Install Dependencies (Linux)	2026-01-31T22:09:26.2316023Z Unpacking xorg-sgml-doctools (1:1.11-1.1) ...
Build on ubuntu-latest for linux	Install Dependencies (Linux)	2026-01-31T22:09:26.2608093Z Selecting previously unselected package x11proto-dev.
Build on ubuntu-latest for linux	Install Dependencies (Linux)	2026-01-31T22:09:26.2740906Z Preparing to unpack .../15-x11proto-dev_2023.2-1_all.deb ...
Build on ubuntu-latest for linux	Install Dependencies (Linux)	2026-01-31T22:09:26.2750877Z Unpacking x11proto-dev (2023.2-1) ...
Build on ubuntu-latest for linux	Install Dependencies (Linux)	2026-01-31T22:09:26.3350226Z Selecting previously unselected package libxau-dev:amd64.
Build on ubuntu-latest for linux	Install Dependencies (Linux)	2026-01-31T22:09:26.3485646Z Preparing to unpack .../16-libxau-dev_1%3a1.0.9-1build6_amd64.deb ...
Build on ubuntu-latest for linux	Install Dependencies (Linux)	2026-01-31T22:09:26.3497775Z Unpacking libxau-dev:amd64 (1:1.0.9-1build6) ...
Build on ubuntu-latest for linux	Install Dependencies (Linux)	2026-01-31T22:09:26.3778266Z Selecting previously unselected package libxdmcp-dev:amd64.
Build on ubuntu-latest for linux	Install Dependencies (Linux)	2026-01-31T22:09:26.3911102Z Preparing to unpack .../17-libxdmcp-dev_1%3a1.1.3-0ubuntu6_amd64.deb ...
Build on ubuntu-latest for linux	Install Dependencies (Linux)	2026-01-31T22:09:26.3921556Z Unpacking libxdmcp-dev:amd64 (1:1.1.3-0ubuntu6) ...
Build on ubuntu-latest for linux	Install Dependencies (Linux)	2026-01-31T22:09:26.4133856Z Selecting previously unselected package xtrans-dev.
Build on ubuntu-latest for linux	Install Dependencies (Linux)	2026-01-31T22:09:26.4266755Z Preparing to unpack .../18-xtrans-dev_1.4.0-1_all.deb ...
Build on ubuntu-latest for linux	Install Dependencies (Linux)	2026-01-31T22:09:26.4289846Z Unpacking xtrans-dev (1.4.0-1) ...
Build on ubuntu-latest for linux	Install Dependencies (Linux)	2026-01-31T22:09:26.4598399Z Selecting previously unselected package libpthread-stubs0-dev:amd64.
Build on ubuntu-latest for linux	Install Dependencies (Linux)	2026-01-31T22:09:26.4732931Z Preparing to unpack .../19-libpthread-stubs0-dev_0.4-1build3_amd64.deb ...
Build on ubuntu-latest for linux	Install Dependencies (Linux)	2026-01-31T22:09:26.4756013Z Unpacking libpthread-stubs0-dev:amd64 (0.4-1build3) ...
Build on ubuntu-latest for linux	Install Dependencies (Linux)	2026-01-31T22:09:26.4957995Z Selecting previously unselected package libxcb1-dev:amd64.
Build on ubuntu-latest for linux	Install Dependencies (Linux)	2026-01-31T22:09:26.5089980Z Preparing to unpack .../20-libxcb1-dev_1.15-1ubuntu2_amd64.deb ...
Build on ubuntu-latest for linux	Install Dependencies (Linux)	2026-01-31T22:09:26.5100063Z Unpacking libxcb1-dev:amd64 (1.15-1ubuntu2) ...
Build on ubuntu-latest for linux	Install Dependencies (Linux)	2026-01-31T22:09:26.5356519Z Selecting previously unselected package libx11-dev:amd64.
Build on ubuntu-latest for linux	Install Dependencies (Linux)	2026-01-31T22:09:26.5493924Z Preparing to unpack .../21-libx11-dev_2%3a1.8.7-1build1_amd64.deb ...
Build on ubuntu-latest for linux	Install Dependencies (Linux)	2026-01-31T22:09:26.5504322Z Unpacking libx11-dev:amd64 (2:1.8.7-1build1) ...
Build on ubuntu-latest for linux	Install Dependencies (Linux)	2026-01-31T22:09:26.5863870Z Selecting previously unselected package libglx-dev:amd64.
Build on ubuntu-latest for linux	Install Dependencies (Linux)	2026-01-31T22:09:26.5997718Z Preparing to unpack .../22-libglx-dev_1.7.0-1build1_amd64.deb ...
Build on ubuntu-latest for linux	Install Dependencies (Linux)	2026-01-31T22:09:26.6009189Z Unpacking libglx-dev:amd64 (1.7.0-1build1) ...
Build on ubuntu-latest for linux	Install Dependencies (Linux)	2026-01-31T22:09:26.6231997Z Selecting previously unselected package libgl-dev:amd64.
Build on ubuntu-latest for linux	Install Dependencies (Linux)	2026-01-31T22:09:26.6365207Z Preparing to unpack .../23-libgl-dev_1.7.0-1build1_amd64.deb ...
Build on ubuntu-latest for linux	Install Dependencies (Linux)	2026-01-31T22:09:26.6376305Z Unpacking libgl-dev:amd64 (1.7.0-1build1) ...
Build on ubuntu-latest for linux	Install Dependencies (Linux)	2026-01-31T22:09:26.6628545Z Selecting previously unselected package libegl-dev:amd64.
Build on ubuntu-latest for linux	Install Dependencies (Linux)	2026-01-31T22:09:26.6760950Z Preparing to unpack .../24-libegl-dev_1.7.0-1build1_amd64.deb ...
Build on ubuntu-latest for linux	Install Dependencies (Linux)	2026-01-31T22:09:26.6773282Z Unpacking libegl-dev:amd64 (1.7.0-1build1) ...
Build on ubuntu-latest for linux	Install Dependencies (Linux)	2026-01-31T22:09:26.7031477Z Selecting previously unselected package libglvnd-core-dev:amd64.
Build on ubuntu-latest for linux	Install Dependencies (Linux)	2026-01-31T22:09:26.7162337Z Preparing to unpack .../25-libglvnd-core-dev_1.7.0-1build1_amd64.deb ...
Build on ubuntu-latest for linux	Install Dependencies (Linux)	2026-01-31T22:09:26.7179625Z Unpacking libglvnd-core-dev:amd64 (1.7.0-1build1) ...
Build on ubuntu-latest for linux	Install Dependencies (Linux)	2026-01-31T22:09:26.7401725Z Selecting previously unselected package libgles1:amd64.
Build on ubuntu-latest for linux	Install Dependencies (Linux)	2026-01-31T22:09:26.7532643Z Preparing to unpack .../26-libgles1_1.7.0-1build1_amd64.deb ...
Build on ubuntu-latest for linux	Install Dependencies (Linux)	2026-01-31T22:09:26.7544589Z Unpacking libgles1:amd64 (1.7.0-1build1) ...
Build on ubuntu-latest for linux	Install Dependencies (Linux)	2026-01-31T22:09:26.7774151Z Selecting previously unselected package libgles2:amd64.
Build on ubuntu-latest for linux	Install Dependencies (Linux)	2026-01-31T22:09:26.7905275Z Preparing to unpack .../27-libgles2_1.7.0-1build1_amd64.deb ...
Build on ubuntu-latest for linux	Install Dependencies (Linux)	2026-01-31T22:09:26.7917338Z Unpacking libgles2:amd64 (1.7.0-1build1) ...
Build on ubuntu-latest for linux	Install Dependencies (Linux)	2026-01-31T22:09:26.8157761Z Selecting previously unselected package libgles-dev:amd64.
Build on ubuntu-latest for linux	Install Dependencies (Linux)	2026-01-31T22:09:26.8287956Z Preparing to unpack .../28-libgles-dev_1.7.0-1build1_amd64.deb ...
Build on ubuntu-latest for linux	Install Dependencies (Linux)	2026-01-31T22:09:26.8301320Z Unpacking libgles-dev:amd64 (1.7.0-1build1) ...
Build on ubuntu-latest for linux	Install Dependencies (Linux)	2026-01-31T22:09:26.8572365Z Selecting previously unselected package libopengl0:amd64.
Build on ubuntu-latest for linux	Install Dependencies (Linux)	2026-01-31T22:09:26.8702324Z Preparing to unpack .../29-libopengl0_1.7.0-1build1_amd64.deb ...
Build on ubuntu-latest for linux	Install Dependencies (Linux)	2026-01-31T22:09:26.8716115Z Unpacking libopengl0:amd64 (1.7.0-1build1) ...
Build on ubuntu-latest for linux	Install Dependencies (Linux)	2026-01-31T22:09:26.8925763Z Selecting previously unselected package libopengl-dev:amd64.
Build on ubuntu-latest for linux	Install Dependencies (Linux)	2026-01-31T22:09:26.9056539Z Preparing to unpack .../30-libopengl-dev_1.7.0-1build1_amd64.deb ...
Build on ubuntu-latest for linux	Install Dependencies (Linux)	2026-01-31T22:09:26.9081090Z Unpacking libopengl-dev:amd64 (1.7.0-1build1) ...
Build on ubuntu-latest for linux	Install Dependencies (Linux)	2026-01-31T22:09:26.9288484Z Selecting previously unselected package libglvnd-dev:amd64.
Build on ubuntu-latest for linux	Install Dependencies (Linux)	2026-01-31T22:09:26.9417816Z Preparing to unpack .../31-libglvnd-dev_1.7.0-1build1_amd64.deb ...
Build on ubuntu-latest for linux	Install Dependencies (Linux)	2026-01-31T22:09:26.9428603Z Unpacking libglvnd-dev:amd64 (1.7.0-1build1) ...
Build on ubuntu-latest for linux	Install Dependencies (Linux)	2026-01-31T22:09:26.9638248Z Selecting previously unselected package libegl1-mesa-dev:amd64.
Build on ubuntu-latest for linux	Install Dependencies (Linux)	2026-01-31T22:09:26.9768614Z Preparing to unpack .../32-libegl1-mesa-dev_25.2.8-0ubuntu0.24.04.1_amd64.deb ...
Build on ubuntu-latest for linux	Install Dependencies (Linux)	2026-01-31T22:09:26.9778939Z Unpacking libegl1-mesa-dev:amd64 (25.2.8-0ubuntu0.24.04.1) ...
Build on ubuntu-latest for linux	Install Dependencies (Linux)	2026-01-31T22:09:27.0036623Z Selecting previously unselected package libglew2.2:amd64.
Build on ubuntu-latest for linux	Install Dependencies (Linux)	2026-01-31T22:09:27.0167767Z Preparing to unpack .../33-libglew2.2_2.2.0-4build1_amd64.deb ...
Build on ubuntu-latest for linux	Install Dependencies (Linux)	2026-01-31T22:09:27.0179605Z Unpacking libglew2.2:amd64 (2.2.0-4build1) ...
Build on ubuntu-latest for linux	Install Dependencies (Linux)	2026-01-31T22:09:27.0460590Z Selecting previously unselected package libglu1-mesa:amd64.
Build on ubuntu-latest for linux	Install Dependencies (Linux)	2026-01-31T22:09:27.0593522Z Preparing to unpack .../34-libglu1-mesa_9.0.2-1.1build1_amd64.deb ...
Build on ubuntu-latest for linux	Install Dependencies (Linux)	2026-01-31T22:09:27.0604878Z Unpacking libglu1-mesa:amd64 (9.0.2-1.1build1) ...
Build on ubuntu-latest for linux	Install Dependencies (Linux)	2026-01-31T22:09:27.0850520Z Selecting previously unselected package libglu1-mesa-dev:amd64.
Build on ubuntu-latest for linux	Install Dependencies (Linux)	2026-01-31T22:09:27.0980461Z Preparing to unpack .../35-libglu1-mesa-dev_9.0.2-1.1build1_amd64.deb ...
Build on ubuntu-latest for linux	Install Dependencies (Linux)	2026-01-31T22:09:27.0990980Z Unpacking libglu1-mesa-dev:amd64 (9.0.2-1.1build1) ...
Build on ubuntu-latest for linux	Install Dependencies (Linux)	2026-01-31T22:09:27.1270754Z Selecting previously unselected package libglew-dev:amd64.
Build on ubuntu-latest for linux	Install Dependencies (Linux)	2026-01-31T22:09:27.1400757Z Preparing to unpack .../36-libglew-dev_2.2.0-4build1_amd64.deb ...
Build on ubuntu-latest for linux	Install Dependencies (Linux)	2026-01-31T22:09:27.1412950Z Unpacking libglew-dev:amd64 (2.2.0-4build1) ...
Build on ubuntu-latest for linux	Install Dependencies (Linux)	2026-01-31T22:09:27.1724333Z Selecting previously unselected package libglfw3:amd64.
Build on ubuntu-latest for linux	Install Dependencies (Linux)	2026-01-31T22:09:27.1856995Z Preparing to unpack .../37-libglfw3_3.3.10-1build1_amd64.deb ...
Build on ubuntu-latest for linux	Install Dependencies (Linux)	2026-01-31T22:09:27.1874047Z Unpacking libglfw3:amd64 (3.3.10-1build1) ...
Build on ubuntu-latest for linux	Install Dependencies (Linux)	2026-01-31T22:09:27.2094789Z Selecting previously unselected package libglfw3-dev:amd64.
Build on ubuntu-latest for linux	Install Dependencies (Linux)	2026-01-31T22:09:27.2225284Z Preparing to unpack .../38-libglfw3-dev_3.3.10-1build1_amd64.deb ...
Build on ubuntu-latest for linux	Install Dependencies (Linux)	2026-01-31T22:09:27.2236122Z Unpacking libglfw3-dev:amd64 (3.3.10-1build1) ...
Build on ubuntu-latest for linux	Install Dependencies (Linux)	2026-01-31T22:09:27.2526196Z Selecting previously unselected package libvulkan-dev:amd64.
Build on ubuntu-latest for linux	Install Dependencies (Linux)	2026-01-31T22:09:27.2657368Z Preparing to unpack .../39-libvulkan-dev_1.3.275.0-1build1_amd64.deb ...
Build on ubuntu-latest for linux	Install Dependencies (Linux)	2026-01-31T22:09:27.2667377Z Unpacking libvulkan-dev:amd64 (1.3.275.0-1build1) ...
Build on ubuntu-latest for linux	Install Dependencies (Linux)	2026-01-31T22:09:27.3689508Z Selecting previously unselected package libxrender-dev:amd64.
Build on ubuntu-latest for linux	Install Dependencies (Linux)	2026-01-31T22:09:27.3824585Z Preparing to unpack .../40-libxrender-dev_1%3a0.9.10-1.1build1_amd64.deb ...
Build on ubuntu-latest for linux	Install Dependencies (Linux)	2026-01-31T22:09:27.3835352Z Unpacking libxrender-dev:amd64 (1:0.9.10-1.1build1) ...
Build on ubuntu-latest for linux	Install Dependencies (Linux)	2026-01-31T22:09:27.4051864Z Selecting previously unselected package libxfixes-dev:amd64.
Build on ubuntu-latest for linux	Install Dependencies (Linux)	2026-01-31T22:09:27.4184948Z Preparing to unpack .../41-libxfixes-dev_1%3a6.0.0-2build1_amd64.deb ...
Build on ubuntu-latest for linux	Install Dependencies (Linux)	2026-01-31T22:09:27.4249912Z Unpacking libxfixes-dev:amd64 (1:6.0.0-2build1) ...
Build on ubuntu-latest for linux	Install Dependencies (Linux)	2026-01-31T22:09:27.4487277Z Selecting previously unselected package libxcursor-dev:amd64.
Build on ubuntu-latest for linux	Install Dependencies (Linux)	2026-01-31T22:09:27.4619352Z Preparing to unpack .../42-libxcursor-dev_1%3a1.2.1-1build1_amd64.deb ...
Build on ubuntu-latest for linux	Install Dependencies (Linux)	2026-01-31T22:09:27.4631548Z Unpacking libxcursor-dev:amd64 (1:1.2.1-1build1) ...
Build on ubuntu-latest for linux	Install Dependencies (Linux)	2026-01-31T22:09:27.4899043Z Selecting previously unselected package libxext-dev:amd64.
Build on ubuntu-latest for linux	Install Dependencies (Linux)	2026-01-31T22:09:27.5029610Z Preparing to unpack .../43-libxext-dev_2%3a1.3.4-1build2_amd64.deb ...
Build on ubuntu-latest for linux	Install Dependencies (Linux)	2026-01-31T22:09:27.5039984Z Unpacking libxext-dev:amd64 (2:1.3.4-1build2) ...
Build on ubuntu-latest for linux	Install Dependencies (Linux)	2026-01-31T22:09:27.5345335Z Selecting previously unselected package libxi-dev:amd64.
Build on ubuntu-latest for linux	Install Dependencies (Linux)	2026-01-31T22:09:27.5478632Z Preparing to unpack .../44-libxi-dev_2%3a1.8.1-1build1_amd64.deb ...
Build on ubuntu-latest for linux	Install Dependencies (Linux)	2026-01-31T22:09:27.5489947Z Unpacking libxi-dev:amd64 (2:1.8.1-1build1) ...
Build on ubuntu-latest for linux	Install Dependencies (Linux)	2026-01-31T22:09:27.5837759Z Selecting previously unselected package libxinerama-dev:amd64.
Build on ubuntu-latest for linux	Install Dependencies (Linux)	2026-01-31T22:09:27.5970714Z Preparing to unpack .../45-libxinerama-dev_2%3a1.1.4-3build1_amd64.deb ...
Build on ubuntu-latest for linux	Install Dependencies (Linux)	2026-01-31T22:09:27.5983873Z Unpacking libxinerama-dev:amd64 (2:1.1.4-3build1) ...
Build on ubuntu-latest for linux	Install Dependencies (Linux)	2026-01-31T22:09:27.6217699Z Selecting previously unselected package libxrandr-dev:amd64.
Build on ubuntu-latest for linux	Install Dependencies (Linux)	2026-01-31T22:09:27.6350488Z Preparing to unpack .../46-libxrandr-dev_2%3a1.5.2-2build1_amd64.deb ...
Build on ubuntu-latest for linux	Install Dependencies (Linux)	2026-01-31T22:09:27.6361451Z Unpacking libxrandr-dev:amd64 (2:1.5.2-2build1) ...
Build on ubuntu-latest for linux	Install Dependencies (Linux)	2026-01-31T22:09:27.6589043Z Selecting previously unselected package mesa-common-dev:amd64.
Build on ubuntu-latest for linux	Install Dependencies (Linux)	2026-01-31T22:09:27.6721046Z Preparing to unpack .../47-mesa-common-dev_25.2.8-0ubuntu0.24.04.1_amd64.deb ...
Build on ubuntu-latest for linux	Install Dependencies (Linux)	2026-01-31T22:09:27.6741104Z Unpacking mesa-common-dev:amd64 (25.2.8-0ubuntu0.24.04.1) ...
Build on ubuntu-latest for linux	Install Dependencies (Linux)	2026-01-31T22:09:27.7858835Z Selecting previously unselected package libwayland-bin.
Build on ubuntu-latest for linux	Install Dependencies (Linux)	2026-01-31T22:09:27.7994614Z Preparing to unpack .../48-libwayland-bin_1.22.0-2.1build1_amd64.deb ...
Build on ubuntu-latest for linux	Install Dependencies (Linux)	2026-01-31T22:09:27.8006957Z Unpacking libwayland-bin (1.22.0-2.1build1) ...
Build on ubuntu-latest for linux	Install Dependencies (Linux)	2026-01-31T22:09:27.8231237Z Selecting previously unselected package libwayland-dev:amd64.
Build on ubuntu-latest for linux	Install Dependencies (Linux)	2026-01-31T22:09:27.8365612Z Preparing to unpack .../49-libwayland-dev_1.22.0-2.1build1_amd64.deb ...
Build on ubuntu-latest for linux	Install Dependencies (Linux)	2026-01-31T22:09:27.8374169Z Unpacking libwayland-dev:amd64 (1.22.0-2.1build1) ...
Build on ubuntu-latest for linux	Install Dependencies (Linux)	2026-01-31T22:09:27.8855947Z Setting up libglfw3:amd64 (3.3.10-1build1) ...
Build on ubuntu-latest for linux	Install Dependencies (Linux)	2026-01-31T22:09:27.8937041Z Setting up libvulkan-dev:amd64 (1.3.275.0-1build1) ...
Build on ubuntu-latest for linux	Install Dependencies (Linux)	2026-01-31T22:09:27.8966215Z Setting up libpciaccess-dev:amd64 (0.17-3ubuntu0.24.04.2) ...
Build on ubuntu-latest for linux	Install Dependencies (Linux)	2026-01-31T22:09:27.8994029Z Setting up libglvnd-core-dev:amd64 (1.7.0-1build1) ...
Build on ubuntu-latest for linux	Install Dependencies (Linux)	2026-01-31T22:09:27.9020742Z Setting up libpthread-stubs0-dev:amd64 (0.4-1build3) ...
Build on ubuntu-latest for linux	Install Dependencies (Linux)	2026-01-31T22:09:27.9052024Z Setting up libopengl0:amd64 (1.7.0-1build1) ...
Build on ubuntu-latest for linux	Install Dependencies (Linux)	2026-01-31T22:09:27.9077056Z Setting up xtrans-dev (1.4.0-1) ...
Build on ubuntu-latest for linux	Install Dependencies (Linux)	2026-01-31T22:09:27.9105990Z Setting up libwayland-bin (1.22.0-2.1build1) ...
Build on ubuntu-latest for linux	Install Dependencies (Linux)	2026-01-31T22:09:27.9133225Z Setting up libgles2:amd64 (1.7.0-1build1) ...
Build on ubuntu-latest for linux	Install Dependencies (Linux)	2026-01-31T22:09:27.9160147Z Setting up libgles1:amd64 (1.7.0-1build1) ...
Build on ubuntu-latest for linux	Install Dependencies (Linux)	2026-01-31T22:09:27.9190882Z Setting up libglew2.2:amd64 (2.2.0-4build1) ...
Build on ubuntu-latest for linux	Install Dependencies (Linux)	2026-01-31T22:09:27.9218729Z Setting up xorg-sgml-doctools (1:1.11-1.1) ...
Build on ubuntu-latest for linux	Install Dependencies (Linux)	2026-01-31T22:09:27.9239589Z Setting up libglu1-mesa:amd64 (9.0.2-1.1build1) ...
Build on ubuntu-latest for linux	Install Dependencies (Linux)	2026-01-31T22:09:27.9261045Z Setting up libopengl-dev:amd64 (1.7.0-1build1) ...
Build on ubuntu-latest for linux	Install Dependencies (Linux)	2026-01-31T22:09:27.9283540Z Setting up libdrm-common (2.4.125-1ubuntu0.1~24.04.1) ...
Build on ubuntu-latest for linux	Install Dependencies (Linux)	2026-01-31T22:09:27.9308324Z Setting up libwayland-dev:amd64 (1.22.0-2.1build1) ...
Build on ubuntu-latest for linux	Install Dependencies (Linux)	2026-01-31T22:09:27.9356420Z Setting up libdrm2:amd64 (2.4.125-1ubuntu0.1~24.04.1) ...
Build on ubuntu-latest for linux	Install Dependencies (Linux)	2026-01-31T22:09:27.9380725Z Setting up libdrm-amdgpu1:amd64 (2.4.125-1ubuntu0.1~24.04.1) ...
Build on ubuntu-latest for linux	Install Dependencies (Linux)	2026-01-31T22:09:27.9400748Z Setting up libdrm-nouveau2:amd64 (2.4.125-1ubuntu0.1~24.04.1) ...
Build on ubuntu-latest for linux	Install Dependencies (Linux)	2026-01-31T22:09:27.9421369Z Setting up libdrm-radeon1:amd64 (2.4.125-1ubuntu0.1~24.04.1) ...
Build on ubuntu-latest for linux	Install Dependencies (Linux)	2026-01-31T22:09:27.9443571Z Setting up libdrm-intel1:amd64 (2.4.125-1ubuntu0.1~24.04.1) ...
Build on ubuntu-latest for linux	Install Dependencies (Linux)	2026-01-31T22:09:27.9465773Z Setting up mesa-libgallium:amd64 (25.2.8-0ubuntu0.24.04.1) ...
Build on ubuntu-latest for linux	Install Dependencies (Linux)	2026-01-31T22:09:27.9488507Z Setting up libdrm-dev:amd64 (2.4.125-1ubuntu0.1~24.04.1) ...
Build on ubuntu-latest for linux	Install Dependencies (Linux)	2026-01-31T22:09:27.9509375Z Setting up libgbm1:amd64 (25.2.8-0ubuntu0.24.04.1) ...
Build on ubuntu-latest for linux	Install Dependencies (Linux)	2026-01-31T22:09:27.9531758Z Setting up libgl1-mesa-dri:amd64 (25.2.8-0ubuntu0.24.04.1) ...
Build on ubuntu-latest for linux	Install Dependencies (Linux)	2026-01-31T22:09:27.9607424Z Setting up libegl-mesa0:amd64 (25.2.8-0ubuntu0.24.04.1) ...
Build on ubuntu-latest for linux	Install Dependencies (Linux)	2026-01-31T22:09:27.9629062Z Setting up libegl1:amd64 (1.7.0-1build1) ...
Build on ubuntu-latest for linux	Install Dependencies (Linux)	2026-01-31T22:09:27.9658941Z Setting up libglx-mesa0:amd64 (25.2.8-0ubuntu0.24.04.1) ...
Build on ubuntu-latest for linux	Install Dependencies (Linux)	2026-01-31T22:09:27.9798881Z Processing triggers for libc-bin (2.39-0ubuntu8.6) ...
Build on ubuntu-latest for linux	Install Dependencies (Linux)	2026-01-31T22:09:28.1325403Z Processing triggers for man-db (2.12.0-4build2) ...
Build on ubuntu-latest for linux	Install Dependencies (Linux)	2026-01-31T22:09:28.1449209Z Not building database; man-db/auto-update is not 'true'.
Build on ubuntu-latest for linux	Install Dependencies (Linux)	2026-01-31T22:09:28.1483786Z Processing triggers for sgml-base (1.31) ...
Build on ubuntu-latest for linux	Install Dependencies (Linux)	2026-01-31T22:09:28.1648734Z Setting up x11proto-dev (2023.2-1) ...
Build on ubuntu-latest for linux	Install Dependencies (Linux)	2026-01-31T22:09:28.1670769Z Setting up libxau-dev:amd64 (1:1.0.9-1build6) ...
Build on ubuntu-latest for linux	Install Dependencies (Linux)	2026-01-31T22:09:28.1707152Z Setting up libxdmcp-dev:amd64 (1:1.1.3-0ubuntu6) ...
Build on ubuntu-latest for linux	Install Dependencies (Linux)	2026-01-31T22:09:28.1759159Z Setting up libxcb1-dev:amd64 (1.15-1ubuntu2) ...
Build on ubuntu-latest for linux	Install Dependencies (Linux)	2026-01-31T22:09:28.1790183Z Setting up libx11-dev:amd64 (2:1.8.7-1build1) ...
Build on ubuntu-latest for linux	Install Dependencies (Linux)	2026-01-31T22:09:28.1831048Z Setting up libxfixes-dev:amd64 (1:6.0.0-2build1) ...
Build on ubuntu-latest for linux	Install Dependencies (Linux)	2026-01-31T22:09:28.1864923Z Setting up libxext-dev:amd64 (2:1.3.4-1build2) ...
Build on ubuntu-latest for linux	Install Dependencies (Linux)	2026-01-31T22:09:28.1888338Z Setting up libglx-dev:amd64 (1.7.0-1build1) ...
Build on ubuntu-latest for linux	Install Dependencies (Linux)	2026-01-31T22:09:28.1916345Z Setting up libxi-dev:amd64 (2:1.8.1-1build1) ...
Build on ubuntu-latest for linux	Install Dependencies (Linux)	2026-01-31T22:09:28.1937231Z Setting up libxrender-dev:amd64 (1:0.9.10-1.1build1) ...
Build on ubuntu-latest for linux	Install Dependencies (Linux)	2026-01-31T22:09:28.1961918Z Setting up libgl-dev:amd64 (1.7.0-1build1) ...
Build on ubuntu-latest for linux	Install Dependencies (Linux)	2026-01-31T22:09:28.1995051Z Setting up libegl-dev:amd64 (1.7.0-1build1) ...
Build on ubuntu-latest for linux	Install Dependencies (Linux)	2026-01-31T22:09:28.2016158Z Setting up libxcursor-dev:amd64 (1:1.2.1-1build1) ...
Build on ubuntu-latest for linux	Install Dependencies (Linux)	2026-01-31T22:09:28.2044581Z Setting up libxrandr-dev:amd64 (2:1.5.2-2build1) ...
Build on ubuntu-latest for linux	Install Dependencies (Linux)	2026-01-31T22:09:28.2067054Z Setting up libglu1-mesa-dev:amd64 (9.0.2-1.1build1) ...
Build on ubuntu-latest for linux	Install Dependencies (Linux)	2026-01-31T22:09:28.2089016Z Setting up libxinerama-dev:amd64 (2:1.1.4-3build1) ...
Build on ubuntu-latest for linux	Install Dependencies (Linux)	2026-01-31T22:09:28.2137167Z Setting up mesa-common-dev:amd64 (25.2.8-0ubuntu0.24.04.1) ...
Build on ubuntu-latest for linux	Install Dependencies (Linux)	2026-01-31T22:09:28.2162860Z Setting up libgles-dev:amd64 (1.7.0-1build1) ...
Build on ubuntu-latest for linux	Install Dependencies (Linux)	2026-01-31T22:09:28.2194794Z Setting up libglvnd-dev:amd64 (1.7.0-1build1) ...
Build on ubuntu-latest for linux	Install Dependencies (Linux)	2026-01-31T22:09:28.2218384Z Setting up libglew-dev:amd64 (2.2.0-4build1) ...
Build on ubuntu-latest for linux	Install Dependencies (Linux)	2026-01-31T22:09:28.2243722Z Setting up libegl1-mesa-dev:amd64 (25.2.8-0ubuntu0.24.04.1) ...
Build on ubuntu-latest for linux	Install Dependencies (Linux)	2026-01-31T22:09:28.2282774Z Setting up libglfw3-dev:amd64 (3.3.10-1build1) ...
Build on ubuntu-latest for linux	Install Dependencies (Linux)	2026-01-31T22:09:29.4438651Z 
Build on ubuntu-latest for linux	Install Dependencies (Linux)	2026-01-31T22:09:29.4439164Z Running kernel seems to be up-to-date.
Build on ubuntu-latest for linux	Install Dependencies (Linux)	2026-01-31T22:09:29.4439563Z 
Build on ubuntu-latest for linux	Install Dependencies (Linux)	2026-01-31T22:09:29.4439728Z No services need to be restarted.
Build on ubuntu-latest for linux	Install Dependencies (Linux)	2026-01-31T22:09:29.4440009Z 
Build on ubuntu-latest for linux	Install Dependencies (Linux)	2026-01-31T22:09:29.4440182Z No containers need to be restarted.
Build on ubuntu-latest for linux	Install Dependencies (Linux)	2026-01-31T22:09:29.4440483Z 
Build on ubuntu-latest for linux	Install Dependencies (Linux)	2026-01-31T22:09:29.4440685Z No user sessions are running outdated binaries.
Build on ubuntu-latest for linux	Install Dependencies (Linux)	2026-01-31T22:09:29.4441029Z 
Build on ubuntu-latest for linux	Install Dependencies (Linux)	2026-01-31T22:09:29.4441343Z No VM guests are running outdated hypervisor (qemu) binaries on this host.
Build on ubuntu-latest for linux	Configure CMake	ï»¿2026-01-31T22:09:30.3095067Z ##[group]Run cmake -B build-linux -S . -DBUILD_SHARED_LIBS=ON -DCMAKE_BUILD_TYPE=Release
Build on ubuntu-latest for linux	Configure CMake	2026-01-31T22:09:30.3095709Z [36;1mcmake -B build-linux -S . -DBUILD_SHARED_LIBS=ON -DCMAKE_BUILD_TYPE=Release[0m
Build on ubuntu-latest for linux	Configure CMake	2026-01-31T22:09:30.3128364Z shell: /usr/bin/bash -e {0}
Build on ubuntu-latest for linux	Configure CMake	2026-01-31T22:09:30.3128600Z ##[endgroup]
Build on ubuntu-latest for linux	Configure CMake	2026-01-31T22:09:32.4878147Z -- The C compiler identification is GNU 13.3.0
Build on ubuntu-latest for linux	Configure CMake	2026-01-31T22:09:33.3485136Z -- The CXX compiler identification is GNU 13.3.0
Build on ubuntu-latest for linux	Configure CMake	2026-01-31T22:09:33.4670600Z -- Detecting C compiler ABI info
Build on ubuntu-latest for linux	Configure CMake	2026-01-31T22:09:33.6862517Z -- Detecting C compiler ABI info - done
Build on ubuntu-latest for linux	Configure CMake	2026-01-31T22:09:33.7031424Z -- Check for working C compiler: /usr/bin/cc - skipped
Build on ubuntu-latest for linux	Configure CMake	2026-01-31T22:09:33.7075285Z -- Detecting C compile features
Build on ubuntu-latest for linux	Configure CMake	2026-01-31T22:09:33.7131206Z -- Detecting C compile features - done
Build on ubuntu-latest for linux	Configure CMake	2026-01-31T22:09:33.7436473Z -- Detecting CXX compiler ABI info
Build on ubuntu-latest for linux	Configure CMake	2026-01-31T22:09:33.8346382Z -- Detecting CXX compiler ABI info - done
Build on ubuntu-latest for linux	Configure CMake	2026-01-31T22:09:33.8523084Z -- Check for working CXX compiler: /usr/bin/c++ - skipped
Build on ubuntu-latest for linux	Configure CMake	2026-01-31T22:09:33.8526954Z -- Detecting CXX compile features
Build on ubuntu-latest for linux	Configure CMake	2026-01-31T22:09:33.8533413Z -- Detecting CXX compile features - done
Build on ubuntu-latest for linux	Configure CMake	2026-01-31T22:09:33.8894993Z -- Downloading Korean font...
Build on ubuntu-latest for linux	Configure CMake	2026-01-31T22:09:34.5250122Z -- [download 0% complete]
Build on ubuntu-latest for linux	Configure CMake	2026-01-31T22:09:34.5272956Z -- [download 1% complete]
Build on ubuntu-latest for linux	Configure CMake	2026-01-31T22:09:34.5294847Z -- [download 2% complete]
Build on ubuntu-latest for linux	Configure CMake	2026-01-31T22:09:34.5377105Z -- [download 3% complete]
Build on ubuntu-latest for linux	Configure CMake	2026-01-31T22:09:34.5396514Z -- [download 4% complete]
Build on ubuntu-latest for linux	Configure CMake	2026-01-31T22:09:34.5415037Z -- [download 5% complete]
Build on ubuntu-latest for linux	Configure CMake	2026-01-31T22:09:34.5431414Z -- [download 6% complete]
Build on ubuntu-latest for linux	Configure CMake	2026-01-31T22:09:34.5447265Z -- [download 7% complete]
Build on ubuntu-latest for linux	Configure CMake	2026-01-31T22:09:34.5463843Z -- [download 8% complete]
Build on ubuntu-latest for linux	Configure CMake	2026-01-31T22:09:34.5483736Z -- [download 9% complete]
Build on ubuntu-latest for linux	Configure CMake	2026-01-31T22:09:34.5500197Z -- [download 10% complete]
Build on ubuntu-latest for linux	Configure CMake	2026-01-31T22:09:34.5518261Z -- [download 11% complete]
Build on ubuntu-latest for linux	Configure CMake	2026-01-31T22:09:34.5536898Z -- [download 12% complete]
Build on ubuntu-latest for linux	Configure CMake	2026-01-31T22:09:34.5554002Z -- [download 13% complete]
Build on ubuntu-latest for linux	Configure CMake	2026-01-31T22:09:34.5571709Z -- [download 14% complete]
Build on ubuntu-latest for linux	Configure CMake	2026-01-31T22:09:34.5590096Z -- [download 15% complete]
Build on ubuntu-latest for linux	Configure CMake	2026-01-31T22:09:34.5607428Z -- [download 16% complete]
Build on ubuntu-latest for linux	Configure CMake	2026-01-31T22:09:34.5624449Z -- [download 17% complete]
Build on ubuntu-latest for linux	Configure CMake	2026-01-31T22:09:34.5642369Z -- [download 18% complete]
Build on ubuntu-latest for linux	Configure CMake	2026-01-31T22:09:34.5659811Z -- [download 19% complete]
Build on ubuntu-latest for linux	Configure CMake	2026-01-31T22:09:34.5677554Z -- [download 20% complete]
Build on ubuntu-latest for linux	Configure CMake	2026-01-31T22:09:34.5695221Z -- [download 21% complete]
Build on ubuntu-latest for linux	Configure CMake	2026-01-31T22:09:34.5712544Z -- [download 22% complete]
Build on ubuntu-latest for linux	Configure CMake	2026-01-31T22:09:34.5729720Z -- [download 23% complete]
Build on ubuntu-latest for linux	Configure CMake	2026-01-31T22:09:34.5747149Z -- [download 24% complete]
Build on ubuntu-latest for linux	Configure CMake	2026-01-31T22:09:34.5765468Z -- [download 25% complete]
Build on ubuntu-latest for linux	Configure CMake	2026-01-31T22:09:34.5782462Z -- [download 26% complete]
Build on ubuntu-latest for linux	Configure CMake	2026-01-31T22:09:34.5800157Z -- [download 27% complete]
Build on ubuntu-latest for linux	Configure CMake	2026-01-31T22:09:34.5817100Z -- [download 28% complete]
Build on ubuntu-latest for linux	Configure CMake	2026-01-31T22:09:34.5835033Z -- [download 29% complete]
Build on ubuntu-latest for linux	Configure CMake	2026-01-31T22:09:34.5852534Z -- [download 30% complete]
Build on ubuntu-latest for linux	Configure CMake	2026-01-31T22:09:34.5870104Z -- [download 31% complete]
Build on ubuntu-latest for linux	Configure CMake	2026-01-31T22:09:34.5888024Z -- [download 32% complete]
Build on ubuntu-latest for linux	Configure CMake	2026-01-31T22:09:34.5905332Z -- [download 33% complete]
Build on ubuntu-latest for linux	Configure CMake	2026-01-31T22:09:34.5923517Z -- [download 34% complete]
Build on ubuntu-latest for linux	Configure CMake	2026-01-31T22:09:34.5940787Z -- [download 35% complete]
Build on ubuntu-latest for linux	Configure CMake	2026-01-31T22:09:34.5958757Z -- [download 36% complete]
Build on ubuntu-latest for linux	Configure CMake	2026-01-31T22:09:34.5976194Z -- [download 37% complete]
Build on ubuntu-latest for linux	Configure CMake	2026-01-31T22:09:34.5993867Z -- [download 38% complete]
Build on ubuntu-latest for linux	Configure CMake	2026-01-31T22:09:34.6011339Z -- [download 39% complete]
Build on ubuntu-latest for linux	Configure CMake	2026-01-31T22:09:34.6028729Z -- [download 40% complete]
Build on ubuntu-latest for linux	Configure CMake	2026-01-31T22:09:34.6046217Z -- [download 41% complete]
Build on ubuntu-latest for linux	Configure CMake	2026-01-31T22:09:34.6064037Z -- [download 42% complete]
Build on ubuntu-latest for linux	Configure CMake	2026-01-31T22:09:34.6082526Z -- [download 43% complete]
Build on ubuntu-latest for linux	Configure CMake	2026-01-31T22:09:34.6100350Z -- [download 44% complete]
Build on ubuntu-latest for linux	Configure CMake	2026-01-31T22:09:34.6118040Z -- [download 45% complete]
Build on ubuntu-latest for linux	Configure CMake	2026-01-31T22:09:34.6136113Z -- [download 46% complete]
Build on ubuntu-latest for linux	Configure CMake	2026-01-31T22:09:34.6152994Z -- [download 47% complete]
Build on ubuntu-latest for linux	Configure CMake	2026-01-31T22:09:34.6170698Z -- [download 48% complete]
Build on ubuntu-latest for linux	Configure CMake	2026-01-31T22:09:34.6187706Z -- [download 49% complete]
Build on ubuntu-latest for linux	Configure CMake	2026-01-31T22:09:34.6205780Z -- [download 50% complete]
Build on ubuntu-latest for linux	Configure CMake	2026-01-31T22:09:34.6222974Z -- [download 51% complete]
Build on ubuntu-latest for linux	Configure CMake	2026-01-31T22:09:34.6240930Z -- [download 52% complete]
Build on ubuntu-latest for linux	Configure CMake	2026-01-31T22:09:34.6257962Z -- [download 53% complete]
Build on ubuntu-latest for linux	Configure CMake	2026-01-31T22:09:34.6275824Z -- [download 54% complete]
Build on ubuntu-latest for linux	Configure CMake	2026-01-31T22:09:34.6293715Z -- [download 55% complete]
Build on ubuntu-latest for linux	Configure CMake	2026-01-31T22:09:34.6311276Z -- [download 56% complete]
Build on ubuntu-latest for linux	Configure CMake	2026-01-31T22:09:34.6329063Z -- [download 57% complete]
Build on ubuntu-latest for linux	Configure CMake	2026-01-31T22:09:34.6346346Z -- [download 58% complete]
Build on ubuntu-latest for linux	Configure CMake	2026-01-31T22:09:34.6365297Z -- [download 59% complete]
Build on ubuntu-latest for linux	Configure CMake	2026-01-31T22:09:34.6382647Z -- [download 60% complete]
Build on ubuntu-latest for linux	Configure CMake	2026-01-31T22:09:34.6400148Z -- [download 61% complete]
Build on ubuntu-latest for linux	Configure CMake	2026-01-31T22:09:34.6417291Z -- [download 62% complete]
Build on ubuntu-latest for linux	Configure CMake	2026-01-31T22:09:34.6435278Z -- [download 63% complete]
Build on ubuntu-latest for linux	Configure CMake	2026-01-31T22:09:34.6451646Z -- [download 64% complete]
Build on ubuntu-latest for linux	Configure CMake	2026-01-31T22:09:34.6468904Z -- [download 65% complete]
Build on ubuntu-latest for linux	Configure CMake	2026-01-31T22:09:34.6486689Z -- [download 66% complete]
Build on ubuntu-latest for linux	Configure CMake	2026-01-31T22:09:34.6504633Z -- [download 67% complete]
Build on ubuntu-latest for linux	Configure CMake	2026-01-31T22:09:34.6520482Z -- [download 68% complete]
Build on ubuntu-latest for linux	Configure CMake	2026-01-31T22:09:34.6536373Z -- [download 69% complete]
Build on ubuntu-latest for linux	Configure CMake	2026-01-31T22:09:34.6551813Z -- [download 70% complete]
Build on ubuntu-latest for linux	Configure CMake	2026-01-31T22:09:34.6569098Z -- [download 71% complete]
Build on ubuntu-latest for linux	Configure CMake	2026-01-31T22:09:34.6586227Z -- [download 72% complete]
Build on ubuntu-latest for linux	Configure CMake	2026-01-31T22:09:34.6602835Z -- [download 73% complete]
Build on ubuntu-latest for linux	Configure CMake	2026-01-31T22:09:34.6619526Z -- [download 74% complete]
Build on ubuntu-latest for linux	Configure CMake	2026-01-31T22:09:34.6636141Z -- [download 75% complete]
Build on ubuntu-latest for linux	Configure CMake	2026-01-31T22:09:34.6653470Z -- [download 76% complete]
Build on ubuntu-latest for linux	Configure CMake	2026-01-31T22:09:34.6669204Z -- [download 77% complete]
Build on ubuntu-latest for linux	Configure CMake	2026-01-31T22:09:34.6687117Z -- [download 78% complete]
Build on ubuntu-latest for linux	Configure CMake	2026-01-31T22:09:34.6703370Z -- [download 79% complete]
Build on ubuntu-latest for linux	Configure CMake	2026-01-31T22:09:34.6720545Z -- [download 80% complete]
Build on ubuntu-latest for linux	Configure CMake	2026-01-31T22:09:34.6736970Z -- [download 81% complete]
Build on ubuntu-latest for linux	Configure CMake	2026-01-31T22:09:34.6754270Z -- [download 82% complete]
Build on ubuntu-latest for linux	Configure CMake	2026-01-31T22:09:34.6771206Z -- [download 83% complete]
Build on ubuntu-latest for linux	Configure CMake	2026-01-31T22:09:34.6788451Z -- [download 84% complete]
Build on ubuntu-latest for linux	Configure CMake	2026-01-31T22:09:34.6805951Z -- [download 85% complete]
Build on ubuntu-latest for linux	Configure CMake	2026-01-31T22:09:34.6822717Z -- [download 86% complete]
Build on ubuntu-latest for linux	Configure CMake	2026-01-31T22:09:34.6840113Z -- [download 87% complete]
Build on ubuntu-latest for linux	Configure CMake	2026-01-31T22:09:34.6856758Z -- [download 88% complete]
Build on ubuntu-latest for linux	Configure CMake	2026-01-31T22:09:34.6873111Z -- [download 89% complete]
Build on ubuntu-latest for linux	Configure CMake	2026-01-31T22:09:34.6889389Z -- [download 90% complete]
Build on ubuntu-latest for linux	Configure CMake	2026-01-31T22:09:34.6906470Z -- [download 91% complete]
Build on ubuntu-latest for linux	Configure CMake	2026-01-31T22:09:34.6922707Z -- [download 92% complete]
Build on ubuntu-latest for linux	Configure CMake	2026-01-31T22:09:34.6939492Z -- [download 93% complete]
Build on ubuntu-latest for linux	Configure CMake	2026-01-31T22:09:34.6956184Z -- [download 94% complete]
Build on ubuntu-latest for linux	Configure CMake	2026-01-31T22:09:34.6973466Z -- [download 95% complete]
Build on ubuntu-latest for linux	Configure CMake	2026-01-31T22:09:34.6990467Z -- [download 96% complete]
Build on ubuntu-latest for linux	Configure CMake	2026-01-31T22:09:34.7006961Z -- [download 97% complete]
Build on ubuntu-latest for linux	Configure CMake	2026-01-31T22:09:34.7022373Z -- [download 98% complete]
Build on ubuntu-latest for linux	Configure CMake	2026-01-31T22:09:34.7037387Z -- [download 99% complete]
Build on ubuntu-latest for linux	Configure CMake	2026-01-31T22:09:34.7052376Z -- [download 100% complete]
Build on ubuntu-latest for linux	Configure CMake	2026-01-31T22:09:34.7078234Z -- Downloading Chinese font...
Build on ubuntu-latest for linux	Configure CMake	2026-01-31T22:09:35.7477982Z -- [download 0% complete]
Build on ubuntu-latest for linux	Configure CMake	2026-01-31T22:09:35.7489263Z -- [download 1% complete]
Build on ubuntu-latest for linux	Configure CMake	2026-01-31T22:09:35.7509498Z -- [download 2% complete]
Build on ubuntu-latest for linux	Configure CMake	2026-01-31T22:09:35.7526998Z -- [download 3% complete]
Build on ubuntu-latest for linux	Configure CMake	2026-01-31T22:09:35.7544628Z -- [download 4% complete]
Build on ubuntu-latest for linux	Configure CMake	2026-01-31T22:09:35.7562571Z -- [download 5% complete]
Build on ubuntu-latest for linux	Configure CMake	2026-01-31T22:09:35.7580136Z -- [download 6% complete]
Build on ubuntu-latest for linux	Configure CMake	2026-01-31T22:09:35.7596801Z -- [download 7% complete]
Build on ubuntu-latest for linux	Configure CMake	2026-01-31T22:09:35.7614335Z -- [download 8% complete]
Build on ubuntu-latest for linux	Configure CMake	2026-01-31T22:09:35.7632507Z -- [download 9% complete]
Build on ubuntu-latest for linux	Configure CMake	2026-01-31T22:09:35.7649035Z -- [download 10% complete]
Build on ubuntu-latest for linux	Configure CMake	2026-01-31T22:09:35.7667398Z -- [download 11% complete]
Build on ubuntu-latest for linux	Configure CMake	2026-01-31T22:09:35.7684942Z -- [download 12% complete]
Build on ubuntu-latest for linux	Configure CMake	2026-01-31T22:09:35.7701090Z -- [download 13% complete]
Build on ubuntu-latest for linux	Configure CMake	2026-01-31T22:09:35.7719142Z -- [download 14% complete]
Build on ubuntu-latest for linux	Configure CMake	2026-01-31T22:09:35.7736381Z -- [download 15% complete]
Build on ubuntu-latest for linux	Configure CMake	2026-01-31T22:09:35.7753935Z -- [download 16% complete]
Build on ubuntu-latest for linux	Configure CMake	2026-01-31T22:09:35.7770773Z -- [download 17% complete]
Build on ubuntu-latest for linux	Configure CMake	2026-01-31T22:09:35.7789001Z -- [download 18% complete]
Build on ubuntu-latest for linux	Configure CMake	2026-01-31T22:09:35.7806008Z -- [download 19% complete]
Build on ubuntu-latest for linux	Configure CMake	2026-01-31T22:09:35.7824190Z -- [download 20% complete]
Build on ubuntu-latest for linux	Configure CMake	2026-01-31T22:09:35.7841245Z -- [download 21% complete]
Build on ubuntu-latest for linux	Configure CMake	2026-01-31T22:09:35.7859732Z -- [download 22% complete]
Build on ubuntu-latest for linux	Configure CMake	2026-01-31T22:09:35.7878034Z -- [download 23% complete]
Build on ubuntu-latest for linux	Configure CMake	2026-01-31T22:09:35.7895869Z -- [download 24% complete]
Build on ubuntu-latest for linux	Configure CMake	2026-01-31T22:09:35.7913028Z -- [download 25% complete]
Build on ubuntu-latest for linux	Configure CMake	2026-01-31T22:09:35.7930324Z -- [download 26% complete]
Build on ubuntu-latest for linux	Configure CMake	2026-01-31T22:09:35.7947857Z -- [download 27% complete]
Build on ubuntu-latest for linux	Configure CMake	2026-01-31T22:09:35.7965097Z -- [download 28% complete]
Build on ubuntu-latest for linux	Configure CMake	2026-01-31T22:09:35.7982573Z -- [download 29% complete]
Build on ubuntu-latest for linux	Configure CMake	2026-01-31T22:09:35.8000034Z -- [download 30% complete]
Build on ubuntu-latest for linux	Configure CMake	2026-01-31T22:09:35.8018753Z -- [download 31% complete]
Build on ubuntu-latest for linux	Configure CMake	2026-01-31T22:09:35.8036260Z -- [download 32% complete]
Build on ubuntu-latest for linux	Configure CMake	2026-01-31T22:09:35.8053699Z -- [download 33% complete]
Build on ubuntu-latest for linux	Configure CMake	2026-01-31T22:09:35.8071109Z -- [download 34% complete]
Build on ubuntu-latest for linux	Configure CMake	2026-01-31T22:09:35.8089265Z -- [download 35% complete]
Build on ubuntu-latest for linux	Configure CMake	2026-01-31T22:09:35.8106573Z -- [download 36% complete]
Build on ubuntu-latest for linux	Configure CMake	2026-01-31T22:09:35.8124598Z -- [download 37% complete]
Build on ubuntu-latest for linux	Configure CMake	2026-01-31T22:09:35.8141492Z -- [download 38% complete]
Build on ubuntu-latest for linux	Configure CMake	2026-01-31T22:09:35.8159276Z -- [download 39% complete]
Build on ubuntu-latest for linux	Configure CMake	2026-01-31T22:09:35.8176675Z -- [download 40% complete]
Build on ubuntu-latest for linux	Configure CMake	2026-01-31T22:09:35.8194118Z -- [download 41% complete]
Build on ubuntu-latest for linux	Configure CMake	2026-01-31T22:09:35.8211650Z -- [download 42% complete]
Build on ubuntu-latest for linux	Configure CMake	2026-01-31T22:09:35.8228725Z -- [download 43% complete]
Build on ubuntu-latest for linux	Configure CMake	2026-01-31T22:09:35.8245954Z -- [download 44% complete]
Build on ubuntu-latest for linux	Configure CMake	2026-01-31T22:09:35.8263656Z -- [download 45% complete]
Build on ubuntu-latest for linux	Configure CMake	2026-01-31T22:09:35.8281071Z -- [download 46% complete]
Build on ubuntu-latest for linux	Configure CMake	2026-01-31T22:09:35.8298611Z -- [download 47% complete]
Build on ubuntu-latest for linux	Configure CMake	2026-01-31T22:09:35.8317206Z -- [download 48% complete]
Build on ubuntu-latest for linux	Configure CMake	2026-01-31T22:09:35.8334832Z -- [download 49% complete]
Build on ubuntu-latest for linux	Configure CMake	2026-01-31T22:09:35.8352552Z -- [download 50% complete]
Build on ubuntu-latest for linux	Configure CMake	2026-01-31T22:09:35.8369560Z -- [download 51% complete]
Build on ubuntu-latest for linux	Configure CMake	2026-01-31T22:09:35.8388424Z -- [download 52% complete]
Build on ubuntu-latest for linux	Configure CMake	2026-01-31T22:09:35.8404715Z -- [download 53% complete]
Build on ubuntu-latest for linux	Configure CMake	2026-01-31T22:09:35.8422253Z -- [download 54% complete]
Build on ubuntu-latest for linux	Configure CMake	2026-01-31T22:09:35.8440096Z -- [download 55% complete]
Build on ubuntu-latest for linux	Configure CMake	2026-01-31T22:09:35.8457377Z -- [download 56% complete]
Build on ubuntu-latest for linux	Configure CMake	2026-01-31T22:09:35.8475147Z -- [download 57% complete]
Build on ubuntu-latest for linux	Configure CMake	2026-01-31T22:09:35.8492795Z -- [download 58% complete]
Build on ubuntu-latest for linux	Configure CMake	2026-01-31T22:09:35.8510531Z -- [download 59% complete]
Build on ubuntu-latest for linux	Configure CMake	2026-01-31T22:09:35.8527590Z -- [download 60% complete]
Build on ubuntu-latest for linux	Configure CMake	2026-01-31T22:09:35.8544839Z -- [download 61% complete]
Build on ubuntu-latest for linux	Configure CMake	2026-01-31T22:09:35.8562431Z -- [download 62% complete]
Build on ubuntu-latest for linux	Configure CMake	2026-01-31T22:09:35.8579558Z -- [download 63% complete]
Build on ubuntu-latest for linux	Configure CMake	2026-01-31T22:09:35.8597335Z -- [download 64% complete]
Build on ubuntu-latest for linux	Configure CMake	2026-01-31T22:09:35.8614426Z -- [download 65% complete]
Build on ubuntu-latest for linux	Configure CMake	2026-01-31T22:09:35.8631889Z -- [download 66% complete]
Build on ubuntu-latest for linux	Configure CMake	2026-01-31T22:09:35.8649272Z -- [download 67% complete]
Build on ubuntu-latest for linux	Configure CMake	2026-01-31T22:09:35.8667328Z -- [download 68% complete]
Build on ubuntu-latest for linux	Configure CMake	2026-01-31T22:09:35.8683847Z -- [download 69% complete]
Build on ubuntu-latest for linux	Configure CMake	2026-01-31T22:09:35.8698734Z -- [download 70% complete]
Build on ubuntu-latest for linux	Configure CMake	2026-01-31T22:09:35.8714049Z -- [download 71% complete]
Build on ubuntu-latest for linux	Configure CMake	2026-01-31T22:09:35.8733229Z -- [download 72% complete]
Build on ubuntu-latest for linux	Configure CMake	2026-01-31T22:09:35.8749867Z -- [download 73% complete]
Build on ubuntu-latest for linux	Configure CMake	2026-01-31T22:09:35.8767656Z -- [download 74% complete]
Build on ubuntu-latest for linux	Configure CMake	2026-01-31T22:09:35.8785328Z -- [download 75% complete]
Build on ubuntu-latest for linux	Configure CMake	2026-01-31T22:09:35.8802540Z -- [download 76% complete]
Build on ubuntu-latest for linux	Configure CMake	2026-01-31T22:09:35.8820256Z -- [download 77% complete]
Build on ubuntu-latest for linux	Configure CMake	2026-01-31T22:09:35.8837200Z -- [download 78% complete]
Build on ubuntu-latest for linux	Configure CMake	2026-01-31T22:09:35.8855182Z -- [download 79% complete]
Build on ubuntu-latest for linux	Configure CMake	2026-01-31T22:09:35.8872500Z -- [download 80% complete]
Build on ubuntu-latest for linux	Configure CMake	2026-01-31T22:09:35.8889637Z -- [download 81% complete]
Build on ubuntu-latest for linux	Configure CMake	2026-01-31T22:09:35.8906820Z -- [download 82% complete]
Build on ubuntu-latest for linux	Configure CMake	2026-01-31T22:09:35.8925019Z -- [download 83% complete]
Build on ubuntu-latest for linux	Configure CMake	2026-01-31T22:09:35.8942545Z -- [download 84% complete]
Build on ubuntu-latest for linux	Configure CMake	2026-01-31T22:09:35.8959517Z -- [download 85% complete]
Build on ubuntu-latest for linux	Configure CMake	2026-01-31T22:09:35.8976636Z -- [download 86% complete]
Build on ubuntu-latest for linux	Configure CMake	2026-01-31T22:09:35.8993649Z -- [download 87% complete]
Build on ubuntu-latest for linux	Configure CMake	2026-01-31T22:09:35.9010243Z -- [download 88% complete]
Build on ubuntu-latest for linux	Configure CMake	2026-01-31T22:09:35.9028076Z -- [download 89% complete]
Build on ubuntu-latest for linux	Configure CMake	2026-01-31T22:09:35.9045346Z -- [download 90% complete]
Build on ubuntu-latest for linux	Configure CMake	2026-01-31T22:09:35.9062511Z -- [download 91% complete]
Build on ubuntu-latest for linux	Configure CMake	2026-01-31T22:09:35.9080174Z -- [download 92% complete]
Build on ubuntu-latest for linux	Configure CMake	2026-01-31T22:09:35.9097084Z -- [download 93% complete]
Build on ubuntu-latest for linux	Configure CMake	2026-01-31T22:09:35.9114136Z -- [download 94% complete]
Build on ubuntu-latest for linux	Configure CMake	2026-01-31T22:09:35.9131596Z -- [download 95% complete]
Build on ubuntu-latest for linux	Configure CMake	2026-01-31T22:09:35.9148967Z -- [download 96% complete]
Build on ubuntu-latest for linux	Configure CMake	2026-01-31T22:09:35.9166878Z -- [download 97% complete]
Build on ubuntu-latest for linux	Configure CMake	2026-01-31T22:09:35.9184200Z -- [download 98% complete]
Build on ubuntu-latest for linux	Configure CMake	2026-01-31T22:09:35.9199337Z -- [download 99% complete]
Build on ubuntu-latest for linux	Configure CMake	2026-01-31T22:09:35.9214446Z -- [download 100% complete]
Build on ubuntu-latest for linux	Configure CMake	2026-01-31T22:09:36.1019730Z -- Found Python3: /usr/bin/python3.12 (found version "3.12.3") found components: Interpreter
Build on ubuntu-latest for linux	Configure CMake	2026-01-31T22:09:46.8242916Z -- Performing Test CMAKE_HAVE_LIBC_PTHREAD
Build on ubuntu-latest for linux	Configure CMake	2026-01-31T22:09:47.0483439Z -- Performing Test CMAKE_HAVE_LIBC_PTHREAD - Success
Build on ubuntu-latest for linux	Configure CMake	2026-01-31T22:09:47.0493767Z -- Found Threads: TRUE
Build on ubuntu-latest for linux	Configure CMake	2026-01-31T22:09:47.0602321Z -- Could NOT find Doxygen (missing: DOXYGEN_EXECUTABLE) 
Build on ubuntu-latest for linux	Configure CMake	2026-01-31T22:09:47.0603687Z -- Using X11 for window creation
Build on ubuntu-latest for linux	Configure CMake	2026-01-31T22:09:47.1294482Z -- Found X11: /usr/include
Build on ubuntu-latest for linux	Configure CMake	2026-01-31T22:09:47.1342823Z -- Looking for XOpenDisplay in /usr/lib/x86_64-linux-gnu/libX11.so;/usr/lib/x86_64-linux-gnu/libXext.so
Build on ubuntu-latest for linux	Configure CMake	2026-01-31T22:09:47.1929778Z -- Looking for XOpenDisplay in /usr/lib/x86_64-linux-gnu/libX11.so;/usr/lib/x86_64-linux-gnu/libXext.so - found
Build on ubuntu-latest for linux	Configure CMake	2026-01-31T22:09:47.1930924Z -- Looking for gethostbyname
Build on ubuntu-latest for linux	Configure CMake	2026-01-31T22:09:47.2434662Z -- Looking for gethostbyname - found
Build on ubuntu-latest for linux	Configure CMake	2026-01-31T22:09:47.2435306Z -- Looking for connect
Build on ubuntu-latest for linux	Configure CMake	2026-01-31T22:09:47.2943906Z -- Looking for connect - found
Build on ubuntu-latest for linux	Configure CMake	2026-01-31T22:09:47.2944401Z -- Looking for remove
Build on ubuntu-latest for linux	Configure CMake	2026-01-31T22:09:47.3451392Z -- Looking for remove - found
Build on ubuntu-latest for linux	Configure CMake	2026-01-31T22:09:47.3452043Z -- Looking for shmat
Build on ubuntu-latest for linux	Configure CMake	2026-01-31T22:09:47.3964948Z -- Looking for shmat - found
Build on ubuntu-latest for linux	Configure CMake	2026-01-31T22:10:03.6221486Z CMake Warning (dev) at /usr/local/share/cmake-3.31/Modules/FetchContent.cmake:1953 (message):
Build on ubuntu-latest for linux	Configure CMake	2026-01-31T22:10:03.6222410Z   Calling FetchContent_Populate(imgui_filedialog) is deprecated, call
Build on ubuntu-latest for linux	Configure CMake	2026-01-31T22:10:03.6223020Z   FetchContent_MakeAvailable(imgui_filedialog) instead.  Policy CMP0169 can
Build on ubuntu-latest for linux	Configure CMake	2026-01-31T22:10:03.6223616Z   be set to OLD to allow FetchContent_Populate(imgui_filedialog) to be called
Build on ubuntu-latest for linux	Configure CMake	2026-01-31T22:10:03.6224170Z   directly for now, but the ability to call it with declared details will be
Build on ubuntu-latest for linux	Configure CMake	2026-01-31T22:10:03.6224645Z   removed completely in a future version.
Build on ubuntu-latest for linux	Configure CMake	2026-01-31T22:10:03.6224963Z Call Stack (most recent call first):
Build on ubuntu-latest for linux	Configure CMake	2026-01-31T22:10:03.6225294Z   CMakeLists.txt:102 (FetchContent_Populate)
Build on ubuntu-latest for linux	Configure CMake	2026-01-31T22:10:03.6225747Z This warning is for project developers.  Use -Wno-dev to suppress it.
Build on ubuntu-latest for linux	Configure CMake	2026-01-31T22:10:03.6226077Z 
Build on ubuntu-latest for linux	Configure CMake	2026-01-31T22:10:05.1774661Z -- Found OpenGL: /usr/lib/x86_64-linux-gnu/libOpenGL.so
Build on ubuntu-latest for linux	Configure CMake	2026-01-31T22:10:05.1802880Z CMake Error at CMakeLists.txt:111 (target_link_libraries):
Build on ubuntu-latest for linux	Configure CMake	2026-01-31T22:10:05.1803786Z   Cannot specify link libraries for target "imgui" which is not built by this
Build on ubuntu-latest for linux	Configure CMake	2026-01-31T22:10:05.1804520Z   project.
Build on ubuntu-latest for linux	Configure CMake	2026-01-31T22:10:05.1804708Z 
Build on ubuntu-latest for linux	Configure CMake	2026-01-31T22:10:05.1804717Z 
Build on ubuntu-latest for linux	Configure CMake	2026-01-31T22:10:05.1804930Z -- Configuring incomplete, errors occurred!
Build on ubuntu-latest for linux	Configure CMake	2026-01-31T22:10:05.1888466Z ##[error]Process completed with exit code 1.
Build on ubuntu-latest for linux	Post Checkout code	ï»¿2026-01-31T22:10:05.1989920Z Post job cleanup.
Build on ubuntu-latest for linux	Post Checkout code	2026-01-31T22:10:05.2923362Z [command]/usr/bin/git version
Build on ubuntu-latest for linux	Post Checkout code	2026-01-31T22:10:05.2959009Z git version 2.52.0
Build on ubuntu-latest for linux	Post Checkout code	2026-01-31T22:10:05.3001914Z Temporarily overriding HOME='/home/runner/work/_temp/924e871f-02c6-4aa8-b132-78dafddf6e1f' before making global git config changes
Build on ubuntu-latest for linux	Post Checkout code	2026-01-31T22:10:05.3003264Z Adding repository directory to the temporary git global config as a safe directory
Build on ubuntu-latest for linux	Post Checkout code	2026-01-31T22:10:05.3007763Z [command]/usr/bin/git config --global --add safe.directory /home/runner/work/motor-curve-control/motor-curve-control
Build on ubuntu-latest for linux	Post Checkout code	2026-01-31T22:10:05.3043471Z [command]/usr/bin/git config --local --name-only --get-regexp core\.sshCommand
Build on ubuntu-latest for linux	Post Checkout code	2026-01-31T22:10:05.3075928Z [command]/usr/bin/git submodule foreach --recursive sh -c "git config --local --name-only --get-regexp 'core\.sshCommand' && git config --local --unset-all 'core.sshCommand' || :"
Build on ubuntu-latest for linux	Post Checkout code	2026-01-31T22:10:05.3299048Z [command]/usr/bin/git config --local --name-only --get-regexp http\.https\:\/\/github\.com\/\.extraheader
Build on ubuntu-latest for linux	Post Checkout code	2026-01-31T22:10:05.3319326Z http.https://github.com/.extraheader
Build on ubuntu-latest for linux	Post Checkout code	2026-01-31T22:10:05.3332030Z [command]/usr/bin/git config --local --unset-all http.https://github.com/.extraheader
Build on ubuntu-latest for linux	Post Checkout code	2026-01-31T22:10:05.3361530Z [command]/usr/bin/git submodule foreach --recursive sh -c "git config --local --name-only --get-regexp 'http\.https\:\/\/github\.com\/\.extraheader' && git config --local --unset-all 'http.https://github.com/.extraheader' || :"
Build on ubuntu-latest for linux	Post Checkout code	2026-01-31T22:10:05.3578205Z [command]/usr/bin/git config --local --name-only --get-regexp ^includeIf\.gitdir:
Build on ubuntu-latest for linux	Post Checkout code	2026-01-31T22:10:05.3607581Z [command]/usr/bin/git submodule foreach --recursive git config --local --show-origin --name-only --get-regexp remote.origin.url
Build on ubuntu-latest for linux	Complete job	ï»¿2026-01-31T22:10:05.3930894Z Cleaning up orphan processes
